../../Appli/../../Appli/TouchGFX/gui/include/gui/screen1_screen/Screen1Presenter.hpp:28:13:Screen1Presenter::~Screen1Presenter()	0	static
C:/Users/HP/Workspace_STM32H7S_DK/STM32H7_Test/Appli/TouchGFX/gui/src/screen1_screen/Screen1Presenter.cpp:10:6:virtual void Screen1Presenter::activate()	0	static
../../Appli/../../Appli/TouchGFX/gui/include/gui/screen1_screen/Screen1Presenter.hpp:28:13:virtual Screen1Presenter::~Screen1Presenter()	8	static
C:/Users/HP/Workspace_STM32H7S_DK/STM32H7_Test/Appli/TouchGFX/gui/src/screen1_screen/Screen1Presenter.cpp:20:6:virtual void Screen1Presenter::updateTemp(float)	0	static
C:/Users/HP/Workspace_STM32H7S_DK/STM32H7_Test/Appli/TouchGFX/gui/src/screen1_screen/Screen1Presenter.cpp:24:6:virtual void Screen1Presenter::updateHumi(int)	0	static
C:/Users/HP/Workspace_STM32H7S_DK/STM32H7_Test/Appli/TouchGFX/gui/src/screen1_screen/Screen1Presenter.cpp:27:6:virtual void Screen1Presenter::updatePres(int)	0	static
C:/Users/HP/Workspace_STM32H7S_DK/STM32H7_Test/Appli/TouchGFX/gui/src/screen1_screen/Screen1Presenter.cpp:31:6:virtual void Screen1Presenter::updateCity(char*)	0	static
C:/Users/HP/Workspace_STM32H7S_DK/STM32H7_Test/Appli/TouchGFX/gui/src/screen1_screen/Screen1Presenter.cpp:34:6:virtual void Screen1Presenter::updateYear(int)	0	static
C:/Users/HP/Workspace_STM32H7S_DK/STM32H7_Test/Appli/TouchGFX/gui/src/screen1_screen/Screen1Presenter.cpp:37:6:virtual void Screen1Presenter::updateMonth(int)	0	static
C:/Users/HP/Workspace_STM32H7S_DK/STM32H7_Test/Appli/TouchGFX/gui/src/screen1_screen/Screen1Presenter.cpp:40:6:virtual void Screen1Presenter::updateDay(int)	0	static
C:/Users/HP/Workspace_STM32H7S_DK/STM32H7_Test/Appli/TouchGFX/gui/src/screen1_screen/Screen1Presenter.cpp:43:6:virtual void Screen1Presenter::updateHour(int)	0	static
C:/Users/HP/Workspace_STM32H7S_DK/STM32H7_Test/Appli/TouchGFX/gui/src/screen1_screen/Screen1Presenter.cpp:46:6:virtual void Screen1Presenter::updateMinute(int)	0	static
C:/Users/HP/Workspace_STM32H7S_DK/STM32H7_Test/Appli/TouchGFX/gui/src/screen1_screen/Screen1Presenter.cpp:49:6:virtual void Screen1Presenter::updateIcon(char*)	0	static
C:/Users/HP/Workspace_STM32H7S_DK/STM32H7_Test/Appli/TouchGFX/gui/src/screen1_screen/Screen1Presenter.cpp:52:6:virtual void Screen1Presenter::updateDescription(char*)	0	static
../../Appli/../../Appli/TouchGFX/gui/include/gui/screen1_screen/Screen1Presenter.hpp:28:13:virtual void* Screen1Presenter::_ZThn4_N16Screen1PresenterD1Ev()	0	static
C:/Users/HP/Workspace_STM32H7S_DK/STM32H7_Test/Appli/TouchGFX/gui/src/screen1_screen/Screen1Presenter.cpp:4:1:Screen1Presenter::Screen1Presenter(Screen1View&)	0	static
