../../Appli/../../Appli/Middlewares/ST/touchgfx/framework/include/touchgfx/Screen.hpp:104:18:virtual void touchgfx::Screen::afterTransition()	0	static
../../Appli/../../Appli/Middlewares/ST/touchgfx/framework/include/touchgfx/Screen.hpp:144:18:virtual void touchgfx::Screen::handleTickEvent()	0	static
../../Appli/../../Appli/Middlewares/ST/touchgfx/framework/include/touchgfx/Screen.hpp:154:18:virtual void touchgfx::Screen::handleKeyEvent(uint8_t)	0	static
C:/Users/HP/Workspace_STM32H7S_DK/STM32H7_Test/Appli/TouchGFX/gui/src/screen1_screen/Screen1View.cpp:46:6:virtual void Screen1View::tearDownScreen()	0	static
../../Appli/../../Appli/TouchGFX/gui/include/gui/screen1_screen/Screen1View.hpp:12:13:Screen1View::~Screen1View()	8	static
../../Appli/../../Appli/TouchGFX/gui/include/gui/screen1_screen/Screen1View.hpp:12:13:virtual Screen1View::~Screen1View()	8	static
C:/Users/HP/Workspace_STM32H7S_DK/STM32H7_Test/Appli/TouchGFX/gui/src/screen1_screen/Screen1View.cpp:24:13:const char* enumToString(WeatherType)	0	static
C:/Users/HP/Workspace_STM32H7S_DK/STM32H7_Test/Appli/TouchGFX/gui/src/screen1_screen/Screen1View.cpp:36:1:Screen1View::Screen1View()	8	static
C:/Users/HP/Workspace_STM32H7S_DK/STM32H7_Test/Appli/TouchGFX/gui/src/screen1_screen/Screen1View.cpp:41:6:virtual void Screen1View::setupScreen()	0	static
C:/Users/HP/Workspace_STM32H7S_DK/STM32H7_Test/Appli/TouchGFX/gui/src/screen1_screen/Screen1View.cpp:51:6:void Screen1View::updateTemp(float)	16	static
C:/Users/HP/Workspace_STM32H7S_DK/STM32H7_Test/Appli/TouchGFX/gui/src/screen1_screen/Screen1View.cpp:62:6:void Screen1View::updateHumi(int)	8	static
C:/Users/HP/Workspace_STM32H7S_DK/STM32H7_Test/Appli/TouchGFX/gui/src/screen1_screen/Screen1View.cpp:73:6:void Screen1View::updatePres(int)	8	static
C:/Users/HP/Workspace_STM32H7S_DK/STM32H7_Test/Appli/TouchGFX/gui/src/screen1_screen/Screen1View.cpp:78:6:void Screen1View::updateYear(int)	8	static
C:/Users/HP/Workspace_STM32H7S_DK/STM32H7_Test/Appli/TouchGFX/gui/src/screen1_screen/Screen1View.cpp:83:6:void Screen1View::updateMonth(int)	8	static
C:/Users/HP/Workspace_STM32H7S_DK/STM32H7_Test/Appli/TouchGFX/gui/src/screen1_screen/Screen1View.cpp:88:6:void Screen1View::updateDay(int)	8	static
C:/Users/HP/Workspace_STM32H7S_DK/STM32H7_Test/Appli/TouchGFX/gui/src/screen1_screen/Screen1View.cpp:93:6:void Screen1View::updateHour(int)	8	static
C:/Users/HP/Workspace_STM32H7S_DK/STM32H7_Test/Appli/TouchGFX/gui/src/screen1_screen/Screen1View.cpp:168:6:void Screen1View::updateMinute(int)	8	static
C:/Users/HP/Workspace_STM32H7S_DK/STM32H7_Test/Appli/TouchGFX/gui/src/screen1_screen/Screen1View.cpp:175:6:void Screen1View::updateCity(char*)	8	static
C:/Users/HP/Workspace_STM32H7S_DK/STM32H7_Test/Appli/TouchGFX/gui/src/screen1_screen/Screen1View.cpp:180:6:void Screen1View::updateDescription(char*)	8	static
C:/Users/HP/Workspace_STM32H7S_DK/STM32H7_Test/Appli/TouchGFX/gui/src/screen1_screen/Screen1View.cpp:106:6:void Screen1View::updateIcon(char*)	24	static
