C:/Users/HP/git/STM32H7S78-DK-and-ESP8266_01_Openweather_Keyboard/Boot/Core/Src/main.c:73:5:main	6
C:/Users/HP/git/STM32H7S78-DK-and-ESP8266_01_Openweather_Keyboard/Boot/Core/Src/main.c:136:6:SystemClock_Config	4
C:/Users/HP/git/STM32H7S78-DK-and-ESP8266_01_Openweather_Keyboard/Boot/Core/Src/main.c:213:13:MX_FLASH_Init	10
C:/Users/HP/git/STM32H7S78-DK-and-ESP8266_01_Openweather_Keyboard/Boot/Core/Src/main.c:269:13:MX_HPDMA1_Init	1
C:/Users/HP/git/STM32H7S78-DK-and-ESP8266_01_Openweather_Keyboard/Boot/Core/Src/main.c:293:13:MX_SBS_Init	1
C:/Users/HP/git/STM32H7S78-DK-and-ESP8266_01_Openweather_Keyboard/Boot/Core/Src/main.c:314:13:MX_XSPI1_Init	3
C:/Users/HP/git/STM32H7S78-DK-and-ESP8266_01_Openweather_Keyboard/Boot/Core/Src/main.c:364:13:MX_XSPI2_Init	3
C:/Users/HP/git/STM32H7S78-DK-and-ESP8266_01_Openweather_Keyboard/Boot/Core/Src/main.c:414:13:MX_GPIO_Init	1
C:/Users/HP/git/STM32H7S78-DK-and-ESP8266_01_Openweather_Keyboard/Boot/Core/Src/main.c:436:6:Error_Handler	1
