C:/Users/HP/Workspace_STM32H7S_DK/STM32H7_Test/Drivers/STM32H7RSxx_HAL_Driver/Src/stm32h7rsxx_hal_i2c.c:6967:13:I2C_Flush_TXDR	0	static
C:/Users/HP/Workspace_STM32H7S_DK/STM32H7_Test/Drivers/STM32H7RSxx_HAL_Driver/Src/stm32h7rsxx_hal_i2c.c:7590:13:I2C_TransferConfig	12	static
C:/Users/HP/Workspace_STM32H7S_DK/STM32H7_Test/Drivers/STM32H7RSxx_HAL_Driver/Src/stm32h7rsxx_hal_i2c.c:7617:13:I2C_Enable_IRQ	16	static
C:/Users/HP/Workspace_STM32H7S_DK/STM32H7_Test/Drivers/STM32H7RSxx_HAL_Driver/Src/stm32h7rsxx_hal_i2c.c:7712:13:I2C_Disable_IRQ	0	static
C:/Users/HP/Workspace_STM32H7S_DK/STM32H7_Test/Drivers/STM32H7RSxx_HAL_Driver/Src/stm32h7rsxx_hal_i2c.c:7449:26:I2C_IsErrorOccurred	24	static
C:/Users/HP/Workspace_STM32H7S_DK/STM32H7_Test/Drivers/STM32H7RSxx_HAL_Driver/Src/stm32h7rsxx_hal_i2c.c:7293:26:I2C_WaitOnTXISFlagUntilTimeout	16	static
C:/Users/HP/Workspace_STM32H7S_DK/STM32H7_Test/Drivers/STM32H7RSxx_HAL_Driver/Src/stm32h7rsxx_hal_i2c.c:7253:26:I2C_WaitOnFlagUntilTimeout	24	static
C:/Users/HP/Workspace_STM32H7S_DK/STM32H7_Test/Drivers/STM32H7RSxx_HAL_Driver/Src/stm32h7rsxx_hal_i2c.c:7334:26:I2C_WaitOnSTOPFlagUntilTimeout	16	static
C:/Users/HP/Workspace_STM32H7S_DK/STM32H7_Test/Drivers/STM32H7RSxx_HAL_Driver/Src/stm32h7rsxx_hal_i2c.c:7372:26:I2C_WaitOnRXNEFlagUntilTimeout	32	static
C:/Users/HP/Workspace_STM32H7S_DK/STM32H7_Test/Drivers/STM32H7RSxx_HAL_Driver/Src/stm32h7rsxx_hal_i2c.c:7775:13:I2C_ConvertOtherXferOptions	0	static
C:/Users/HP/Workspace_STM32H7S_DK/STM32H7_Test/Drivers/STM32H7RSxx_HAL_Driver/Src/stm32h7rsxx_hal_i2c.c:702:13:HAL_I2C_MspInit	0	static
C:/Users/HP/Workspace_STM32H7S_DK/STM32H7_Test/Drivers/STM32H7RSxx_HAL_Driver/Src/stm32h7rsxx_hal_i2c.c:541:19:HAL_I2C_Init	8	static
C:/Users/HP/Workspace_STM32H7S_DK/STM32H7_Test/Drivers/STM32H7RSxx_HAL_Driver/Src/stm32h7rsxx_hal_i2c.c:718:13:HAL_I2C_MspDeInit	0	static
C:/Users/HP/Workspace_STM32H7S_DK/STM32H7_Test/Drivers/STM32H7RSxx_HAL_Driver/Src/stm32h7rsxx_hal_i2c.c:656:19:HAL_I2C_DeInit	8	static
C:/Users/HP/Workspace_STM32H7S_DK/STM32H7_Test/Drivers/STM32H7RSxx_HAL_Driver/Src/stm32h7rsxx_hal_i2c.c:1125:19:HAL_I2C_Master_Transmit	40	static
C:/Users/HP/Workspace_STM32H7S_DK/STM32H7_Test/Drivers/STM32H7RSxx_HAL_Driver/Src/stm32h7rsxx_hal_i2c.c:1244:19:HAL_I2C_Master_Receive	40	static
C:/Users/HP/Workspace_STM32H7S_DK/STM32H7_Test/Drivers/STM32H7RSxx_HAL_Driver/Src/stm32h7rsxx_hal_i2c.c:1362:19:HAL_I2C_Slave_Transmit	40	static
C:/Users/HP/Workspace_STM32H7S_DK/STM32H7_Test/Drivers/STM32H7RSxx_HAL_Driver/Src/stm32h7rsxx_hal_i2c.c:1549:19:HAL_I2C_Slave_Receive	40	static
C:/Users/HP/Workspace_STM32H7S_DK/STM32H7_Test/Drivers/STM32H7RSxx_HAL_Driver/Src/stm32h7rsxx_hal_i2c.c:1679:19:HAL_I2C_Master_Transmit_IT	24	static
C:/Users/HP/Workspace_STM32H7S_DK/STM32H7_Test/Drivers/STM32H7RSxx_HAL_Driver/Src/stm32h7rsxx_hal_i2c.c:1750:19:HAL_I2C_Master_Receive_IT	24	static
C:/Users/HP/Workspace_STM32H7S_DK/STM32H7_Test/Drivers/STM32H7RSxx_HAL_Driver/Src/stm32h7rsxx_hal_i2c.c:1819:19:HAL_I2C_Slave_Transmit_IT	8	static
C:/Users/HP/Workspace_STM32H7S_DK/STM32H7_Test/Drivers/STM32H7RSxx_HAL_Driver/Src/stm32h7rsxx_hal_i2c.c:1883:19:HAL_I2C_Slave_Receive_IT	16	static
C:/Users/HP/Workspace_STM32H7S_DK/STM32H7_Test/Drivers/STM32H7RSxx_HAL_Driver/Src/stm32h7rsxx_hal_i2c.c:1936:19:HAL_I2C_Master_Transmit_DMA	32	static
C:/Users/HP/Workspace_STM32H7S_DK/STM32H7_Test/Drivers/STM32H7RSxx_HAL_Driver/Src/stm32h7rsxx_hal_i2c.c:2117:19:HAL_I2C_Master_Receive_DMA	32	static
C:/Users/HP/Workspace_STM32H7S_DK/STM32H7_Test/Drivers/STM32H7RSxx_HAL_Driver/Src/stm32h7rsxx_hal_i2c.c:2296:19:HAL_I2C_Slave_Transmit_DMA	16	static
C:/Users/HP/Workspace_STM32H7S_DK/STM32H7_Test/Drivers/STM32H7RSxx_HAL_Driver/Src/stm32h7rsxx_hal_i2c.c:2466:19:HAL_I2C_Slave_Receive_DMA	16	static
C:/Users/HP/Workspace_STM32H7S_DK/STM32H7_Test/Drivers/STM32H7RSxx_HAL_Driver/Src/stm32h7rsxx_hal_i2c.c:2610:19:HAL_I2C_Mem_Write	48	static
C:/Users/HP/Workspace_STM32H7S_DK/STM32H7_Test/Drivers/STM32H7RSxx_HAL_Driver/Src/stm32h7rsxx_hal_i2c.c:2747:19:HAL_I2C_Mem_Read	48	static
C:/Users/HP/Workspace_STM32H7S_DK/STM32H7_Test/Drivers/STM32H7RSxx_HAL_Driver/Src/stm32h7rsxx_hal_i2c.c:2884:19:HAL_I2C_Mem_Write_IT	32	static
C:/Users/HP/Workspace_STM32H7S_DK/STM32H7_Test/Drivers/STM32H7RSxx_HAL_Driver/Src/stm32h7rsxx_hal_i2c.c:2972:19:HAL_I2C_Mem_Read_IT	32	static
C:/Users/HP/Workspace_STM32H7S_DK/STM32H7_Test/Drivers/STM32H7RSxx_HAL_Driver/Src/stm32h7rsxx_hal_i2c.c:3060:19:HAL_I2C_Mem_Write_DMA	32	static
C:/Users/HP/Workspace_STM32H7S_DK/STM32H7_Test/Drivers/STM32H7RSxx_HAL_Driver/Src/stm32h7rsxx_hal_i2c.c:3240:19:HAL_I2C_Mem_Read_DMA	32	static
C:/Users/HP/Workspace_STM32H7S_DK/STM32H7_Test/Drivers/STM32H7RSxx_HAL_Driver/Src/stm32h7rsxx_hal_i2c.c:3420:19:HAL_I2C_IsDeviceReady	48	static
C:/Users/HP/Workspace_STM32H7S_DK/STM32H7_Test/Drivers/STM32H7RSxx_HAL_Driver/Src/stm32h7rsxx_hal_i2c.c:3546:19:HAL_I2C_Master_Seq_Transmit_IT	24	static
C:/Users/HP/Workspace_STM32H7S_DK/STM32H7_Test/Drivers/STM32H7RSxx_HAL_Driver/Src/stm32h7rsxx_hal_i2c.c:3638:19:HAL_I2C_Master_Seq_Transmit_DMA	40	static
C:/Users/HP/Workspace_STM32H7S_DK/STM32H7_Test/Drivers/STM32H7RSxx_HAL_Driver/Src/stm32h7rsxx_hal_i2c.c:3841:19:HAL_I2C_Master_Seq_Receive_IT	24	static
C:/Users/HP/Workspace_STM32H7S_DK/STM32H7_Test/Drivers/STM32H7RSxx_HAL_Driver/Src/stm32h7rsxx_hal_i2c.c:3929:19:HAL_I2C_Master_Seq_Receive_DMA	40	static
C:/Users/HP/Workspace_STM32H7S_DK/STM32H7_Test/Drivers/STM32H7RSxx_HAL_Driver/Src/stm32h7rsxx_hal_i2c.c:4129:19:HAL_I2C_Slave_Seq_Transmit_IT	24	static
C:/Users/HP/Workspace_STM32H7S_DK/STM32H7_Test/Drivers/STM32H7RSxx_HAL_Driver/Src/stm32h7rsxx_hal_i2c.c:4232:19:HAL_I2C_Slave_Seq_Transmit_DMA	24	static
C:/Users/HP/Workspace_STM32H7S_DK/STM32H7_Test/Drivers/STM32H7RSxx_HAL_Driver/Src/stm32h7rsxx_hal_i2c.c:4451:19:HAL_I2C_Slave_Seq_Receive_IT	24	static
C:/Users/HP/Workspace_STM32H7S_DK/STM32H7_Test/Drivers/STM32H7RSxx_HAL_Driver/Src/stm32h7rsxx_hal_i2c.c:4554:19:HAL_I2C_Slave_Seq_Receive_DMA	24	static
C:/Users/HP/Workspace_STM32H7S_DK/STM32H7_Test/Drivers/STM32H7RSxx_HAL_Driver/Src/stm32h7rsxx_hal_i2c.c:4769:19:HAL_I2C_EnableListen_IT	8	static
C:/Users/HP/Workspace_STM32H7S_DK/STM32H7_Test/Drivers/STM32H7RSxx_HAL_Driver/Src/stm32h7rsxx_hal_i2c.c:4793:19:HAL_I2C_DisableListen_IT	8	static
C:/Users/HP/Workspace_STM32H7S_DK/STM32H7_Test/Drivers/STM32H7RSxx_HAL_Driver/Src/stm32h7rsxx_hal_i2c.c:4826:19:HAL_I2C_Master_Abort_IT	24	static
C:/Users/HP/Workspace_STM32H7S_DK/STM32H7_Test/Drivers/STM32H7RSxx_HAL_Driver/Src/stm32h7rsxx_hal_i2c.c:4890:6:HAL_I2C_EV_IRQHandler	0	static
C:/Users/HP/Workspace_STM32H7S_DK/STM32H7_Test/Drivers/STM32H7RSxx_HAL_Driver/Src/stm32h7rsxx_hal_i2c.c:4961:13:HAL_I2C_MasterTxCpltCallback	0	static
C:/Users/HP/Workspace_STM32H7S_DK/STM32H7_Test/Drivers/STM32H7RSxx_HAL_Driver/Src/stm32h7rsxx_hal_i2c.c:4977:13:HAL_I2C_MasterRxCpltCallback	0	static
C:/Users/HP/Workspace_STM32H7S_DK/STM32H7_Test/Drivers/STM32H7RSxx_HAL_Driver/Src/stm32h7rsxx_hal_i2c.c:6253:13:I2C_ITMasterSeqCplt	16	static
C:/Users/HP/Workspace_STM32H7S_DK/STM32H7_Test/Drivers/STM32H7RSxx_HAL_Driver/Src/stm32h7rsxx_hal_i2c.c:4992:13:HAL_I2C_SlaveTxCpltCallback	0	static
C:/Users/HP/Workspace_STM32H7S_DK/STM32H7_Test/Drivers/STM32H7RSxx_HAL_Driver/Src/stm32h7rsxx_hal_i2c.c:5008:13:HAL_I2C_SlaveRxCpltCallback	0	static
C:/Users/HP/Workspace_STM32H7S_DK/STM32H7_Test/Drivers/STM32H7RSxx_HAL_Driver/Src/stm32h7rsxx_hal_i2c.c:6306:13:I2C_ITSlaveSeqCplt	8	static
C:/Users/HP/Workspace_STM32H7S_DK/STM32H7_Test/Drivers/STM32H7RSxx_HAL_Driver/Src/stm32h7rsxx_hal_i2c.c:7067:13:I2C_DMASlaveTransmitCplt	0	static
C:/Users/HP/Workspace_STM32H7S_DK/STM32H7_Test/Drivers/STM32H7RSxx_HAL_Driver/Src/stm32h7rsxx_hal_i2c.c:7174:13:I2C_DMASlaveReceiveCplt	16	static
C:/Users/HP/Workspace_STM32H7S_DK/STM32H7_Test/Drivers/STM32H7RSxx_HAL_Driver/Src/stm32h7rsxx_hal_i2c.c:5026:13:HAL_I2C_AddrCallback	0	static
C:/Users/HP/Workspace_STM32H7S_DK/STM32H7_Test/Drivers/STM32H7RSxx_HAL_Driver/Src/stm32h7rsxx_hal_i2c.c:6158:13:I2C_ITAddrCplt.constprop	24	static
C:/Users/HP/Workspace_STM32H7S_DK/STM32H7_Test/Drivers/STM32H7RSxx_HAL_Driver/Src/stm32h7rsxx_hal_i2c.c:5044:13:HAL_I2C_ListenCpltCallback	0	static
C:/Users/HP/Workspace_STM32H7S_DK/STM32H7_Test/Drivers/STM32H7RSxx_HAL_Driver/Src/stm32h7rsxx_hal_i2c.c:6743:13:I2C_ITListenCplt	8	static
C:/Users/HP/Workspace_STM32H7S_DK/STM32H7_Test/Drivers/STM32H7RSxx_HAL_Driver/Src/stm32h7rsxx_hal_i2c.c:5060:13:HAL_I2C_MemTxCpltCallback	0	static
C:/Users/HP/Workspace_STM32H7S_DK/STM32H7_Test/Drivers/STM32H7RSxx_HAL_Driver/Src/stm32h7rsxx_hal_i2c.c:5076:13:HAL_I2C_MemRxCpltCallback	0	static
C:/Users/HP/Workspace_STM32H7S_DK/STM32H7_Test/Drivers/STM32H7RSxx_HAL_Driver/Src/stm32h7rsxx_hal_i2c.c:5092:13:HAL_I2C_ErrorCallback	0	static
C:/Users/HP/Workspace_STM32H7S_DK/STM32H7_Test/Drivers/STM32H7RSxx_HAL_Driver/Src/stm32h7rsxx_hal_i2c.c:5108:13:HAL_I2C_AbortCpltCallback	0	static
C:/Users/HP/Workspace_STM32H7S_DK/STM32H7_Test/Drivers/STM32H7RSxx_HAL_Driver/Src/stm32h7rsxx_hal_i2c.c:6929:13:I2C_TreatErrorCallback	8	static
C:/Users/HP/Workspace_STM32H7S_DK/STM32H7_Test/Drivers/STM32H7RSxx_HAL_Driver/Src/stm32h7rsxx_hal_i2c.c:6794:13:I2C_ITError	16	static
C:/Users/HP/Workspace_STM32H7S_DK/STM32H7_Test/Drivers/STM32H7RSxx_HAL_Driver/Src/stm32h7rsxx_hal_i2c.c:6382:13:I2C_ITMasterCplt	24	static
C:/Users/HP/Workspace_STM32H7S_DK/STM32H7_Test/Drivers/STM32H7RSxx_HAL_Driver/Src/stm32h7rsxx_hal_i2c.c:5191:26:I2C_Master_ISR_IT	24	static
C:/Users/HP/Workspace_STM32H7S_DK/STM32H7_Test/Drivers/STM32H7RSxx_HAL_Driver/Src/stm32h7rsxx_hal_i2c.c:5761:26:I2C_Mem_ISR_DMA	16	static
C:/Users/HP/Workspace_STM32H7S_DK/STM32H7_Test/Drivers/STM32H7RSxx_HAL_Driver/Src/stm32h7rsxx_hal_i2c.c:5621:26:I2C_Master_ISR_DMA	24	static
C:/Users/HP/Workspace_STM32H7S_DK/STM32H7_Test/Drivers/STM32H7RSxx_HAL_Driver/Src/stm32h7rsxx_hal_i2c.c:7203:13:I2C_DMAError	0	static
C:/Users/HP/Workspace_STM32H7S_DK/STM32H7_Test/Drivers/STM32H7RSxx_HAL_Driver/Src/stm32h7rsxx_hal_i2c.c:6989:13:I2C_DMAMasterTransmitCplt	16	static
C:/Users/HP/Workspace_STM32H7S_DK/STM32H7_Test/Drivers/STM32H7RSxx_HAL_Driver/Src/stm32h7rsxx_hal_i2c.c:7096:13:I2C_DMAMasterReceiveCplt	16	static
C:/Users/HP/Workspace_STM32H7S_DK/STM32H7_Test/Drivers/STM32H7RSxx_HAL_Driver/Src/stm32h7rsxx_hal_i2c.c:5337:26:I2C_Mem_ISR_IT	24	static
C:/Users/HP/Workspace_STM32H7S_DK/STM32H7_Test/Drivers/STM32H7RSxx_HAL_Driver/Src/stm32h7rsxx_hal_i2c.c:4909:6:HAL_I2C_ER_IRQHandler	4	static
C:/Users/HP/Workspace_STM32H7S_DK/STM32H7_Test/Drivers/STM32H7RSxx_HAL_Driver/Src/stm32h7rsxx_hal_i2c.c:6525:13:I2C_ITSlaveCplt.constprop	24	static
C:/Users/HP/Workspace_STM32H7S_DK/STM32H7_Test/Drivers/STM32H7RSxx_HAL_Driver/Src/stm32h7rsxx_hal_i2c.c:5909:26:I2C_Slave_ISR_DMA	24	static
C:/Users/HP/Workspace_STM32H7S_DK/STM32H7_Test/Drivers/STM32H7RSxx_HAL_Driver/Src/stm32h7rsxx_hal_i2c.c:5480:26:I2C_Slave_ISR_IT	16	static
C:/Users/HP/Workspace_STM32H7S_DK/STM32H7_Test/Drivers/STM32H7RSxx_HAL_Driver/Src/stm32h7rsxx_hal_i2c.c:7222:13:I2C_DMAAbort	0	static
C:/Users/HP/Workspace_STM32H7S_DK/STM32H7_Test/Drivers/STM32H7RSxx_HAL_Driver/Src/stm32h7rsxx_hal_i2c.c:5143:22:HAL_I2C_GetState	0	static
C:/Users/HP/Workspace_STM32H7S_DK/STM32H7_Test/Drivers/STM32H7RSxx_HAL_Driver/Src/stm32h7rsxx_hal_i2c.c:5155:21:HAL_I2C_GetMode	0	static
C:/Users/HP/Workspace_STM32H7S_DK/STM32H7_Test/Drivers/STM32H7RSxx_HAL_Driver/Src/stm32h7rsxx_hal_i2c.c:5166:10:HAL_I2C_GetError	0	static
