C:/Users/HP/Workspace_STM32H7S_DK/STM32H7_Test/Drivers/STM32H7RSxx_HAL_Driver/Src/stm32h7rsxx_hal_jpeg.c:2547:26:JPEG_Bits_To_SizeCodes	20	static
C:/Users/HP/Workspace_STM32H7S_DK/STM32H7_Test/Drivers/STM32H7RSxx_HAL_Driver/Src/stm32h7rsxx_hal_jpeg.c:2672:26:JPEG_DCHuff_BitsVals_To_SizeCodes	1320	static
C:/Users/HP/Workspace_STM32H7S_DK/STM32H7_Test/Drivers/STM32H7RSxx_HAL_Driver/Src/stm32h7rsxx_hal_jpeg.c:2717:26:JPEG_Set_HuffDC_Mem	88	static
C:/Users/HP/Workspace_STM32H7S_DK/STM32H7_Test/Drivers/STM32H7RSxx_HAL_Driver/Src/stm32h7rsxx_hal_jpeg.c:2780:26:JPEG_Set_HuffAC_Mem	2128	static
C:/Users/HP/Workspace_STM32H7S_DK/STM32H7_Test/Drivers/STM32H7RSxx_HAL_Driver/Src/stm32h7rsxx_hal_jpeg.c:3096:17:JPEG_Set_Quantization_Mem	24	static
C:/Users/HP/Workspace_STM32H7S_DK/STM32H7_Test/Drivers/STM32H7RSxx_HAL_Driver/Src/stm32h7rsxx_hal_jpeg.c:3312:13:JPEG_Init_Process	0	static
C:/Users/HP/Workspace_STM32H7S_DK/STM32H7_Test/Drivers/STM32H7RSxx_HAL_Driver/Src/stm32h7rsxx_hal_jpeg.c:3698:26:JPEG_DMA_StartProcess	24	static
C:/Users/HP/Workspace_STM32H7S_DK/STM32H7_Test/Drivers/STM32H7RSxx_HAL_Driver/Src/stm32h7rsxx_hal_jpeg.c:690:13:HAL_JPEG_MspInit	0	static
C:/Users/HP/Workspace_STM32H7S_DK/STM32H7_Test/Drivers/STM32H7RSxx_HAL_Driver/Src/stm32h7rsxx_hal_jpeg.c:513:19:HAL_JPEG_Init	24	static
C:/Users/HP/Workspace_STM32H7S_DK/STM32H7_Test/Drivers/STM32H7RSxx_HAL_Driver/Src/stm32h7rsxx_hal_jpeg.c:706:13:HAL_JPEG_MspDeInit	0	static
C:/Users/HP/Workspace_STM32H7S_DK/STM32H7_Test/Drivers/STM32H7RSxx_HAL_Driver/Src/stm32h7rsxx_hal_jpeg.c:639:19:HAL_JPEG_DeInit	8	static
C:/Users/HP/Workspace_STM32H7S_DK/STM32H7_Test/Drivers/STM32H7RSxx_HAL_Driver/Src/stm32h7rsxx_hal_jpeg.c:1130:19:HAL_JPEG_ConfigEncoding	24	static
C:/Users/HP/Workspace_STM32H7S_DK/STM32H7_Test/Drivers/STM32H7RSxx_HAL_Driver/Src/stm32h7rsxx_hal_jpeg.c:1320:19:HAL_JPEG_GetInfo	36	static
C:/Users/HP/Workspace_STM32H7S_DK/STM32H7_Test/Drivers/STM32H7RSxx_HAL_Driver/Src/stm32h7rsxx_hal_jpeg.c:1393:19:HAL_JPEG_EnableHeaderParsing	0	static
C:/Users/HP/Workspace_STM32H7S_DK/STM32H7_Test/Drivers/STM32H7RSxx_HAL_Driver/Src/stm32h7rsxx_hal_jpeg.c:1429:19:HAL_JPEG_DisableHeaderParsing	0	static
C:/Users/HP/Workspace_STM32H7S_DK/STM32H7_Test/Drivers/STM32H7RSxx_HAL_Driver/Src/stm32h7rsxx_hal_jpeg.c:1476:20:HAL_JPEG_SetUserQuantTables	12	static
C:/Users/HP/Workspace_STM32H7S_DK/STM32H7_Test/Drivers/STM32H7RSxx_HAL_Driver/Src/stm32h7rsxx_hal_jpeg.c:1753:20:HAL_JPEG_Encode_IT	16	static
C:/Users/HP/Workspace_STM32H7S_DK/STM32H7_Test/Drivers/STM32H7RSxx_HAL_Driver/Src/stm32h7rsxx_hal_jpeg.c:1825:20:HAL_JPEG_Decode_IT	16	static
C:/Users/HP/Workspace_STM32H7S_DK/STM32H7_Test/Drivers/STM32H7RSxx_HAL_Driver/Src/stm32h7rsxx_hal_jpeg.c:1887:20:HAL_JPEG_Encode_DMA	16	static
C:/Users/HP/Workspace_STM32H7S_DK/STM32H7_Test/Drivers/STM32H7RSxx_HAL_Driver/Src/stm32h7rsxx_hal_jpeg.c:1968:20:HAL_JPEG_Decode_DMA	16	static
C:/Users/HP/Workspace_STM32H7S_DK/STM32H7_Test/Drivers/STM32H7RSxx_HAL_Driver/Src/stm32h7rsxx_hal_jpeg.c:2038:20:HAL_JPEG_Pause	0	static
C:/Users/HP/Workspace_STM32H7S_DK/STM32H7_Test/Drivers/STM32H7RSxx_HAL_Driver/Src/stm32h7rsxx_hal_jpeg.c:2188:6:HAL_JPEG_ConfigInputBuffer	0	static
C:/Users/HP/Workspace_STM32H7S_DK/STM32H7_Test/Drivers/STM32H7RSxx_HAL_Driver/Src/stm32h7rsxx_hal_jpeg.c:2202:6:HAL_JPEG_ConfigOutputBuffer	0	static
C:/Users/HP/Workspace_STM32H7S_DK/STM32H7_Test/Drivers/STM32H7RSxx_HAL_Driver/Src/stm32h7rsxx_hal_jpeg.c:2214:19:HAL_JPEG_Abort	16	static
C:/Users/HP/Workspace_STM32H7S_DK/STM32H7_Test/Drivers/STM32H7RSxx_HAL_Driver/Src/stm32h7rsxx_hal_jpeg.c:2336:13:HAL_JPEG_InfoReadyCallback	0	static
C:/Users/HP/Workspace_STM32H7S_DK/STM32H7_Test/Drivers/STM32H7RSxx_HAL_Driver/Src/stm32h7rsxx_hal_jpeg.c:2353:13:HAL_JPEG_EncodeCpltCallback	0	static
C:/Users/HP/Workspace_STM32H7S_DK/STM32H7_Test/Drivers/STM32H7RSxx_HAL_Driver/Src/stm32h7rsxx_hal_jpeg.c:2369:13:HAL_JPEG_DecodeCpltCallback	0	static
C:/Users/HP/Workspace_STM32H7S_DK/STM32H7_Test/Drivers/STM32H7RSxx_HAL_Driver/Src/stm32h7rsxx_hal_jpeg.c:2385:13:HAL_JPEG_ErrorCallback	0	static
C:/Users/HP/Workspace_STM32H7S_DK/STM32H7_Test/Drivers/STM32H7RSxx_HAL_Driver/Src/stm32h7rsxx_hal_jpeg.c:4176:13:JPEG_DMAErrorCallback	8	static
C:/Users/HP/Workspace_STM32H7S_DK/STM32H7_Test/Drivers/STM32H7RSxx_HAL_Driver/Src/stm32h7rsxx_hal_jpeg.c:2402:13:HAL_JPEG_GetDataCallback	0	static
C:/Users/HP/Workspace_STM32H7S_DK/STM32H7_Test/Drivers/STM32H7RSxx_HAL_Driver/Src/stm32h7rsxx_hal_jpeg.c:3609:13:JPEG_ReadInputData	24	static
C:/Users/HP/Workspace_STM32H7S_DK/STM32H7_Test/Drivers/STM32H7RSxx_HAL_Driver/Src/stm32h7rsxx_hal_jpeg.c:4064:13:JPEG_DMAInCpltCallback	16	static
C:/Users/HP/Workspace_STM32H7S_DK/STM32H7_Test/Drivers/STM32H7RSxx_HAL_Driver/Src/stm32h7rsxx_hal_jpeg.c:2421:13:HAL_JPEG_DataReadyCallback	0	static
C:/Users/HP/Workspace_STM32H7S_DK/STM32H7_Test/Drivers/STM32H7RSxx_HAL_Driver/Src/stm32h7rsxx_hal_jpeg.c:3515:13:JPEG_StoreOutputData	24	static
C:/Users/HP/Workspace_STM32H7S_DK/STM32H7_Test/Drivers/STM32H7RSxx_HAL_Driver/Src/stm32h7rsxx_hal_jpeg.c:3369:17:JPEG_Process	8	static
C:/Users/HP/Workspace_STM32H7S_DK/STM32H7_Test/Drivers/STM32H7RSxx_HAL_Driver/Src/stm32h7rsxx_hal_jpeg.c:1551:20:HAL_JPEG_Encode	32	static
C:/Users/HP/Workspace_STM32H7S_DK/STM32H7_Test/Drivers/STM32H7RSxx_HAL_Driver/Src/stm32h7rsxx_hal_jpeg.c:1657:20:HAL_JPEG_Decode	32	static
C:/Users/HP/Workspace_STM32H7S_DK/STM32H7_Test/Drivers/STM32H7RSxx_HAL_Driver/Src/stm32h7rsxx_hal_jpeg.c:3975:13:JPEG_DMA_PollResidualData	16	static
C:/Users/HP/Workspace_STM32H7S_DK/STM32H7_Test/Drivers/STM32H7RSxx_HAL_Driver/Src/stm32h7rsxx_hal_jpeg.c:2094:20:HAL_JPEG_Resume	16	static
C:/Users/HP/Workspace_STM32H7S_DK/STM32H7_Test/Drivers/STM32H7RSxx_HAL_Driver/Src/stm32h7rsxx_hal_jpeg.c:3895:13:JPEG_DMA_EndProcess	16	static
C:/Users/HP/Workspace_STM32H7S_DK/STM32H7_Test/Drivers/STM32H7RSxx_HAL_Driver/Src/stm32h7rsxx_hal_jpeg.c:4206:13:JPEG_DMAOutAbortCallback	0	static
C:/Users/HP/Workspace_STM32H7S_DK/STM32H7_Test/Drivers/STM32H7RSxx_HAL_Driver/Src/stm32h7rsxx_hal_jpeg.c:4124:13:JPEG_DMAOutCpltCallback	16	static
C:/Users/HP/Workspace_STM32H7S_DK/STM32H7_Test/Drivers/STM32H7RSxx_HAL_Driver/Src/stm32h7rsxx_hal_jpeg.c:2458:6:HAL_JPEG_IRQHandler	8	static
C:/Users/HP/Workspace_STM32H7S_DK/STM32H7_Test/Drivers/STM32H7RSxx_HAL_Driver/Src/stm32h7rsxx_hal_jpeg.c:2510:23:HAL_JPEG_GetState	0	static
C:/Users/HP/Workspace_STM32H7S_DK/STM32H7_Test/Drivers/STM32H7RSxx_HAL_Driver/Src/stm32h7rsxx_hal_jpeg.c:2521:10:HAL_JPEG_GetError	0	static
