C:/Users/HP/Workspace_STM32H7S_DK/STM32H7_Test/Drivers/STM32H7RSxx_HAL_Driver/Src/stm32h7rsxx_hal_tim_ex.c:3328:13:TIM_CCxNChannelCmd	8	static
C:/Users/HP/Workspace_STM32H7S_DK/STM32H7_Test/Drivers/STM32H7RSxx_HAL_Driver/Src/stm32h7rsxx_hal_tim_ex.c:3277:13:TIM_DMAErrorCCxN	8	static
C:/Users/HP/Workspace_STM32H7S_DK/STM32H7_Test/Drivers/STM32H7RSxx_HAL_Driver/Src/stm32h7rsxx_hal_tim_ex.c:3238:13:TIM_DMADelayPulseNCplt	8	static
C:/Users/HP/Workspace_STM32H7S_DK/STM32H7_Test/Drivers/STM32H7RSxx_HAL_Driver/Src/stm32h7rsxx_hal_tim_ex.c:303:13:HAL_TIMEx_HallSensor_MspInit	0	static
C:/Users/HP/Workspace_STM32H7S_DK/STM32H7_Test/Drivers/STM32H7RSxx_HAL_Driver/Src/stm32h7rsxx_hal_tim_ex.c:156:19:HAL_TIMEx_HallSensor_Init	48	static
C:/Users/HP/Workspace_STM32H7S_DK/STM32H7_Test/Drivers/STM32H7RSxx_HAL_Driver/Src/stm32h7rsxx_hal_tim_ex.c:318:13:HAL_TIMEx_HallSensor_MspDeInit	0	static
C:/Users/HP/Workspace_STM32H7S_DK/STM32H7_Test/Drivers/STM32H7RSxx_HAL_Driver/Src/stm32h7rsxx_hal_tim_ex.c:258:19:HAL_TIMEx_HallSensor_DeInit	8	static
C:/Users/HP/Workspace_STM32H7S_DK/STM32H7_Test/Drivers/STM32H7RSxx_HAL_Driver/Src/stm32h7rsxx_hal_tim_ex.c:333:19:HAL_TIMEx_HallSensor_Start	16	static
C:/Users/HP/Workspace_STM32H7S_DK/STM32H7_Test/Drivers/STM32H7RSxx_HAL_Driver/Src/stm32h7rsxx_hal_tim_ex.c:387:19:HAL_TIMEx_HallSensor_Stop	8	static
C:/Users/HP/Workspace_STM32H7S_DK/STM32H7_Test/Drivers/STM32H7RSxx_HAL_Driver/Src/stm32h7rsxx_hal_tim_ex.c:415:19:HAL_TIMEx_HallSensor_Start_IT	16	static
C:/Users/HP/Workspace_STM32H7S_DK/STM32H7_Test/Drivers/STM32H7RSxx_HAL_Driver/Src/stm32h7rsxx_hal_tim_ex.c:472:19:HAL_TIMEx_HallSensor_Stop_IT	8	static
C:/Users/HP/Workspace_STM32H7S_DK/STM32H7_Test/Drivers/STM32H7RSxx_HAL_Driver/Src/stm32h7rsxx_hal_tim_ex.c:505:19:HAL_TIMEx_HallSensor_Start_DMA	24	static
C:/Users/HP/Workspace_STM32H7S_DK/STM32H7_Test/Drivers/STM32H7RSxx_HAL_Driver/Src/stm32h7rsxx_hal_tim_ex.c:581:19:HAL_TIMEx_HallSensor_Stop_DMA	8	static
C:/Users/HP/Workspace_STM32H7S_DK/STM32H7_Test/Drivers/STM32H7RSxx_HAL_Driver/Src/stm32h7rsxx_hal_tim_ex.c:644:19:HAL_TIMEx_OCN_Start	8	static
C:/Users/HP/Workspace_STM32H7S_DK/STM32H7_Test/Drivers/STM32H7RSxx_HAL_Driver/Src/stm32h7rsxx_hal_tim_ex.c:696:19:HAL_TIMEx_OCN_Stop	16	static
C:/Users/HP/Workspace_STM32H7S_DK/STM32H7_Test/Drivers/STM32H7RSxx_HAL_Driver/Src/stm32h7rsxx_hal_tim_ex.c:729:19:HAL_TIMEx_OCN_Start_IT	8	static
C:/Users/HP/Workspace_STM32H7S_DK/STM32H7_Test/Drivers/STM32H7RSxx_HAL_Driver/Src/stm32h7rsxx_hal_tim_ex.c:824:19:HAL_TIMEx_OCN_Stop_IT	16	static
C:/Users/HP/Workspace_STM32H7S_DK/STM32H7_Test/Drivers/STM32H7RSxx_HAL_Driver/Src/stm32h7rsxx_hal_tim_ex.c:907:19:HAL_TIMEx_OCN_Start_DMA	16	static
C:/Users/HP/Workspace_STM32H7S_DK/STM32H7_Test/Drivers/STM32H7RSxx_HAL_Driver/Src/stm32h7rsxx_hal_tim_ex.c:1067:19:HAL_TIMEx_OCN_Stop_DMA	16	static
C:/Users/HP/Workspace_STM32H7S_DK/STM32H7_Test/Drivers/STM32H7RSxx_HAL_Driver/Src/stm32h7rsxx_hal_tim_ex.c:1166:19:HAL_TIMEx_PWMN_Start	0	static
C:/Users/HP/Workspace_STM32H7S_DK/STM32H7_Test/Drivers/STM32H7RSxx_HAL_Driver/Src/stm32h7rsxx_hal_tim_ex.c:1217:19:HAL_TIMEx_PWMN_Stop	0	static
C:/Users/HP/Workspace_STM32H7S_DK/STM32H7_Test/Drivers/STM32H7RSxx_HAL_Driver/Src/stm32h7rsxx_hal_tim_ex.c:1250:19:HAL_TIMEx_PWMN_Start_IT	0	static
C:/Users/HP/Workspace_STM32H7S_DK/STM32H7_Test/Drivers/STM32H7RSxx_HAL_Driver/Src/stm32h7rsxx_hal_tim_ex.c:1344:19:HAL_TIMEx_PWMN_Stop_IT	0	static
C:/Users/HP/Workspace_STM32H7S_DK/STM32H7_Test/Drivers/STM32H7RSxx_HAL_Driver/Src/stm32h7rsxx_hal_tim_ex.c:1427:19:HAL_TIMEx_PWMN_Start_DMA	0	static
C:/Users/HP/Workspace_STM32H7S_DK/STM32H7_Test/Drivers/STM32H7RSxx_HAL_Driver/Src/stm32h7rsxx_hal_tim_ex.c:1587:19:HAL_TIMEx_PWMN_Stop_DMA	0	static
C:/Users/HP/Workspace_STM32H7S_DK/STM32H7_Test/Drivers/STM32H7RSxx_HAL_Driver/Src/stm32h7rsxx_hal_tim_ex.c:1686:19:HAL_TIMEx_OnePulseN_Start	24	static
C:/Users/HP/Workspace_STM32H7S_DK/STM32H7_Test/Drivers/STM32H7RSxx_HAL_Driver/Src/stm32h7rsxx_hal_tim_ex.c:1735:19:HAL_TIMEx_OnePulseN_Stop	16	static
C:/Users/HP/Workspace_STM32H7S_DK/STM32H7_Test/Drivers/STM32H7RSxx_HAL_Driver/Src/stm32h7rsxx_hal_tim_ex.c:1774:19:HAL_TIMEx_OnePulseN_Start_IT	24	static
C:/Users/HP/Workspace_STM32H7S_DK/STM32H7_Test/Drivers/STM32H7RSxx_HAL_Driver/Src/stm32h7rsxx_hal_tim_ex.c:1829:19:HAL_TIMEx_OnePulseN_Stop_IT	16	static
C:/Users/HP/Workspace_STM32H7S_DK/STM32H7_Test/Drivers/STM32H7RSxx_HAL_Driver/Src/stm32h7rsxx_hal_tim_ex.c:1922:19:HAL_TIMEx_ConfigCommutEvent	8	static
C:/Users/HP/Workspace_STM32H7S_DK/STM32H7_Test/Drivers/STM32H7RSxx_HAL_Driver/Src/stm32h7rsxx_hal_tim_ex.c:1987:19:HAL_TIMEx_ConfigCommutEvent_IT	8	static
C:/Users/HP/Workspace_STM32H7S_DK/STM32H7_Test/Drivers/STM32H7RSxx_HAL_Driver/Src/stm32h7rsxx_hal_tim_ex.c:2053:19:HAL_TIMEx_ConfigCommutEvent_DMA	8	static
C:/Users/HP/Workspace_STM32H7S_DK/STM32H7_Test/Drivers/STM32H7RSxx_HAL_Driver/Src/stm32h7rsxx_hal_tim_ex.c:2101:19:HAL_TIMEx_MasterConfigSynchronization	12	static
C:/Users/HP/Workspace_STM32H7S_DK/STM32H7_Test/Drivers/STM32H7RSxx_HAL_Driver/Src/stm32h7rsxx_hal_tim_ex.c:2174:19:HAL_TIMEx_ConfigBreakDeadTime	8	static
C:/Users/HP/Workspace_STM32H7S_DK/STM32H7_Test/Drivers/STM32H7RSxx_HAL_Driver/Src/stm32h7rsxx_hal_tim_ex.c:2242:19:HAL_TIMEx_ConfigBreakInput	20	static
C:/Users/HP/Workspace_STM32H7S_DK/STM32H7_Test/Drivers/STM32H7RSxx_HAL_Driver/Src/stm32h7rsxx_hal_tim_ex.c:2396:19:HAL_TIMEx_RemapConfig	0	static
C:/Users/HP/Workspace_STM32H7S_DK/STM32H7_Test/Drivers/STM32H7RSxx_HAL_Driver/Src/stm32h7rsxx_hal_tim_ex.c:2461:20:HAL_TIMEx_TISelection	0	static
C:/Users/HP/Workspace_STM32H7S_DK/STM32H7_Test/Drivers/STM32H7RSxx_HAL_Driver/Src/stm32h7rsxx_hal_tim_ex.c:2500:19:HAL_TIMEx_GroupChannel5	0	static
C:/Users/HP/Workspace_STM32H7S_DK/STM32H7_Test/Drivers/STM32H7RSxx_HAL_Driver/Src/stm32h7rsxx_hal_tim_ex.c:2538:19:HAL_TIMEx_DisarmBreakInput	0	static
C:/Users/HP/Workspace_STM32H7S_DK/STM32H7_Test/Drivers/STM32H7RSxx_HAL_Driver/Src/stm32h7rsxx_hal_tim_ex.c:2592:19:HAL_TIMEx_ReArmBreakInput	16	static
C:/Users/HP/Workspace_STM32H7S_DK/STM32H7_Test/Drivers/STM32H7RSxx_HAL_Driver/Src/stm32h7rsxx_hal_tim_ex.c:2675:19:HAL_TIMEx_DitheringEnable	0	static
C:/Users/HP/Workspace_STM32H7S_DK/STM32H7_Test/Drivers/STM32H7RSxx_HAL_Driver/Src/stm32h7rsxx_hal_tim_ex.c:2699:19:HAL_TIMEx_DitheringDisable	0	static
C:/Users/HP/Workspace_STM32H7S_DK/STM32H7_Test/Drivers/STM32H7RSxx_HAL_Driver/Src/stm32h7rsxx_hal_tim_ex.c:2717:19:HAL_TIMEx_OC_ConfigPulseOnCompare	12	static
C:/Users/HP/Workspace_STM32H7S_DK/STM32H7_Test/Drivers/STM32H7RSxx_HAL_Driver/Src/stm32h7rsxx_hal_tim_ex.c:2762:19:HAL_TIMEx_ConfigSlaveModePreload	0	static
C:/Users/HP/Workspace_STM32H7S_DK/STM32H7_Test/Drivers/STM32H7RSxx_HAL_Driver/Src/stm32h7rsxx_hal_tim_ex.c:2777:19:HAL_TIMEx_EnableSlaveModePreload	0	static
C:/Users/HP/Workspace_STM32H7S_DK/STM32H7_Test/Drivers/STM32H7RSxx_HAL_Driver/Src/stm32h7rsxx_hal_tim_ex.c:2791:19:HAL_TIMEx_DisableSlaveModePreload	0	static
C:/Users/HP/Workspace_STM32H7S_DK/STM32H7_Test/Drivers/STM32H7RSxx_HAL_Driver/Src/stm32h7rsxx_hal_tim_ex.c:2805:19:HAL_TIMEx_EnableDeadTimePreload	0	static
C:/Users/HP/Workspace_STM32H7S_DK/STM32H7_Test/Drivers/STM32H7RSxx_HAL_Driver/Src/stm32h7rsxx_hal_tim_ex.c:2819:19:HAL_TIMEx_DisableDeadTimePreload	0	static
C:/Users/HP/Workspace_STM32H7S_DK/STM32H7_Test/Drivers/STM32H7RSxx_HAL_Driver/Src/stm32h7rsxx_hal_tim_ex.c:2835:19:HAL_TIMEx_ConfigDeadTime	0	static
C:/Users/HP/Workspace_STM32H7S_DK/STM32H7_Test/Drivers/STM32H7RSxx_HAL_Driver/Src/stm32h7rsxx_hal_tim_ex.c:2852:19:HAL_TIMEx_ConfigAsymmetricalDeadTime	0	static
C:/Users/HP/Workspace_STM32H7S_DK/STM32H7_Test/Drivers/STM32H7RSxx_HAL_Driver/Src/stm32h7rsxx_hal_tim_ex.c:2867:19:HAL_TIMEx_EnableAsymmetricalDeadTime	0	static
C:/Users/HP/Workspace_STM32H7S_DK/STM32H7_Test/Drivers/STM32H7RSxx_HAL_Driver/Src/stm32h7rsxx_hal_tim_ex.c:2881:19:HAL_TIMEx_DisableAsymmetricalDeadTime	0	static
C:/Users/HP/Workspace_STM32H7S_DK/STM32H7_Test/Drivers/STM32H7RSxx_HAL_Driver/Src/stm32h7rsxx_hal_tim_ex.c:2899:19:HAL_TIMEx_ConfigEncoderIndex	16	static
C:/Users/HP/Workspace_STM32H7S_DK/STM32H7_Test/Drivers/STM32H7RSxx_HAL_Driver/Src/stm32h7rsxx_hal_tim_ex.c:2940:19:HAL_TIMEx_EnableEncoderIndex	0	static
C:/Users/HP/Workspace_STM32H7S_DK/STM32H7_Test/Drivers/STM32H7RSxx_HAL_Driver/Src/stm32h7rsxx_hal_tim_ex.c:2954:19:HAL_TIMEx_DisableEncoderIndex	0	static
C:/Users/HP/Workspace_STM32H7S_DK/STM32H7_Test/Drivers/STM32H7RSxx_HAL_Driver/Src/stm32h7rsxx_hal_tim_ex.c:2968:19:HAL_TIMEx_EnableEncoderFirstIndex	0	static
C:/Users/HP/Workspace_STM32H7S_DK/STM32H7_Test/Drivers/STM32H7RSxx_HAL_Driver/Src/stm32h7rsxx_hal_tim_ex.c:2982:19:HAL_TIMEx_DisableEncoderFirstIndex	0	static
C:/Users/HP/Workspace_STM32H7S_DK/STM32H7_Test/Drivers/STM32H7RSxx_HAL_Driver/Src/stm32h7rsxx_hal_tim_ex.c:3016:13:HAL_TIMEx_CommutCallback	0	static
C:/Users/HP/Workspace_STM32H7S_DK/STM32H7_Test/Drivers/STM32H7RSxx_HAL_Driver/Src/stm32h7rsxx_hal_tim_ex.c:3199:6:TIMEx_DMACommutationCplt	8	static
C:/Users/HP/Workspace_STM32H7S_DK/STM32H7_Test/Drivers/STM32H7RSxx_HAL_Driver/Src/stm32h7rsxx_hal_tim_ex.c:3030:13:HAL_TIMEx_CommutHalfCpltCallback	0	static
C:/Users/HP/Workspace_STM32H7S_DK/STM32H7_Test/Drivers/STM32H7RSxx_HAL_Driver/Src/stm32h7rsxx_hal_tim_ex.c:3218:6:TIMEx_DMACommutationHalfCplt	8	static
C:/Users/HP/Workspace_STM32H7S_DK/STM32H7_Test/Drivers/STM32H7RSxx_HAL_Driver/Src/stm32h7rsxx_hal_tim_ex.c:3045:13:HAL_TIMEx_BreakCallback	0	static
C:/Users/HP/Workspace_STM32H7S_DK/STM32H7_Test/Drivers/STM32H7RSxx_HAL_Driver/Src/stm32h7rsxx_hal_tim_ex.c:3060:13:HAL_TIMEx_Break2Callback	0	static
C:/Users/HP/Workspace_STM32H7S_DK/STM32H7_Test/Drivers/STM32H7RSxx_HAL_Driver/Src/stm32h7rsxx_hal_tim_ex.c:3075:13:HAL_TIMEx_EncoderIndexCallback	0	static
C:/Users/HP/Workspace_STM32H7S_DK/STM32H7_Test/Drivers/STM32H7RSxx_HAL_Driver/Src/stm32h7rsxx_hal_tim_ex.c:3090:13:HAL_TIMEx_DirectionChangeCallback	0	static
C:/Users/HP/Workspace_STM32H7S_DK/STM32H7_Test/Drivers/STM32H7RSxx_HAL_Driver/Src/stm32h7rsxx_hal_tim_ex.c:3105:13:HAL_TIMEx_IndexErrorCallback	0	static
C:/Users/HP/Workspace_STM32H7S_DK/STM32H7_Test/Drivers/STM32H7RSxx_HAL_Driver/Src/stm32h7rsxx_hal_tim_ex.c:3120:13:HAL_TIMEx_TransitionErrorCallback	0	static
C:/Users/HP/Workspace_STM32H7S_DK/STM32H7_Test/Drivers/STM32H7RSxx_HAL_Driver/Src/stm32h7rsxx_hal_tim_ex.c:3154:22:HAL_TIMEx_HallSensor_GetState	0	static
C:/Users/HP/Workspace_STM32H7S_DK/STM32H7_Test/Drivers/STM32H7RSxx_HAL_Driver/Src/stm32h7rsxx_hal_tim_ex.c:3170:29:HAL_TIMEx_GetChannelNState	0	static
