C:/Users/HP/Downloads/STM32H7S78-DK_OpenWeather_Keyboard-main/STM32H7S78-DK_OpenWeather_Keyboard-main/Middlewares/ST/STM32_ExtMem_Manager/nor_sfdp/stm32_sfdp_data.c:1077:20:SFDP_ReadHeader	24	static
C:/Users/HP/Downloads/STM32H7S78-DK_OpenWeather_Keyboard-main/STM32H7S78-DK_OpenWeather_Keyboard-main/Middlewares/ST/STM32_ExtMem_Manager/nor_sfdp/stm32_sfdp_data.c:1122:20:SFDP_GetHeader	48	static
C:/Users/HP/Downloads/STM32H7S78-DK_OpenWeather_Keyboard-main/STM32H7S78-DK_OpenWeather_Keyboard-main/Middlewares/ST/STM32_ExtMem_Manager/nor_sfdp/stm32_sfdp_data.c:1173:20:SFDP_CollectData	40	static
C:/Users/HP/Downloads/STM32H7S78-DK_OpenWeather_Keyboard-main/STM32H7S78-DK_OpenWeather_Keyboard-main/Middlewares/ST/STM32_ExtMem_Manager/nor_sfdp/stm32_sfdp_data.c:1242:20:SFDP_MemoryReset	32	static
C:/Users/HP/Downloads/STM32H7S78-DK_OpenWeather_Keyboard-main/STM32H7S78-DK_OpenWeather_Keyboard-main/Middlewares/ST/STM32_ExtMem_Manager/nor_sfdp/stm32_sfdp_data.c:1376:20:SFDP_BuildGenericDriver	64	static
C:/Users/HP/Downloads/STM32H7S78-DK_OpenWeather_Keyboard-main/STM32H7S78-DK_OpenWeather_Keyboard-main/Middlewares/ST/STM32_ExtMem_Manager/nor_sfdp/stm32_sfdp_data.c:1947:38:driver_check_FlagBUSY	40	static
C:/Users/HP/Downloads/STM32H7S78-DK_OpenWeather_Keyboard-main/STM32H7S78-DK_OpenWeather_Keyboard-main/Middlewares/ST/STM32_ExtMem_Manager/nor_sfdp/stm32_sfdp_data.c:1980:10:sfdp_getfrequencevalue	56	static
C:/Users/HP/Downloads/STM32H7S78-DK_OpenWeather_Keyboard-main/STM32H7S78-DK_OpenWeather_Keyboard-main/Middlewares/ST/STM32_ExtMem_Manager/nor_sfdp/stm32_sfdp_data.c:1999:20:sfdp_get_paraminfo	40	static
C:/Users/HP/Downloads/STM32H7S78-DK_OpenWeather_Keyboard-main/STM32H7S78-DK_OpenWeather_Keyboard-main/Middlewares/ST/STM32_ExtMem_Manager/nor_sfdp/stm32_sfdp_data.c:2126:20:sfpd_enter_octal_mode	32	static
C:/Users/HP/Downloads/STM32H7S78-DK_OpenWeather_Keyboard-main/STM32H7S78-DK_OpenWeather_Keyboard-main/Middlewares/ST/STM32_ExtMem_Manager/nor_sfdp/stm32_sfdp_data.c:2244:20:sfpd_set_dummycycle	48	static
C:/Users/HP/Downloads/STM32H7S78-DK_OpenWeather_Keyboard-main/STM32H7S78-DK_OpenWeather_Keyboard-main/Middlewares/ST/STM32_ExtMem_Manager/nor_sfdp/stm32_sfdp_data.c:2339:20:JEDEC_Basic_ManageQuadEnableRequierement	24	static
C:/Users/HP/Downloads/STM32H7S78-DK_OpenWeather_Keyboard-main/STM32H7S78-DK_OpenWeather_Keyboard-main/Middlewares/ST/STM32_ExtMem_Manager/nor_sfdp/stm32_sfdp_data.c:2455:20:JEDEC_Basic_Manage4S4S4SEnableSequence	24	static
C:/Users/HP/Downloads/STM32H7S78-DK_OpenWeather_Keyboard-main/STM32H7S78-DK_OpenWeather_Keyboard-main/Middlewares/ST/STM32_ExtMem_Manager/nor_sfdp/stm32_sfdp_data.c:2508:20:CheckSFDP_Signature	24	static
