C:/Users/HP/git/STM32H7S78-DK-and-ESP8266_01_Openweather_Keyboard/Appli/Core/Src/main.c:202:7:extract_json	2
C:/Users/HP/git/STM32H7S78-DK-and-ESP8266_01_Openweather_Keyboard/Appli/Core/Src/main.c:280:6:parse_weather_data	16
C:/Users/HP/git/STM32H7S78-DK-and-ESP8266_01_Openweather_Keyboard/Appli/Core/Src/main.c:368:6:extract_ssid	4
C:/Users/HP/git/STM32H7S78-DK-and-ESP8266_01_Openweather_Keyboard/Appli/Core/Src/main.c:393:6:extract_all_ssids	7
C:/Users/HP/git/STM32H7S78-DK-and-ESP8266_01_Openweather_Keyboard/Appli/Core/Src/main.c:449:6:storeBuffer_City	1
C:/Users/HP/git/STM32H7S78-DK-and-ESP8266_01_Openweather_Keyboard/Appli/Core/Src/main.c:473:5:main	28
C:/Users/HP/git/STM32H7S78-DK-and-ESP8266_01_Openweather_Keyboard/Appli/Core/Src/main.c:1110:6:send_at_command	1
C:/Users/HP/git/STM32H7S78-DK-and-ESP8266_01_Openweather_Keyboard/Appli/Core/Src/main.c:217:6:HAL_UARTEx_RxEventCallback	14
C:/Users/HP/git/STM32H7S78-DK-and-ESP8266_01_Openweather_Keyboard/Appli/Core/Src/main.c:426:6:storeSSIDPassword	1
C:/Users/HP/git/STM32H7S78-DK-and-ESP8266_01_Openweather_Keyboard/Appli/Core/Src/main.c:1141:6:StartDefaultTask	1
C:/Users/HP/git/STM32H7S78-DK-and-ESP8266_01_Openweather_Keyboard/Appli/Core/Src/main.c:1115:6:HAL_UART_TxCpltCallback	2
C:/Users/HP/git/STM32H7S78-DK-and-ESP8266_01_Openweather_Keyboard/Appli/Core/Src/main.c:1122:6:myScanFunctionInC	2
C:/Users/HP/git/STM32H7S78-DK-and-ESP8266_01_Openweather_Keyboard/Appli/Core/Src/main.c:1261:6:HAL_TIM_PeriodElapsedCallback	3
C:/Users/HP/git/STM32H7S78-DK-and-ESP8266_01_Openweather_Keyboard/Appli/Core/Src/main.c:1281:6:Error_Handler	1
