C:/Users/HP/git/STM32H7S78-DK-and-ESP8266_01_Openweather_Keyboard/Appli/Core/Src/main.c:202:7:extract_json	8	static
C:/Users/HP/git/STM32H7S78-DK-and-ESP8266_01_Openweather_Keyboard/Appli/Core/Src/main.c:280:6:parse_weather_data	176	static
C:/Users/HP/git/STM32H7S78-DK-and-ESP8266_01_Openweather_Keyboard/Appli/Core/Src/main.c:368:6:extract_ssid	24	static
C:/Users/HP/git/STM32H7S78-DK-and-ESP8266_01_Openweather_Keyboard/Appli/Core/Src/main.c:393:6:extract_all_ssids	40	static
C:/Users/HP/git/STM32H7S78-DK-and-ESP8266_01_Openweather_Keyboard/Appli/Core/Src/main.c:449:6:storeBuffer_City	16	static
C:/Users/HP/git/STM32H7S78-DK-and-ESP8266_01_Openweather_Keyboard/Appli/Core/Src/main.c:473:5:main	96	static,ignoring_inline_asm
C:/Users/HP/git/STM32H7S78-DK-and-ESP8266_01_Openweather_Keyboard/Appli/Core/Src/main.c:1110:6:send_at_command	16	static
C:/Users/HP/git/STM32H7S78-DK-and-ESP8266_01_Openweather_Keyboard/Appli/Core/Src/main.c:217:6:HAL_UARTEx_RxEventCallback	32	static
C:/Users/HP/git/STM32H7S78-DK-and-ESP8266_01_Openweather_Keyboard/Appli/Core/Src/main.c:426:6:storeSSIDPassword	160	static
C:/Users/HP/git/STM32H7S78-DK-and-ESP8266_01_Openweather_Keyboard/Appli/Core/Src/main.c:1141:6:StartDefaultTask	16	static
C:/Users/HP/git/STM32H7S78-DK-and-ESP8266_01_Openweather_Keyboard/Appli/Core/Src/main.c:1115:6:HAL_UART_TxCpltCallback	8	static
C:/Users/HP/git/STM32H7S78-DK-and-ESP8266_01_Openweather_Keyboard/Appli/Core/Src/main.c:1122:6:myScanFunctionInC	8	static
C:/Users/HP/git/STM32H7S78-DK-and-ESP8266_01_Openweather_Keyboard/Appli/Core/Src/main.c:1261:6:HAL_TIM_PeriodElapsedCallback	8	static
C:/Users/HP/git/STM32H7S78-DK-and-ESP8266_01_Openweather_Keyboard/Appli/Core/Src/main.c:1281:6:Error_Handler	0	static,ignoring_inline_asm
