C:/Users/HP/git/STM32H7S78-DK-and-ESP8266_01_Openweather_Keyboard/Appli/Core/Src/main.c:207:7:extract_json	2
C:/Users/HP/git/STM32H7S78-DK-and-ESP8266_01_Openweather_Keyboard/Appli/Core/Src/main.c:287:6:parse_weather_data	16
C:/Users/HP/git/STM32H7S78-DK-and-ESP8266_01_Openweather_Keyboard/Appli/Core/Src/main.c:391:6:extract_ssid	4
C:/Users/HP/git/STM32H7S78-DK-and-ESP8266_01_Openweather_Keyboard/Appli/Core/Src/main.c:416:6:extract_all_ssids	7
C:/Users/HP/git/STM32H7S78-DK-and-ESP8266_01_Openweather_Keyboard/Appli/Core/Src/main.c:472:6:storeBuffer_City	1
C:/Users/HP/git/STM32H7S78-DK-and-ESP8266_01_Openweather_Keyboard/Appli/Core/Src/main.c:496:5:main	28
C:/Users/HP/git/STM32H7S78-DK-and-ESP8266_01_Openweather_Keyboard/Appli/Core/Src/main.c:1133:6:send_at_command	1
C:/Users/HP/git/STM32H7S78-DK-and-ESP8266_01_Openweather_Keyboard/Appli/Core/Src/main.c:222:6:HAL_UARTEx_RxEventCallback	14
C:/Users/HP/git/STM32H7S78-DK-and-ESP8266_01_Openweather_Keyboard/Appli/Core/Src/main.c:449:6:storeSSIDPassword	1
C:/Users/HP/git/STM32H7S78-DK-and-ESP8266_01_Openweather_Keyboard/Appli/Core/Src/main.c:1171:6:StartDefaultTask	1
C:/Users/HP/git/STM32H7S78-DK-and-ESP8266_01_Openweather_Keyboard/Appli/Core/Src/main.c:1138:6:HAL_UART_TxCpltCallback	2
C:/Users/HP/git/STM32H7S78-DK-and-ESP8266_01_Openweather_Keyboard/Appli/Core/Src/main.c:1152:6:myScanFunctionInC	2
C:/Users/HP/git/STM32H7S78-DK-and-ESP8266_01_Openweather_Keyboard/Appli/Core/Src/main.c:1296:6:HAL_TIM_PeriodElapsedCallback	3
C:/Users/HP/git/STM32H7S78-DK-and-ESP8266_01_Openweather_Keyboard/Appli/Core/Src/main.c:1317:6:Error_Handler	1
