../../Appli/../../Appli/TouchGFX/generated/fonts/include/fonts/ApplicationFontProvider.hpp:39:7:ApplicationFontProvider::~ApplicationFontProvider()	0	static
C:/Users/HP/git/STM32H7S78-DK-and-ESP8266_01_Openweather_Keyboard/Appli/TouchGFX/generated/fonts/src/ApplicationFontProvider.cpp:8:17:virtual touchgfx::Font* ApplicationFontProvider::getFont(touchgfx::FontId)	8	static
../../Appli/../../Appli/TouchGFX/generated/fonts/include/fonts/ApplicationFontProvider.hpp:39:7:virtual ApplicationFontProvider::~ApplicationFontProvider()	8	static
