../../Appli/../../Appli/Middlewares/ST/touchgfx/framework/include/touchgfx/Drawable.hpp:147:23:virtual touchgfx::Drawable* touchgfx::Drawable::getFirstChild()	0	static
../../Appli/../../Appli/Middlewares/ST/touchgfx/framework/include/touchgfx/Drawable.hpp:315:18:virtual void touchgfx::Drawable::setX(int16_t)	0	static
../../Appli/../../Appli/Middlewares/ST/touchgfx/framework/include/touchgfx/Drawable.hpp:327:18:virtual void touchgfx::Drawable::setY(int16_t)	0	static
../../Appli/../../Appli/Middlewares/ST/touchgfx/framework/include/touchgfx/Drawable.hpp:356:18:virtual void touchgfx::Drawable::setWidth(int16_t)	0	static
../../Appli/../../Appli/Middlewares/ST/touchgfx/framework/include/touchgfx/Drawable.hpp:368:18:virtual void touchgfx::Drawable::setHeight(int16_t)	0	static
../../Appli/../../Appli/Middlewares/ST/touchgfx/framework/include/touchgfx/Drawable.hpp:378:18:virtual void touchgfx::Drawable::childGeometryChanged()	0	static
../../Appli/../../Appli/Middlewares/ST/touchgfx/framework/include/touchgfx/Drawable.hpp:389:18:virtual void touchgfx::Drawable::handleClickEvent(const touchgfx::ClickEvent&)	0	static
../../Appli/../../Appli/Middlewares/ST/touchgfx/framework/include/touchgfx/Drawable.hpp:401:18:virtual void touchgfx::Drawable::handleGestureEvent(const touchgfx::GestureEvent&)	0	static
../../Appli/../../Appli/Middlewares/ST/touchgfx/framework/include/touchgfx/Drawable.hpp:490:18:virtual void touchgfx::Drawable::handleDragEvent(const touchgfx::DragEvent&)	0	static
../../Appli/../../Appli/Middlewares/ST/touchgfx/framework/include/touchgfx/Drawable.hpp:501:18:virtual void touchgfx::Drawable::handleTickEvent()	0	static
../../Appli/../../Appli/Middlewares/ST/touchgfx/framework/include/touchgfx/Drawable.hpp:588:18:virtual void touchgfx::Drawable::moveTo(int16_t, int16_t)	4	static
../../Appli/../../Appli/Middlewares/ST/touchgfx/framework/include/touchgfx/Drawable.hpp:703:18:virtual void touchgfx::Drawable::setupDrawChain(const touchgfx::Rect&, touchgfx::Drawable**)	0	static
../../Appli/../../Appli/Middlewares/ST/touchgfx/framework/include/touchgfx/Screen.hpp:93:18:virtual void touchgfx::Screen::setupScreen()	0	static
../../Appli/../../Appli/Middlewares/ST/touchgfx/framework/include/touchgfx/Screen.hpp:104:18:virtual void touchgfx::Screen::afterTransition()	0	static
../../Appli/../../Appli/Middlewares/ST/touchgfx/framework/include/touchgfx/Screen.hpp:115:18:virtual void touchgfx::Screen::tearDownScreen()	0	static
../../Appli/../../Appli/Middlewares/ST/touchgfx/framework/include/touchgfx/Screen.hpp:144:18:virtual void touchgfx::Screen::handleTickEvent()	0	static
../../Appli/../../Appli/Middlewares/ST/touchgfx/framework/include/touchgfx/Screen.hpp:154:18:virtual void touchgfx::Screen::handleKeyEvent(uint8_t)	0	static
../../Appli/../../Appli/TouchGFX/generated/gui_generated/include/gui_generated/screenkeyboard_city_screen/ScreenKeyboard_CityViewBase.hpp:23:18:virtual void ScreenKeyboard_CityViewBase::getBuffer_City()	0	static
../../Appli/../../Appli/Middlewares/ST/touchgfx/framework/include/mvp/View.hpp:36:7:touchgfx::View<ScreenKeyboard_CityPresenter>::~View()	0	static
../../Appli/../../Appli/Middlewares/ST/touchgfx/framework/include/touchgfx/Callback.hpp:357:8:touchgfx::Callback<ScreenKeyboard_CityViewBase, const touchgfx::AbstractButton&>::~Callback()	0	static
C:/Users/HP/Downloads/STM32H7S78-DK_OpenWeather_Keyboard-main/STM32H7S78-DK_OpenWeather_Keyboard-main/Appli/TouchGFX/generated/gui_generated/src/screenkeyboard_city_screen/ScreenKeyboard_CityViewBase.cpp:37:1:ScreenKeyboard_CityViewBase::~ScreenKeyboard_CityViewBase()	0	static
C:/Users/HP/Downloads/STM32H7S78-DK_OpenWeather_Keyboard-main/STM32H7S78-DK_OpenWeather_Keyboard-main/Appli/TouchGFX/generated/gui_generated/src/screenkeyboard_city_screen/ScreenKeyboard_CityViewBase.cpp:42:6:virtual void ScreenKeyboard_CityViewBase::setupScreen()	0	static
../../Appli/../../Appli/Middlewares/ST/touchgfx/framework/include/touchgfx/Callback.hpp:386:18:void touchgfx::Callback<dest_type, T1, void, void>::execute(T1) [with dest_type = ScreenKeyboard_CityViewBase; T1 = const touchgfx::AbstractButton&]	8	static
../../Appli/../../Appli/Middlewares/ST/touchgfx/framework/include/touchgfx/Callback.hpp:396:18:bool touchgfx::Callback<dest_type, T1, void, void>::isValid() const [with dest_type = ScreenKeyboard_CityViewBase; T1 = const touchgfx::AbstractButton&]	0	static
../../Appli/../../Appli/Middlewares/ST/touchgfx/framework/include/mvp/View.hpp:36:7:virtual touchgfx::View<ScreenKeyboard_CityPresenter>::~View()	8	static
../../Appli/../../Appli/Middlewares/ST/touchgfx/framework/include/touchgfx/Callback.hpp:357:8:virtual touchgfx::Callback<ScreenKeyboard_CityViewBase, const touchgfx::AbstractButton&>::~Callback()	8	static
C:/Users/HP/Downloads/STM32H7S78-DK_OpenWeather_Keyboard-main/STM32H7S78-DK_OpenWeather_Keyboard-main/Appli/TouchGFX/generated/gui_generated/src/screenkeyboard_city_screen/ScreenKeyboard_CityViewBase.cpp:37:1:virtual ScreenKeyboard_CityViewBase::~ScreenKeyboard_CityViewBase()	8	static
../../Appli/../../Appli/Middlewares/ST/touchgfx/framework/include/touchgfx/Drawable.hpp:121:18:virtual void touchgfx::Drawable::invalidateContent() const	0	static
../../Appli/../../Appli/Middlewares/ST/touchgfx/framework/include/touchgfx/widgets/Widget.hpp:45:18:virtual void touchgfx::Widget::getLastChild(int16_t, int16_t, touchgfx::Drawable**)	0	static
C:/Users/HP/Downloads/STM32H7S78-DK_OpenWeather_Keyboard-main/STM32H7S78-DK_OpenWeather_Keyboard-main/Appli/TouchGFX/generated/gui_generated/src/screenkeyboard_city_screen/ScreenKeyboard_CityViewBase.cpp:47:6:void ScreenKeyboard_CityViewBase::buttonCallbackHandler(const touchgfx::AbstractButton&)	16	static
../../Appli/../../Appli/Middlewares/ST/touchgfx/framework/include/touchgfx/Drawable.hpp:343:10:void touchgfx::Drawable::setXY(int16_t, int16_t)	16	static
../../Appli/../../Appli/Middlewares/ST/touchgfx/framework/include/touchgfx/Drawable.hpp:233:10:void touchgfx::Drawable::setPosition(int16_t, int16_t, int16_t, int16_t)	16	static
../../Appli/../../Appli/Middlewares/ST/touchgfx/framework/include/touchgfx/widgets/Box.hpp:33:5:touchgfx::Box::Box()	0	static
../../Appli/../../Appli/Middlewares/ST/touchgfx/framework/include/touchgfx/widgets/ButtonWithLabel.hpp:132:10:void touchgfx::ButtonWithLabel::updateTextPosition()	24	static
C:/Users/HP/Downloads/STM32H7S78-DK_OpenWeather_Keyboard-main/STM32H7S78-DK_OpenWeather_Keyboard-main/Appli/TouchGFX/generated/gui_generated/src/screenkeyboard_city_screen/ScreenKeyboard_CityViewBase.cpp:9:1:ScreenKeyboard_CityViewBase::ScreenKeyboard_CityViewBase()	56	static
