../../Appli/../../Appli/Middlewares/ST/touchgfx/framework/include/touchgfx/hal/HAL.hpp:129:18:virtual void touchgfx::HAL::setDisplayOrientation(touchgfx::DisplayOrientation)	0	static
../../Appli/../../Appli/Middlewares/ST/touchgfx/framework/include/touchgfx/hal/HAL.hpp:240:18:virtual void touchgfx::HAL::submitGPU2D()	0	static
../../Appli/../../Appli/Middlewares/ST/touchgfx/framework/include/touchgfx/hal/HAL.hpp:715:18:virtual bool touchgfx::HAL::sampleKey(uint8_t&)	0	static
../../Appli/../../Appli/Middlewares/ST/touchgfx/framework/include/touchgfx/hal/HAL.hpp:782:18:virtual void touchgfx::HAL::setAnimationStorage(void*)	0	static
../../Appli/../../Appli/Middlewares/ST/touchgfx/framework/include/touchgfx/hal/HAL.hpp:820:18:virtual void touchgfx::HAL::waitForLTDCLines(uint16_t)	0	static
../../Appli/../../Appli/Middlewares/ST/touchgfx/framework/include/touchgfx/hal/HAL.hpp:943:30:virtual touchgfx::FlashDataReader* touchgfx::HAL::getFlashDataReader() const	0	static
../../Appli/../../Appli/Middlewares/ST/touchgfx/framework/include/touchgfx/hal/HAL.hpp:1105:18:virtual void touchgfx::HAL::taskDelay(uint16_t)	0	static
../../Appli/../../Appli/Middlewares/ST/touchgfx/framework/include/touchgfx/hal/HAL.hpp:1132:22:virtual uint16_t touchgfx::HAL::getTFTCurrentLine()	0	static
../../Appli/../../Appli/Middlewares/ST/touchgfx/framework/include/touchgfx/hal/HAL.hpp:1143:21:virtual touchgfx::DMAType touchgfx::HAL::getDMAType()	0	static
../../Appli/../../Appli/Middlewares/ST/touchgfx/framework/include/touchgfx/hal/HAL.hpp:1290:18:virtual void touchgfx::HAL::partialLTDCDeadlineMissed()	0	static
../../Appli/../../Appli/Middlewares/ST/touchgfx/framework/include/touchgfx/hal/HAL.hpp:1388:18:virtual void touchgfx::HAL::InvalidateTextureCache()	0	static
../../../Appli/TouchGFX/target/TouchGFXHAL.hpp:37:7:TouchGFXHAL::~TouchGFXHAL()	0	static
C:/Users/HP/git/STM32H7S78-DK-and-ESP8266_01_Openweather_Keyboard/Appli/TouchGFX/target/TouchGFXHAL.cpp:38:6:virtual void TouchGFXHAL::initialize()	16	static
C:/Users/HP/git/STM32H7S78-DK-and-ESP8266_01_Openweather_Keyboard/Appli/TouchGFX/target/TouchGFXHAL.cpp:63:11:virtual uint16_t* TouchGFXHAL::getTFTFrameBuffer() const	0	static
C:/Users/HP/git/STM32H7S78-DK-and-ESP8266_01_Openweather_Keyboard/Appli/TouchGFX/target/TouchGFXHAL.cpp:78:6:virtual void TouchGFXHAL::setTFTFrameBuffer(uint16_t*)	0	static
C:/Users/HP/git/STM32H7S78-DK-and-ESP8266_01_Openweather_Keyboard/Appli/TouchGFX/target/TouchGFXHAL.cpp:95:6:virtual void TouchGFXHAL::flushFrameBuffer(const touchgfx::Rect&)	0	static
C:/Users/HP/git/STM32H7S78-DK-and-ESP8266_01_Openweather_Keyboard/Appli/TouchGFX/target/TouchGFXHAL.cpp:110:6:virtual bool TouchGFXHAL::blockCopy(void*, const void*, uint32_t)	0	static
C:/Users/HP/git/STM32H7S78-DK-and-ESP8266_01_Openweather_Keyboard/Appli/TouchGFX/target/TouchGFXHAL.cpp:119:6:virtual void TouchGFXHAL::configureInterrupts()	0	static
C:/Users/HP/git/STM32H7S78-DK-and-ESP8266_01_Openweather_Keyboard/Appli/TouchGFX/target/TouchGFXHAL.cpp:132:6:virtual void TouchGFXHAL::enableInterrupts()	0	static
C:/Users/HP/git/STM32H7S78-DK-and-ESP8266_01_Openweather_Keyboard/Appli/TouchGFX/target/TouchGFXHAL.cpp:145:6:virtual void TouchGFXHAL::disableInterrupts()	0	static
C:/Users/HP/git/STM32H7S78-DK-and-ESP8266_01_Openweather_Keyboard/Appli/TouchGFX/target/TouchGFXHAL.cpp:159:6:virtual void TouchGFXHAL::enableLCDControllerInterrupt()	0	static
C:/Users/HP/git/STM32H7S78-DK-and-ESP8266_01_Openweather_Keyboard/Appli/TouchGFX/target/TouchGFXHAL.cpp:169:6:virtual bool TouchGFXHAL::beginFrame()	0	static
C:/Users/HP/git/STM32H7S78-DK-and-ESP8266_01_Openweather_Keyboard/Appli/TouchGFX/target/TouchGFXHAL.cpp:174:6:virtual void TouchGFXHAL::endFrame()	0	static
../../Appli/../../Appli/Middlewares/ST/touchgfx/framework/include/touchgfx/hal/HAL.hpp:683:18:virtual void touchgfx::HAL::backPorchExited()	8	static
../../../Appli/TouchGFX/target/generated/TouchGFXGeneratedHAL.hpp:119:18:virtual void TouchGFXGeneratedHAL::unlockFrameBuffer()	0	static
../../../Appli/TouchGFX/target/TouchGFXHAL.hpp:109:18:virtual void TouchGFXHAL::flushFrameBuffer()	0	static
../../../Appli/TouchGFX/target/TouchGFXHAL.hpp:37:7:virtual TouchGFXHAL::~TouchGFXHAL()	8	static
../../Appli/../../Appli/Middlewares/ST/touchgfx/framework/include/touchgfx/hal/HAL.hpp:1341:18:virtual void touchgfx::HAL::performDisplayOrientationChange()	8	static
../../Appli/../../Appli/Middlewares/ST/touchgfx/framework/include/touchgfx/hal/HAL.hpp:765:18:virtual void touchgfx::HAL::setFrameBufferStartAddresses(void*, void*, void*)	16	static
../../Appli/../../Appli/Middlewares/ST/touchgfx/framework/include/touchgfx/hal/HAL.hpp:161:18:virtual void touchgfx::HAL::setFrameBufferSize(uint16_t, uint16_t)	8	static
../../Appli/../../Appli/Middlewares/ST/touchgfx/framework/include/touchgfx/hal/HAL.hpp:356:28:virtual touchgfx::BlitOperations touchgfx::HAL::getBlitCaps()	0	static
C:/Users/HP/git/STM32H7S78-DK-and-ESP8266_01_Openweather_Keyboard/Appli/TouchGFX/target/TouchGFXHAL.cpp:31:6:void activateNeoChrom(bool)	0	static
C:/Users/HP/git/STM32H7S78-DK-and-ESP8266_01_Openweather_Keyboard/Appli/TouchGFX/target/TouchGFXHAL.cpp:181:19:long int IdleTaskHook(void*)	8	static
C:/Users/HP/git/STM32H7S78-DK-and-ESP8266_01_Openweather_Keyboard/Appli/TouchGFX/target/TouchGFXHAL.cpp:195:6:void TouchGFXHAL::activateNeoChrom(bool)	0	static
C:/Users/HP/git/STM32H7S78-DK-and-ESP8266_01_Openweather_Keyboard/Appli/TouchGFX/target/TouchGFXHAL.cpp:198:1:cpp)	0	static
