C:/Users/HP/git/STM32H7S78-DK-and-ESP8266_01_Openweather_Keyboard/Appli/TouchGFX/target/generated/nema_hal.c:62:6:HAL_GPU2D_CommandListCpltCallback	0	static
C:/Users/HP/git/STM32H7S78-DK-and-ESP8266_01_Openweather_Keyboard/Appli/TouchGFX/target/generated/nema_hal.c:97:6:platform_disable_cache	0	static
C:/Users/HP/git/STM32H7S78-DK-and-ESP8266_01_Openweather_Keyboard/Appli/TouchGFX/target/generated/nema_hal.c:102:6:platform_invalidate_cache	0	static
C:/Users/HP/git/STM32H7S78-DK-and-ESP8266_01_Openweather_Keyboard/Appli/TouchGFX/target/generated/nema_hal.c:144:10:nema_reg_read	0	static
C:/Users/HP/git/STM32H7S78-DK-and-ESP8266_01_Openweather_Keyboard/Appli/TouchGFX/target/generated/nema_hal.c:149:6:nema_reg_write	0	static
C:/Users/HP/git/STM32H7S78-DK-and-ESP8266_01_Openweather_Keyboard/Appli/TouchGFX/target/generated/nema_hal.c:74:6:HAL_GPU2D_ErrorCallback	8	static
C:/Users/HP/git/STM32H7S78-DK-and-ESP8266_01_Openweather_Keyboard/Appli/TouchGFX/target/generated/nema_hal.c:154:5:nema_wait_irq	8	static
C:/Users/HP/git/STM32H7S78-DK-and-ESP8266_01_Openweather_Keyboard/Appli/TouchGFX/target/generated/nema_hal.c:162:5:nema_wait_irq_cl	16	static
C:/Users/HP/git/STM32H7S78-DK-and-ESP8266_01_Openweather_Keyboard/Appli/TouchGFX/target/generated/nema_hal.c:172:5:nema_wait_irq_brk	8	static
C:/Users/HP/git/STM32H7S78-DK-and-ESP8266_01_Openweather_Keyboard/Appli/TouchGFX/target/generated/nema_hal.c:182:6:nema_host_free	0	static
C:/Users/HP/git/STM32H7S78-DK-and-ESP8266_01_Openweather_Keyboard/Appli/TouchGFX/target/generated/nema_hal.c:187:7:nema_host_malloc	0	static
C:/Users/HP/git/STM32H7S78-DK-and-ESP8266_01_Openweather_Keyboard/Appli/TouchGFX/target/generated/nema_hal.c:192:15:nema_buffer_create	32	static
C:/Users/HP/git/STM32H7S78-DK-and-ESP8266_01_Openweather_Keyboard/Appli/TouchGFX/target/generated/nema_hal.c:107:9:nema_sys_init	48	static
C:/Users/HP/git/STM32H7S78-DK-and-ESP8266_01_Openweather_Keyboard/Appli/TouchGFX/target/generated/nema_hal.c:204:15:nema_buffer_create_pool	32	static
C:/Users/HP/git/STM32H7S78-DK-and-ESP8266_01_Openweather_Keyboard/Appli/TouchGFX/target/generated/nema_hal.c:217:7:nema_buffer_map	0	static
C:/Users/HP/git/STM32H7S78-DK-and-ESP8266_01_Openweather_Keyboard/Appli/TouchGFX/target/generated/nema_hal.c:222:6:nema_buffer_unmap	0	static
C:/Users/HP/git/STM32H7S78-DK-and-ESP8266_01_Openweather_Keyboard/Appli/TouchGFX/target/generated/nema_hal.c:228:6:nema_buffer_destroy	8	static
C:/Users/HP/git/STM32H7S78-DK-and-ESP8266_01_Openweather_Keyboard/Appli/TouchGFX/target/generated/nema_hal.c:243:11:nema_buffer_phys	0	static
C:/Users/HP/git/STM32H7S78-DK-and-ESP8266_01_Openweather_Keyboard/Appli/TouchGFX/target/generated/nema_hal.c:248:6:nema_buffer_flush	0	static
C:/Users/HP/git/STM32H7S78-DK-and-ESP8266_01_Openweather_Keyboard/Appli/TouchGFX/target/generated/nema_hal.c:254:5:nema_mutex_lock	0	static
C:/Users/HP/git/STM32H7S78-DK-and-ESP8266_01_Openweather_Keyboard/Appli/TouchGFX/target/generated/nema_hal.c:266:5:nema_mutex_unlock	0	static
