../../Appli/../../Appli/Middlewares/ST/touchgfx/framework/include/touchgfx/Screen.hpp:104:18:virtual void touchgfx::Screen::afterTransition()	0	static
../../Appli/../../Appli/Middlewares/ST/touchgfx/framework/include/touchgfx/Screen.hpp:144:18:virtual void touchgfx::Screen::handleTickEvent()	0	static
../../Appli/../../Appli/Middlewares/ST/touchgfx/framework/include/touchgfx/Screen.hpp:154:18:virtual void touchgfx::Screen::handleKeyEvent(uint8_t)	0	static
../../Appli/../../Appli/Middlewares/ST/touchgfx/framework/include/touchgfx/TypedText.hpp:65:13:touchgfx::TypedText::~TypedText()	0	static
C:/Users/HP/Downloads/STM32H7S78-DK_OpenWeather_Keyboard-main/STM32H7S78-DK_OpenWeather_Keyboard-main/Appli/TouchGFX/gui/src/screenkeyboard_screen/ScreenKeyboardView.cpp:17:6:virtual void ScreenKeyboardView::tearDownScreen()	0	static
C:/Users/HP/Downloads/STM32H7S78-DK_OpenWeather_Keyboard-main/STM32H7S78-DK_OpenWeather_Keyboard-main/Appli/TouchGFX/gui/src/screenkeyboard_screen/ScreenKeyboardView.cpp:22:6:virtual void ScreenKeyboardView::getBuffer()	16	static
../../Appli/../../Appli/Middlewares/ST/touchgfx/framework/include/touchgfx/TypedText.hpp:65:13:virtual touchgfx::TypedText::~TypedText()	8	static
../../Appli/../../Appli/TouchGFX/gui/include/gui/screenkeyboard_screen/ScreenKeyboardView.hpp:13:13:ScreenKeyboardView::~ScreenKeyboardView()	8	static
../../Appli/../../Appli/TouchGFX/gui/include/gui/screenkeyboard_screen/ScreenKeyboardView.hpp:13:13:virtual ScreenKeyboardView::~ScreenKeyboardView()	8	static
C:/Users/HP/Downloads/STM32H7S78-DK_OpenWeather_Keyboard-main/STM32H7S78-DK_OpenWeather_Keyboard-main/Appli/TouchGFX/gui/src/screenkeyboard_screen/ScreenKeyboardView.cpp:6:1:ScreenKeyboardView::ScreenKeyboardView()	16	static
C:/Users/HP/Downloads/STM32H7S78-DK_OpenWeather_Keyboard-main/STM32H7S78-DK_OpenWeather_Keyboard-main/Appli/TouchGFX/gui/src/screenkeyboard_screen/ScreenKeyboardView.cpp:25:1:cpp)	0	static
C:/Users/HP/Downloads/STM32H7S78-DK_OpenWeather_Keyboard-main/STM32H7S78-DK_OpenWeather_Keyboard-main/Appli/TouchGFX/gui/src/screenkeyboard_screen/ScreenKeyboardView.cpp:12:6:virtual void ScreenKeyboardView::setupScreen()	0	static
