../../Appli/../../Appli/Middlewares/ST/touchgfx/framework/include/touchgfx/Screen.hpp:104:18:virtual void touchgfx::Screen::afterTransition()	0	static
../../Appli/../../Appli/Middlewares/ST/touchgfx/framework/include/touchgfx/Screen.hpp:144:18:virtual void touchgfx::Screen::handleTickEvent()	0	static
../../Appli/../../Appli/Middlewares/ST/touchgfx/framework/include/touchgfx/Screen.hpp:154:18:virtual void touchgfx::Screen::handleKeyEvent(uint8_t)	0	static
C:/Users/HP/git/STM32H7S78-DK-and-ESP8266_01_Openweather_Keyboard/Appli/TouchGFX/gui/src/screenconnectssid_screen/ScreenConnectSSIDView.cpp:21:6:virtual void ScreenConnectSSIDView::tearDownScreen()	0	static
C:/Users/HP/git/STM32H7S78-DK-and-ESP8266_01_Openweather_Keyboard/Appli/TouchGFX/gui/src/screenconnectssid_screen/ScreenConnectSSIDView.cpp:26:6:virtual void ScreenConnectSSIDView::keyboardSelected(uint8_t)	0	static
C:/Users/HP/git/STM32H7S78-DK-and-ESP8266_01_Openweather_Keyboard/Appli/TouchGFX/gui/src/screenconnectssid_screen/ScreenConnectSSIDView.cpp:55:6:virtual void ScreenConnectSSIDView::connect_SSID()	80	static
../../Appli/../../Appli/TouchGFX/gui/include/gui/screenconnectssid_screen/ScreenConnectSSIDView.hpp:15:13:ScreenConnectSSIDView::~ScreenConnectSSIDView()	8	static
../../Appli/../../Appli/TouchGFX/gui/include/gui/screenconnectssid_screen/ScreenConnectSSIDView.hpp:15:13:virtual ScreenConnectSSIDView::~ScreenConnectSSIDView()	8	static
C:/Users/HP/git/STM32H7S78-DK-and-ESP8266_01_Openweather_Keyboard/Appli/TouchGFX/gui/src/screenconnectssid_screen/ScreenConnectSSIDView.cpp:11:1:ScreenConnectSSIDView::ScreenConnectSSIDView()	8	static
C:/Users/HP/git/STM32H7S78-DK-and-ESP8266_01_Openweather_Keyboard/Appli/TouchGFX/gui/src/screenconnectssid_screen/ScreenConnectSSIDView.cpp:16:6:virtual void ScreenConnectSSIDView::setupScreen()	0	static
C:/Users/HP/git/STM32H7S78-DK-and-ESP8266_01_Openweather_Keyboard/Appli/TouchGFX/gui/src/screenconnectssid_screen/ScreenConnectSSIDView.cpp:31:6:virtual void ScreenConnectSSIDView::updateScreen()	96	static
