../../Appli/../../Appli/Middlewares/ST/touchgfx/framework/include/touchgfx/Screen.hpp:104:18:virtual void touchgfx::Screen::afterTransition()	0	static
../../Appli/../../Appli/Middlewares/ST/touchgfx/framework/include/touchgfx/Screen.hpp:144:18:virtual void touchgfx::Screen::handleTickEvent()	0	static
../../Appli/../../Appli/Middlewares/ST/touchgfx/framework/include/touchgfx/Screen.hpp:154:18:virtual void touchgfx::Screen::handleKeyEvent(uint8_t)	0	static
../../Appli/../../Appli/Middlewares/ST/touchgfx/framework/include/touchgfx/TypedText.hpp:65:13:touchgfx::TypedText::~TypedText()	0	static
C:/Users/HP/Downloads/STM32H7S78-DK_OpenWeather_Keyboard-main/STM32H7S78-DK_OpenWeather_Keyboard-main/Appli/TouchGFX/gui/src/screenkeyboard_city_screen/ScreenKeyboard_CityView.cpp:18:6:virtual void ScreenKeyboard_CityView::tearDownScreen()	0	static
C:/Users/HP/Downloads/STM32H7S78-DK_OpenWeather_Keyboard-main/STM32H7S78-DK_OpenWeather_Keyboard-main/Appli/TouchGFX/gui/src/screenkeyboard_city_screen/ScreenKeyboard_CityView.cpp:23:6:virtual void ScreenKeyboard_CityView::getBuffer_City()	48	static
../../Appli/../../Appli/Middlewares/ST/touchgfx/framework/include/touchgfx/TypedText.hpp:65:13:virtual touchgfx::TypedText::~TypedText()	8	static
../../Appli/../../Appli/TouchGFX/gui/include/gui/screenkeyboard_city_screen/ScreenKeyboard_CityView.hpp:13:13:ScreenKeyboard_CityView::~ScreenKeyboard_CityView()	8	static
../../Appli/../../Appli/TouchGFX/gui/include/gui/screenkeyboard_city_screen/ScreenKeyboard_CityView.hpp:13:13:virtual ScreenKeyboard_CityView::~ScreenKeyboard_CityView()	8	static
C:/Users/HP/Downloads/STM32H7S78-DK_OpenWeather_Keyboard-main/STM32H7S78-DK_OpenWeather_Keyboard-main/Appli/TouchGFX/gui/src/screenkeyboard_city_screen/ScreenKeyboard_CityView.cpp:7:1:ScreenKeyboard_CityView::ScreenKeyboard_CityView()	16	static
C:/Users/HP/Downloads/STM32H7S78-DK_OpenWeather_Keyboard-main/STM32H7S78-DK_OpenWeather_Keyboard-main/Appli/TouchGFX/gui/src/screenkeyboard_city_screen/ScreenKeyboard_CityView.cpp:35:1:cpp)	0	static
C:/Users/HP/Downloads/STM32H7S78-DK_OpenWeather_Keyboard-main/STM32H7S78-DK_OpenWeather_Keyboard-main/Appli/TouchGFX/gui/src/screenkeyboard_city_screen/ScreenKeyboard_CityView.cpp:13:6:virtual void ScreenKeyboard_CityView::setupScreen()	0	static
