../../Appli/../../Appli/TouchGFX/gui/include/gui/screen1_screen/Screen1Presenter.hpp:31:13:Screen1Presenter::~Screen1Presenter()	0	static
C:/Users/HP/git/STM32H7S78-DK-and-ESP8266_01_Openweather_Keyboard/Appli/TouchGFX/gui/src/screen1_screen/Screen1Presenter.cpp:10:6:virtual void Screen1Presenter::activate()	0	static
../../Appli/../../Appli/TouchGFX/gui/include/gui/screen1_screen/Screen1Presenter.hpp:31:13:virtual Screen1Presenter::~Screen1Presenter()	8	static
C:/Users/HP/git/STM32H7S78-DK-and-ESP8266_01_Openweather_Keyboard/Appli/TouchGFX/gui/src/screen1_screen/Screen1Presenter.cpp:20:6:virtual void Screen1Presenter::updateTemp(int, float)	0	static
C:/Users/HP/git/STM32H7S78-DK-and-ESP8266_01_Openweather_Keyboard/Appli/TouchGFX/gui/src/screen1_screen/Screen1Presenter.cpp:25:6:virtual void Screen1Presenter::updateHumi(int, int)	0	static
C:/Users/HP/git/STM32H7S78-DK-and-ESP8266_01_Openweather_Keyboard/Appli/TouchGFX/gui/src/screen1_screen/Screen1Presenter.cpp:28:6:virtual void Screen1Presenter::updatePres(int, int)	0	static
C:/Users/HP/git/STM32H7S78-DK-and-ESP8266_01_Openweather_Keyboard/Appli/TouchGFX/gui/src/screen1_screen/Screen1Presenter.cpp:32:6:virtual void Screen1Presenter::updateCity(int, char*)	0	static
C:/Users/HP/git/STM32H7S78-DK-and-ESP8266_01_Openweather_Keyboard/Appli/TouchGFX/gui/src/screen1_screen/Screen1Presenter.cpp:36:6:virtual void Screen1Presenter::updateYear(int)	0	static
C:/Users/HP/git/STM32H7S78-DK-and-ESP8266_01_Openweather_Keyboard/Appli/TouchGFX/gui/src/screen1_screen/Screen1Presenter.cpp:40:6:virtual void Screen1Presenter::updateMonth(int)	0	static
C:/Users/HP/git/STM32H7S78-DK-and-ESP8266_01_Openweather_Keyboard/Appli/TouchGFX/gui/src/screen1_screen/Screen1Presenter.cpp:44:6:virtual void Screen1Presenter::updateDay(int)	0	static
C:/Users/HP/git/STM32H7S78-DK-and-ESP8266_01_Openweather_Keyboard/Appli/TouchGFX/gui/src/screen1_screen/Screen1Presenter.cpp:48:6:virtual void Screen1Presenter::updateHour(int)	0	static
C:/Users/HP/git/STM32H7S78-DK-and-ESP8266_01_Openweather_Keyboard/Appli/TouchGFX/gui/src/screen1_screen/Screen1Presenter.cpp:52:6:virtual void Screen1Presenter::updateMinute(int)	0	static
C:/Users/HP/git/STM32H7S78-DK-and-ESP8266_01_Openweather_Keyboard/Appli/TouchGFX/gui/src/screen1_screen/Screen1Presenter.cpp:56:6:virtual void Screen1Presenter::updateIcon(int, char*)	0	static
C:/Users/HP/git/STM32H7S78-DK-and-ESP8266_01_Openweather_Keyboard/Appli/TouchGFX/gui/src/screen1_screen/Screen1Presenter.cpp:60:6:virtual void Screen1Presenter::updateDescription(int, char*)	0	static
C:/Users/HP/git/STM32H7S78-DK-and-ESP8266_01_Openweather_Keyboard/Appli/TouchGFX/gui/src/screen1_screen/Screen1Presenter.cpp:64:6:virtual void Screen1Presenter::updateSSID(char*)	0	static
C:/Users/HP/git/STM32H7S78-DK-and-ESP8266_01_Openweather_Keyboard/Appli/TouchGFX/gui/src/screen1_screen/Screen1Presenter.cpp:67:6:virtual void Screen1Presenter::updateSSIDList(char*)	0	static
../../Appli/../../Appli/TouchGFX/gui/include/gui/screen1_screen/Screen1Presenter.hpp:31:13:virtual void* Screen1Presenter::_ZThn4_N16Screen1PresenterD1Ev()	0	static
C:/Users/HP/git/STM32H7S78-DK-and-ESP8266_01_Openweather_Keyboard/Appli/TouchGFX/gui/src/screen1_screen/Screen1Presenter.cpp:4:1:Screen1Presenter::Screen1Presenter(Screen1View&)	0	static
C:/Users/HP/git/STM32H7S78-DK-and-ESP8266_01_Openweather_Keyboard/Appli/TouchGFX/gui/src/screen1_screen/Screen1Presenter.cpp:71:6:void Screen1Presenter::buttonClicked()	0	static
C:/Users/HP/git/STM32H7S78-DK-and-ESP8266_01_Openweather_Keyboard/Appli/TouchGFX/gui/src/screen1_screen/Screen1Presenter.cpp:77:6:void Screen1Presenter::hide_SSIDList()	0	static
