C:/Users/HP/git/STM32H7S78-DK-and-ESP8266_01_Openweather_Keyboard/Drivers/STM32H7RSxx_HAL_Driver/Src/stm32h7rsxx_hal_uart.c:3775:13:UART_EndTxTransfer	0	static,ignoring_inline_asm
C:/Users/HP/git/STM32H7S78-DK-and-ESP8266_01_Openweather_Keyboard/Drivers/STM32H7RSxx_HAL_Driver/Src/stm32h7rsxx_hal_uart.c:3792:13:UART_EndRxTransfer	8	static,ignoring_inline_asm
C:/Users/HP/git/STM32H7S78-DK-and-ESP8266_01_Openweather_Keyboard/Drivers/STM32H7RSxx_HAL_Driver/Src/stm32h7rsxx_hal_uart.c:4207:13:UART_TxISR_8BIT.part.0	0	static,ignoring_inline_asm
C:/Users/HP/git/STM32H7S78-DK-and-ESP8266_01_Openweather_Keyboard/Drivers/STM32H7RSxx_HAL_Driver/Src/stm32h7rsxx_hal_uart.c:4207:13:UART_TxISR_8BIT	0	static
C:/Users/HP/git/STM32H7S78-DK-and-ESP8266_01_Openweather_Keyboard/Drivers/STM32H7RSxx_HAL_Driver/Src/stm32h7rsxx_hal_uart.c:4236:13:UART_TxISR_16BIT	0	static
C:/Users/HP/git/STM32H7S78-DK-and-ESP8266_01_Openweather_Keyboard/Drivers/STM32H7RSxx_HAL_Driver/Src/stm32h7rsxx_hal_uart.c:4268:13:UART_TxISR_8BIT_FIFOEN	8	static,ignoring_inline_asm
C:/Users/HP/git/STM32H7S78-DK-and-ESP8266_01_Openweather_Keyboard/Drivers/STM32H7RSxx_HAL_Driver/Src/stm32h7rsxx_hal_uart.c:4308:13:UART_TxISR_16BIT_FIFOEN	8	static,ignoring_inline_asm
C:/Users/HP/git/STM32H7S78-DK-and-ESP8266_01_Openweather_Keyboard/Drivers/STM32H7RSxx_HAL_Driver/Src/stm32h7rsxx_hal_uart.c:681:13:HAL_UART_MspInit	0	static
C:/Users/HP/git/STM32H7S78-DK-and-ESP8266_01_Openweather_Keyboard/Drivers/STM32H7RSxx_HAL_Driver/Src/stm32h7rsxx_hal_uart.c:696:13:HAL_UART_MspDeInit	0	static
C:/Users/HP/git/STM32H7S78-DK-and-ESP8266_01_Openweather_Keyboard/Drivers/STM32H7RSxx_HAL_Driver/Src/stm32h7rsxx_hal_uart.c:634:19:HAL_UART_DeInit	16	static
C:/Users/HP/git/STM32H7S78-DK-and-ESP8266_01_Openweather_Keyboard/Drivers/STM32H7RSxx_HAL_Driver/Src/stm32h7rsxx_hal_uart.c:1293:19:HAL_UART_Transmit_IT	8	static,ignoring_inline_asm
C:/Users/HP/git/STM32H7S78-DK-and-ESP8266_01_Openweather_Keyboard/Drivers/STM32H7RSxx_HAL_Driver/Src/stm32h7rsxx_hal_uart.c:1403:19:HAL_UART_Transmit_DMA	16	static,ignoring_inline_asm
C:/Users/HP/git/STM32H7S78-DK-and-ESP8266_01_Openweather_Keyboard/Drivers/STM32H7RSxx_HAL_Driver/Src/stm32h7rsxx_hal_uart.c:1548:19:HAL_UART_DMAPause	16	static,ignoring_inline_asm
C:/Users/HP/git/STM32H7S78-DK-and-ESP8266_01_Openweather_Keyboard/Drivers/STM32H7RSxx_HAL_Driver/Src/stm32h7rsxx_hal_uart.c:1610:19:HAL_UART_DMAResume	8	static,ignoring_inline_asm
C:/Users/HP/git/STM32H7S78-DK-and-ESP8266_01_Openweather_Keyboard/Drivers/STM32H7RSxx_HAL_Driver/Src/stm32h7rsxx_hal_uart.c:1659:19:HAL_UART_DMAStop	16	static,ignoring_inline_asm
C:/Users/HP/git/STM32H7S78-DK-and-ESP8266_01_Openweather_Keyboard/Drivers/STM32H7RSxx_HAL_Driver/Src/stm32h7rsxx_hal_uart.c:1735:19:HAL_UART_Abort	8	static,ignoring_inline_asm
C:/Users/HP/git/STM32H7S78-DK-and-ESP8266_01_Openweather_Keyboard/Drivers/STM32H7RSxx_HAL_Driver/Src/stm32h7rsxx_hal_uart.c:1840:19:HAL_UART_AbortTransmit	8	static,ignoring_inline_asm
C:/Users/HP/git/STM32H7S78-DK-and-ESP8266_01_Openweather_Keyboard/Drivers/STM32H7RSxx_HAL_Driver/Src/stm32h7rsxx_hal_uart.c:1901:19:HAL_UART_AbortReceive	8	static,ignoring_inline_asm
C:/Users/HP/git/STM32H7S78-DK-and-ESP8266_01_Openweather_Keyboard/Drivers/STM32H7RSxx_HAL_Driver/Src/stm32h7rsxx_hal_uart.c:2672:13:HAL_UART_TxCpltCallback	0	static
C:/Users/HP/git/STM32H7S78-DK-and-ESP8266_01_Openweather_Keyboard/Drivers/STM32H7RSxx_HAL_Driver/Src/stm32h7rsxx_hal_uart.c:3819:13:UART_DMATransmitCplt	8	static,ignoring_inline_asm
C:/Users/HP/git/STM32H7S78-DK-and-ESP8266_01_Openweather_Keyboard/Drivers/STM32H7RSxx_HAL_Driver/Src/stm32h7rsxx_hal_uart.c:2687:13:HAL_UART_TxHalfCpltCallback	0	static
C:/Users/HP/git/STM32H7S78-DK-and-ESP8266_01_Openweather_Keyboard/Drivers/STM32H7RSxx_HAL_Driver/Src/stm32h7rsxx_hal_uart.c:3853:13:UART_DMATxHalfCplt	8	static
C:/Users/HP/git/STM32H7S78-DK-and-ESP8266_01_Openweather_Keyboard/Drivers/STM32H7RSxx_HAL_Driver/Src/stm32h7rsxx_hal_uart.c:2702:13:HAL_UART_RxCpltCallback	0	static
C:/Users/HP/git/STM32H7S78-DK-and-ESP8266_01_Openweather_Keyboard/Drivers/STM32H7RSxx_HAL_Driver/Src/stm32h7rsxx_hal_uart.c:2717:13:HAL_UART_RxHalfCpltCallback	0	static
C:/Users/HP/git/STM32H7S78-DK-and-ESP8266_01_Openweather_Keyboard/Drivers/STM32H7RSxx_HAL_Driver/Src/stm32h7rsxx_hal_uart.c:2732:13:HAL_UART_ErrorCallback	0	static
C:/Users/HP/git/STM32H7S78-DK-and-ESP8266_01_Openweather_Keyboard/Drivers/STM32H7RSxx_HAL_Driver/Src/stm32h7rsxx_hal_uart.c:3970:13:UART_DMAError	16	static
C:/Users/HP/git/STM32H7S78-DK-and-ESP8266_01_Openweather_Keyboard/Drivers/STM32H7RSxx_HAL_Driver/Src/stm32h7rsxx_hal_uart.c:4010:13:UART_DMAAbortOnError	8	static
C:/Users/HP/git/STM32H7S78-DK-and-ESP8266_01_Openweather_Keyboard/Drivers/STM32H7RSxx_HAL_Driver/Src/stm32h7rsxx_hal_uart.c:2747:13:HAL_UART_AbortCpltCallback	0	static
C:/Users/HP/git/STM32H7S78-DK-and-ESP8266_01_Openweather_Keyboard/Drivers/STM32H7RSxx_HAL_Driver/Src/stm32h7rsxx_hal_uart.c:1971:19:HAL_UART_Abort_IT	16	static,ignoring_inline_asm
C:/Users/HP/git/STM32H7S78-DK-and-ESP8266_01_Openweather_Keyboard/Drivers/STM32H7RSxx_HAL_Driver/Src/stm32h7rsxx_hal_uart.c:4088:13:UART_DMARxAbortCallback	8	static
C:/Users/HP/git/STM32H7S78-DK-and-ESP8266_01_Openweather_Keyboard/Drivers/STM32H7RSxx_HAL_Driver/Src/stm32h7rsxx_hal_uart.c:4033:13:UART_DMATxAbortCallback	8	static
C:/Users/HP/git/STM32H7S78-DK-and-ESP8266_01_Openweather_Keyboard/Drivers/STM32H7RSxx_HAL_Driver/Src/stm32h7rsxx_hal_uart.c:2762:13:HAL_UART_AbortTransmitCpltCallback	0	static
C:/Users/HP/git/STM32H7S78-DK-and-ESP8266_01_Openweather_Keyboard/Drivers/STM32H7RSxx_HAL_Driver/Src/stm32h7rsxx_hal_uart.c:2126:19:HAL_UART_AbortTransmit_IT	8	static,ignoring_inline_asm
C:/Users/HP/git/STM32H7S78-DK-and-ESP8266_01_Openweather_Keyboard/Drivers/STM32H7RSxx_HAL_Driver/Src/stm32h7rsxx_hal_uart.c:4140:13:UART_DMATxOnlyAbortCallback	8	static
C:/Users/HP/git/STM32H7S78-DK-and-ESP8266_01_Openweather_Keyboard/Drivers/STM32H7RSxx_HAL_Driver/Src/stm32h7rsxx_hal_uart.c:2777:13:HAL_UART_AbortReceiveCpltCallback	0	static
C:/Users/HP/git/STM32H7S78-DK-and-ESP8266_01_Openweather_Keyboard/Drivers/STM32H7RSxx_HAL_Driver/Src/stm32h7rsxx_hal_uart.c:2219:19:HAL_UART_AbortReceive_IT	8	static,ignoring_inline_asm
C:/Users/HP/git/STM32H7S78-DK-and-ESP8266_01_Openweather_Keyboard/Drivers/STM32H7RSxx_HAL_Driver/Src/stm32h7rsxx_hal_uart.c:4173:13:UART_DMARxOnlyAbortCallback	8	static
C:/Users/HP/git/STM32H7S78-DK-and-ESP8266_01_Openweather_Keyboard/Drivers/STM32H7RSxx_HAL_Driver/Src/stm32h7rsxx_hal_uart.c:2794:13:HAL_UARTEx_RxEventCallback	0	static
C:/Users/HP/git/STM32H7S78-DK-and-ESP8266_01_Openweather_Keyboard/Drivers/STM32H7RSxx_HAL_Driver/Src/stm32h7rsxx_hal_uart.c:2314:6:HAL_UART_IRQHandler	24	static,ignoring_inline_asm
C:/Users/HP/git/STM32H7S78-DK-and-ESP8266_01_Openweather_Keyboard/Drivers/STM32H7RSxx_HAL_Driver/Src/stm32h7rsxx_hal_uart.c:4374:13:UART_RxISR_8BIT	8	static,ignoring_inline_asm
C:/Users/HP/git/STM32H7S78-DK-and-ESP8266_01_Openweather_Keyboard/Drivers/STM32H7RSxx_HAL_Driver/Src/stm32h7rsxx_hal_uart.c:4465:13:UART_RxISR_16BIT	8	static,ignoring_inline_asm
C:/Users/HP/git/STM32H7S78-DK-and-ESP8266_01_Openweather_Keyboard/Drivers/STM32H7RSxx_HAL_Driver/Src/stm32h7rsxx_hal_uart.c:4558:13:UART_RxISR_8BIT_FIFOEN	32	static,ignoring_inline_asm
C:/Users/HP/git/STM32H7S78-DK-and-ESP8266_01_Openweather_Keyboard/Drivers/STM32H7RSxx_HAL_Driver/Src/stm32h7rsxx_hal_uart.c:4721:13:UART_RxISR_16BIT_FIFOEN	32	static,ignoring_inline_asm
C:/Users/HP/git/STM32H7S78-DK-and-ESP8266_01_Openweather_Keyboard/Drivers/STM32H7RSxx_HAL_Driver/Src/stm32h7rsxx_hal_uart.c:3932:13:UART_DMARxHalfCplt	8	static
C:/Users/HP/git/STM32H7S78-DK-and-ESP8266_01_Openweather_Keyboard/Drivers/STM32H7RSxx_HAL_Driver/Src/stm32h7rsxx_hal_uart.c:3871:13:UART_DMAReceiveCplt	8	static,ignoring_inline_asm
C:/Users/HP/git/STM32H7S78-DK-and-ESP8266_01_Openweather_Keyboard/Drivers/STM32H7RSxx_HAL_Driver/Src/stm32h7rsxx_hal_uart.c:2842:6:HAL_UART_ReceiverTimeout_Config	0	static
C:/Users/HP/git/STM32H7S78-DK-and-ESP8266_01_Openweather_Keyboard/Drivers/STM32H7RSxx_HAL_Driver/Src/stm32h7rsxx_hal_uart.c:2857:19:HAL_UART_EnableReceiverTimeout	0	static
C:/Users/HP/git/STM32H7S78-DK-and-ESP8266_01_Openweather_Keyboard/Drivers/STM32H7RSxx_HAL_Driver/Src/stm32h7rsxx_hal_uart.c:2895:19:HAL_UART_DisableReceiverTimeout	0	static
C:/Users/HP/git/STM32H7S78-DK-and-ESP8266_01_Openweather_Keyboard/Drivers/STM32H7RSxx_HAL_Driver/Src/stm32h7rsxx_hal_uart.c:2973:6:HAL_MultiProcessor_EnterMuteMode	0	static
C:/Users/HP/git/STM32H7S78-DK-and-ESP8266_01_Openweather_Keyboard/Drivers/STM32H7RSxx_HAL_Driver/Src/stm32h7rsxx_hal_uart.c:2983:19:HAL_HalfDuplex_EnableTransmitter	8	static,ignoring_inline_asm
C:/Users/HP/git/STM32H7S78-DK-and-ESP8266_01_Openweather_Keyboard/Drivers/STM32H7RSxx_HAL_Driver/Src/stm32h7rsxx_hal_uart.c:3006:19:HAL_HalfDuplex_EnableReceiver	8	static,ignoring_inline_asm
C:/Users/HP/git/STM32H7S78-DK-and-ESP8266_01_Openweather_Keyboard/Drivers/STM32H7RSxx_HAL_Driver/Src/stm32h7rsxx_hal_uart.c:3030:19:HAL_LIN_SendBreak	0	static
C:/Users/HP/git/STM32H7S78-DK-and-ESP8266_01_Openweather_Keyboard/Drivers/STM32H7RSxx_HAL_Driver/Src/stm32h7rsxx_hal_uart.c:3075:23:HAL_UART_GetState	0	static
C:/Users/HP/git/STM32H7S78-DK-and-ESP8266_01_Openweather_Keyboard/Drivers/STM32H7RSxx_HAL_Driver/Src/stm32h7rsxx_hal_uart.c:3091:10:HAL_UART_GetError	0	static
C:/Users/HP/git/STM32H7S78-DK-and-ESP8266_01_Openweather_Keyboard/Drivers/STM32H7RSxx_HAL_Driver/Src/stm32h7rsxx_hal_uart.c:3137:19:UART_SetConfig	16	static
C:/Users/HP/git/STM32H7S78-DK-and-ESP8266_01_Openweather_Keyboard/Drivers/STM32H7RSxx_HAL_Driver/Src/stm32h7rsxx_hal_uart.c:3393:6:UART_AdvFeatureConfig	8	static
C:/Users/HP/git/STM32H7S78-DK-and-ESP8266_01_Openweather_Keyboard/Drivers/STM32H7RSxx_HAL_Driver/Src/stm32h7rsxx_hal_uart.c:3538:19:UART_WaitOnFlagUntilTimeout	32	static
C:/Users/HP/git/STM32H7S78-DK-and-ESP8266_01_Openweather_Keyboard/Drivers/STM32H7RSxx_HAL_Driver/Src/stm32h7rsxx_hal_uart.c:1119:19:HAL_UART_Transmit	40	static
C:/Users/HP/git/STM32H7S78-DK-and-ESP8266_01_Openweather_Keyboard/Drivers/STM32H7RSxx_HAL_Driver/Src/stm32h7rsxx_hal_uart.c:1209:19:HAL_UART_Receive	40	static
C:/Users/HP/git/STM32H7S78-DK-and-ESP8266_01_Openweather_Keyboard/Drivers/STM32H7RSxx_HAL_Driver/Src/stm32h7rsxx_hal_uart.c:3469:19:UART_CheckIdleState	24	static,ignoring_inline_asm
C:/Users/HP/git/STM32H7S78-DK-and-ESP8266_01_Openweather_Keyboard/Drivers/STM32H7RSxx_HAL_Driver/Src/stm32h7rsxx_hal_uart.c:309:19:HAL_UART_Init	8	static
C:/Users/HP/git/STM32H7S78-DK-and-ESP8266_01_Openweather_Keyboard/Drivers/STM32H7RSxx_HAL_Driver/Src/stm32h7rsxx_hal_uart.c:384:19:HAL_HalfDuplex_Init	8	static
C:/Users/HP/git/STM32H7S78-DK-and-ESP8266_01_Openweather_Keyboard/Drivers/STM32H7RSxx_HAL_Driver/Src/stm32h7rsxx_hal_uart.c:459:19:HAL_LIN_Init	16	static
C:/Users/HP/git/STM32H7S78-DK-and-ESP8266_01_Openweather_Keyboard/Drivers/STM32H7RSxx_HAL_Driver/Src/stm32h7rsxx_hal_uart.c:558:19:HAL_MultiProcessor_Init	16	static
C:/Users/HP/git/STM32H7S78-DK-and-ESP8266_01_Openweather_Keyboard/Drivers/STM32H7RSxx_HAL_Driver/Src/stm32h7rsxx_hal_uart.c:2933:19:HAL_MultiProcessor_EnableMuteMode	0	static,ignoring_inline_asm
C:/Users/HP/git/STM32H7S78-DK-and-ESP8266_01_Openweather_Keyboard/Drivers/STM32H7RSxx_HAL_Driver/Src/stm32h7rsxx_hal_uart.c:2953:19:HAL_MultiProcessor_DisableMuteMode	0	static,ignoring_inline_asm
C:/Users/HP/git/STM32H7S78-DK-and-ESP8266_01_Openweather_Keyboard/Drivers/STM32H7RSxx_HAL_Driver/Src/stm32h7rsxx_hal_uart.c:3606:19:UART_Start_Receive_IT	12	static,ignoring_inline_asm
C:/Users/HP/git/STM32H7S78-DK-and-ESP8266_01_Openweather_Keyboard/Drivers/STM32H7RSxx_HAL_Driver/Src/stm32h7rsxx_hal_uart.c:1361:19:HAL_UART_Receive_IT	8	static,ignoring_inline_asm
C:/Users/HP/git/STM32H7S78-DK-and-ESP8266_01_Openweather_Keyboard/Drivers/STM32H7RSxx_HAL_Driver/Src/stm32h7rsxx_hal_uart.c:3679:19:UART_Start_Receive_DMA	16	static,ignoring_inline_asm
C:/Users/HP/git/STM32H7S78-DK-and-ESP8266_01_Openweather_Keyboard/Drivers/STM32H7RSxx_HAL_Driver/Src/stm32h7rsxx_hal_uart.c:1512:19:HAL_UART_Receive_DMA	8	static,ignoring_inline_asm
