C:/Users/HP/Downloads/STM32H7S78-DK_OpenWeather_Keyboard-main/STM32H7S78-DK_OpenWeather_Keyboard-main/Drivers/STM32H7RSxx_HAL_Driver/Src/stm32h7rsxx_hal_dma_ex.c:4040:17:DMA_List_CheckNodesBaseAddresses	0	static
C:/Users/HP/Downloads/STM32H7S78-DK_OpenWeather_Keyboard-main/STM32H7S78-DK_OpenWeather_Keyboard-main/Drivers/STM32H7RSxx_HAL_Driver/Src/stm32h7rsxx_hal_dma_ex.c:4083:17:DMA_List_CheckNodesTypes	0	static
C:/Users/HP/Downloads/STM32H7S78-DK_OpenWeather_Keyboard-main/STM32H7S78-DK_OpenWeather_Keyboard-main/Drivers/STM32H7RSxx_HAL_Driver/Src/stm32h7rsxx_hal_dma_ex.c:4184:17:DMA_List_FindNode	28	static
C:/Users/HP/Downloads/STM32H7S78-DK_OpenWeather_Keyboard-main/STM32H7S78-DK_OpenWeather_Keyboard-main/Drivers/STM32H7RSxx_HAL_Driver/Src/stm32h7rsxx_hal_dma_ex.c:4140:13:DMA_List_GetCLLRNodeInfo.isra	0	static
C:/Users/HP/Downloads/STM32H7S78-DK_OpenWeather_Keyboard-main/STM32H7S78-DK_OpenWeather_Keyboard-main/Drivers/STM32H7RSxx_HAL_Driver/Src/stm32h7rsxx_hal_dma_ex.c:4576:13:DMA_List_UpdateStaticQueueNodesCLLR	32	static
C:/Users/HP/Downloads/STM32H7S78-DK_OpenWeather_Keyboard-main/STM32H7S78-DK_OpenWeather_Keyboard-main/Drivers/STM32H7RSxx_HAL_Driver/Src/stm32h7rsxx_hal_dma_ex.c:4500:13:DMA_List_UpdateDynamicQueueNodesCLLR	48	static
C:/Users/HP/Downloads/STM32H7S78-DK_OpenWeather_Keyboard-main/STM32H7S78-DK_OpenWeather_Keyboard-main/Drivers/STM32H7RSxx_HAL_Driver/Src/stm32h7rsxx_hal_dma_ex.c:608:19:HAL_DMAEx_List_Init	16	static
C:/Users/HP/Downloads/STM32H7S78-DK_OpenWeather_Keyboard-main/STM32H7S78-DK_OpenWeather_Keyboard-main/Drivers/STM32H7RSxx_HAL_Driver/Src/stm32h7rsxx_hal_dma_ex.c:677:19:HAL_DMAEx_List_DeInit	16	static
C:/Users/HP/Downloads/STM32H7S78-DK_OpenWeather_Keyboard-main/STM32H7S78-DK_OpenWeather_Keyboard-main/Drivers/STM32H7RSxx_HAL_Driver/Src/stm32h7rsxx_hal_dma_ex.c:801:19:HAL_DMAEx_List_Start	24	static
C:/Users/HP/Downloads/STM32H7S78-DK_OpenWeather_Keyboard-main/STM32H7S78-DK_OpenWeather_Keyboard-main/Drivers/STM32H7RSxx_HAL_Driver/Src/stm32h7rsxx_hal_dma_ex.c:863:19:HAL_DMAEx_List_Start_IT	24	static
C:/Users/HP/Downloads/STM32H7S78-DK_OpenWeather_Keyboard-main/STM32H7S78-DK_OpenWeather_Keyboard-main/Drivers/STM32H7RSxx_HAL_Driver/Src/stm32h7rsxx_hal_dma_ex.c:1031:19:HAL_DMAEx_List_BuildNode	20	static
C:/Users/HP/Downloads/STM32H7S78-DK_OpenWeather_Keyboard-main/STM32H7S78-DK_OpenWeather_Keyboard-main/Drivers/STM32H7RSxx_HAL_Driver/Src/stm32h7rsxx_hal_dma_ex.c:1100:19:HAL_DMAEx_List_GetNodeConfig	12	static
C:/Users/HP/Downloads/STM32H7S78-DK_OpenWeather_Keyboard-main/STM32H7S78-DK_OpenWeather_Keyboard-main/Drivers/STM32H7RSxx_HAL_Driver/Src/stm32h7rsxx_hal_dma_ex.c:1124:19:HAL_DMAEx_List_InsertNode	56	static
C:/Users/HP/Downloads/STM32H7S78-DK_OpenWeather_Keyboard-main/STM32H7S78-DK_OpenWeather_Keyboard-main/Drivers/STM32H7RSxx_HAL_Driver/Src/stm32h7rsxx_hal_dma_ex.c:1254:19:HAL_DMAEx_List_InsertNode_Head	24	static
C:/Users/HP/Downloads/STM32H7S78-DK_OpenWeather_Keyboard-main/STM32H7S78-DK_OpenWeather_Keyboard-main/Drivers/STM32H7RSxx_HAL_Driver/Src/stm32h7rsxx_hal_dma_ex.c:1333:19:HAL_DMAEx_List_InsertNode_Tail	56	static
C:/Users/HP/Downloads/STM32H7S78-DK_OpenWeather_Keyboard-main/STM32H7S78-DK_OpenWeather_Keyboard-main/Drivers/STM32H7RSxx_HAL_Driver/Src/stm32h7rsxx_hal_dma_ex.c:1420:19:HAL_DMAEx_List_RemoveNode	48	static
C:/Users/HP/Downloads/STM32H7S78-DK_OpenWeather_Keyboard-main/STM32H7S78-DK_OpenWeather_Keyboard-main/Drivers/STM32H7RSxx_HAL_Driver/Src/stm32h7rsxx_hal_dma_ex.c:1561:19:HAL_DMAEx_List_RemoveNode_Head	48	static
C:/Users/HP/Downloads/STM32H7S78-DK_OpenWeather_Keyboard-main/STM32H7S78-DK_OpenWeather_Keyboard-main/Drivers/STM32H7RSxx_HAL_Driver/Src/stm32h7rsxx_hal_dma_ex.c:1658:19:HAL_DMAEx_List_RemoveNode_Tail	48	static
C:/Users/HP/Downloads/STM32H7S78-DK_OpenWeather_Keyboard-main/STM32H7S78-DK_OpenWeather_Keyboard-main/Drivers/STM32H7RSxx_HAL_Driver/Src/stm32h7rsxx_hal_dma_ex.c:1753:19:HAL_DMAEx_List_ReplaceNode	56	static
C:/Users/HP/Downloads/STM32H7S78-DK_OpenWeather_Keyboard-main/STM32H7S78-DK_OpenWeather_Keyboard-main/Drivers/STM32H7RSxx_HAL_Driver/Src/stm32h7rsxx_hal_dma_ex.c:1916:19:HAL_DMAEx_List_ReplaceNode_Head	56	static
C:/Users/HP/Downloads/STM32H7S78-DK_OpenWeather_Keyboard-main/STM32H7S78-DK_OpenWeather_Keyboard-main/Drivers/STM32H7RSxx_HAL_Driver/Src/stm32h7rsxx_hal_dma_ex.c:2013:19:HAL_DMAEx_List_ReplaceNode_Tail	56	static
C:/Users/HP/Downloads/STM32H7S78-DK_OpenWeather_Keyboard-main/STM32H7S78-DK_OpenWeather_Keyboard-main/Drivers/STM32H7RSxx_HAL_Driver/Src/stm32h7rsxx_hal_dma_ex.c:2104:19:HAL_DMAEx_List_ResetQ	40	static
C:/Users/HP/Downloads/STM32H7S78-DK_OpenWeather_Keyboard-main/STM32H7S78-DK_OpenWeather_Keyboard-main/Drivers/STM32H7RSxx_HAL_Driver/Src/stm32h7rsxx_hal_dma_ex.c:2176:19:HAL_DMAEx_List_InsertQ	80	static
C:/Users/HP/Downloads/STM32H7S78-DK_OpenWeather_Keyboard-main/STM32H7S78-DK_OpenWeather_Keyboard-main/Drivers/STM32H7RSxx_HAL_Driver/Src/stm32h7rsxx_hal_dma_ex.c:2384:19:HAL_DMAEx_List_InsertQ_Head	80	static
C:/Users/HP/Downloads/STM32H7S78-DK_OpenWeather_Keyboard-main/STM32H7S78-DK_OpenWeather_Keyboard-main/Drivers/STM32H7RSxx_HAL_Driver/Src/stm32h7rsxx_hal_dma_ex.c:2521:19:HAL_DMAEx_List_InsertQ_Tail	80	static
C:/Users/HP/Downloads/STM32H7S78-DK_OpenWeather_Keyboard-main/STM32H7S78-DK_OpenWeather_Keyboard-main/Drivers/STM32H7RSxx_HAL_Driver/Src/stm32h7rsxx_hal_dma_ex.c:2657:19:HAL_DMAEx_List_SetCircularModeConfig	56	static
C:/Users/HP/Downloads/STM32H7S78-DK_OpenWeather_Keyboard-main/STM32H7S78-DK_OpenWeather_Keyboard-main/Drivers/STM32H7RSxx_HAL_Driver/Src/stm32h7rsxx_hal_dma_ex.c:2752:19:HAL_DMAEx_List_SetCircularMode	56	static
C:/Users/HP/Downloads/STM32H7S78-DK_OpenWeather_Keyboard-main/STM32H7S78-DK_OpenWeather_Keyboard-main/Drivers/STM32H7RSxx_HAL_Driver/Src/stm32h7rsxx_hal_dma_ex.c:2835:19:HAL_DMAEx_List_ClearCircularMode	40	static
C:/Users/HP/Downloads/STM32H7S78-DK_OpenWeather_Keyboard-main/STM32H7S78-DK_OpenWeather_Keyboard-main/Drivers/STM32H7RSxx_HAL_Driver/Src/stm32h7rsxx_hal_dma_ex.c:2906:19:HAL_DMAEx_List_ConvertQToDynamic	152	static
C:/Users/HP/Downloads/STM32H7S78-DK_OpenWeather_Keyboard-main/STM32H7S78-DK_OpenWeather_Keyboard-main/Drivers/STM32H7RSxx_HAL_Driver/Src/stm32h7rsxx_hal_dma_ex.c:3008:19:HAL_DMAEx_List_ConvertQToStatic	128	static
C:/Users/HP/Downloads/STM32H7S78-DK_OpenWeather_Keyboard-main/STM32H7S78-DK_OpenWeather_Keyboard-main/Drivers/STM32H7RSxx_HAL_Driver/Src/stm32h7rsxx_hal_dma_ex.c:3085:19:HAL_DMAEx_List_LinkQ	0	static
C:/Users/HP/Downloads/STM32H7S78-DK_OpenWeather_Keyboard-main/STM32H7S78-DK_OpenWeather_Keyboard-main/Drivers/STM32H7RSxx_HAL_Driver/Src/stm32h7rsxx_hal_dma_ex.c:3166:19:HAL_DMAEx_List_UnLinkQ	0	static
C:/Users/HP/Downloads/STM32H7S78-DK_OpenWeather_Keyboard-main/STM32H7S78-DK_OpenWeather_Keyboard-main/Drivers/STM32H7RSxx_HAL_Driver/Src/stm32h7rsxx_hal_dma_ex.c:3235:19:HAL_DMAEx_ConfigDataHandling	0	static
C:/Users/HP/Downloads/STM32H7S78-DK_OpenWeather_Keyboard-main/STM32H7S78-DK_OpenWeather_Keyboard-main/Drivers/STM32H7RSxx_HAL_Driver/Src/stm32h7rsxx_hal_dma_ex.c:3275:19:HAL_DMAEx_ConfigTrigger	8	static
C:/Users/HP/Downloads/STM32H7S78-DK_OpenWeather_Keyboard-main/STM32H7S78-DK_OpenWeather_Keyboard-main/Drivers/STM32H7RSxx_HAL_Driver/Src/stm32h7rsxx_hal_dma_ex.c:3320:19:HAL_DMAEx_ConfigRepeatBlock	8	static
C:/Users/HP/Downloads/STM32H7S78-DK_OpenWeather_Keyboard-main/STM32H7S78-DK_OpenWeather_Keyboard-main/Drivers/STM32H7RSxx_HAL_Driver/Src/stm32h7rsxx_hal_dma_ex.c:3459:19:HAL_DMAEx_Suspend	16	static
C:/Users/HP/Downloads/STM32H7S78-DK_OpenWeather_Keyboard-main/STM32H7S78-DK_OpenWeather_Keyboard-main/Drivers/STM32H7RSxx_HAL_Driver/Src/stm32h7rsxx_hal_dma_ex.c:3518:19:HAL_DMAEx_Suspend_IT	0	static
C:/Users/HP/Downloads/STM32H7S78-DK_OpenWeather_Keyboard-main/STM32H7S78-DK_OpenWeather_Keyboard-main/Drivers/STM32H7RSxx_HAL_Driver/Src/stm32h7rsxx_hal_dma_ex.c:3552:19:HAL_DMAEx_Resume	0	static
C:/Users/HP/Downloads/STM32H7S78-DK_OpenWeather_Keyboard-main/STM32H7S78-DK_OpenWeather_Keyboard-main/Drivers/STM32H7RSxx_HAL_Driver/Src/stm32h7rsxx_hal_dma_ex.c:3613:10:HAL_DMAEx_GetFifoLevel	0	static
