C:/Users/HP/git/STM32H7S78-DK-and-ESP8266_01_Openweather_Keyboard/Drivers/STM32H7RSxx_HAL_Driver/Src/stm32h7rsxx_hal_gpu2d.c:302:13:HAL_GPU2D_MspInit	0	static
C:/Users/HP/git/STM32H7S78-DK-and-ESP8266_01_Openweather_Keyboard/Drivers/STM32H7RSxx_HAL_Driver/Src/stm32h7rsxx_hal_gpu2d.c:190:19:HAL_GPU2D_Init	8	static
C:/Users/HP/git/STM32H7S78-DK-and-ESP8266_01_Openweather_Keyboard/Drivers/STM32H7RSxx_HAL_Driver/Src/stm32h7rsxx_hal_gpu2d.c:318:13:HAL_GPU2D_MspDeInit	0	static
C:/Users/HP/git/STM32H7S78-DK-and-ESP8266_01_Openweather_Keyboard/Drivers/STM32H7RSxx_HAL_Driver/Src/stm32h7rsxx_hal_gpu2d.c:249:19:HAL_GPU2D_DeInit	8	static
C:/Users/HP/git/STM32H7S78-DK-and-ESP8266_01_Openweather_Keyboard/Drivers/STM32H7RSxx_HAL_Driver/Src/stm32h7rsxx_hal_gpu2d.c:567:10:HAL_GPU2D_ReadRegister	0	static
C:/Users/HP/git/STM32H7S78-DK-and-ESP8266_01_Openweather_Keyboard/Drivers/STM32H7RSxx_HAL_Driver/Src/stm32h7rsxx_hal_gpu2d.c:593:19:HAL_GPU2D_WriteRegister	0	static
C:/Users/HP/git/STM32H7S78-DK-and-ESP8266_01_Openweather_Keyboard/Drivers/STM32H7RSxx_HAL_Driver/Src/stm32h7rsxx_hal_gpu2d.c:659:13:HAL_GPU2D_CommandListCpltCallback	0	static
C:/Users/HP/git/STM32H7S78-DK-and-ESP8266_01_Openweather_Keyboard/Drivers/STM32H7RSxx_HAL_Driver/Src/stm32h7rsxx_hal_gpu2d.c:615:6:HAL_GPU2D_IRQHandler	8	static
C:/Users/HP/git/STM32H7S78-DK-and-ESP8266_01_Openweather_Keyboard/Drivers/STM32H7RSxx_HAL_Driver/Src/stm32h7rsxx_hal_gpu2d.c:676:13:HAL_GPU2D_ErrorCallback	0	static
C:/Users/HP/git/STM32H7S78-DK-and-ESP8266_01_Openweather_Keyboard/Drivers/STM32H7RSxx_HAL_Driver/Src/stm32h7rsxx_hal_gpu2d.c:647:6:HAL_GPU2D_ER_IRQHandler	8	static
C:/Users/HP/git/STM32H7S78-DK-and-ESP8266_01_Openweather_Keyboard/Drivers/STM32H7RSxx_HAL_Driver/Src/stm32h7rsxx_hal_gpu2d.c:718:24:HAL_GPU2D_GetState	0	static
C:/Users/HP/git/STM32H7S78-DK-and-ESP8266_01_Openweather_Keyboard/Drivers/STM32H7RSxx_HAL_Driver/Src/stm32h7rsxx_hal_gpu2d.c:729:10:HAL_GPU2D_GetError	0	static
