Archive member included to satisfy reference by file (symbol)

C:/ST/STM32CubeIDE_1.9.0/STM32CubeIDE/plugins/com.st.stm32cube.ide.mcu.externaltools.gnu-tools-for-stm32.13.3.rel1.win32_1.0.0.202411081344/tools/bin/../lib/gcc/arm-none-eabi/13.3.1/../../../../arm-none-eabi/lib/thumb/v7e-m+dp/hard\libc_nano.a(libc_a-exit.o)
                              C:/ST/STM32CubeIDE_1.9.0/STM32CubeIDE/plugins/com.st.stm32cube.ide.mcu.externaltools.gnu-tools-for-stm32.13.3.rel1.win32_1.0.0.202411081344/tools/bin/../lib/gcc/arm-none-eabi/13.3.1/../../../../arm-none-eabi/lib/thumb/v7e-m+dp/hard/crt0.o (exit)
C:/ST/STM32CubeIDE_1.9.0/STM32CubeIDE/plugins/com.st.stm32cube.ide.mcu.externaltools.gnu-tools-for-stm32.13.3.rel1.win32_1.0.0.202411081344/tools/bin/../lib/gcc/arm-none-eabi/13.3.1/../../../../arm-none-eabi/lib/thumb/v7e-m+dp/hard\libc_nano.a(libc_a-findfp.o)
                              C:/ST/STM32CubeIDE_1.9.0/STM32CubeIDE/plugins/com.st.stm32cube.ide.mcu.externaltools.gnu-tools-for-stm32.13.3.rel1.win32_1.0.0.202411081344/tools/bin/../lib/gcc/arm-none-eabi/13.3.1/../../../../arm-none-eabi/lib/thumb/v7e-m+dp/hard\libc_nano.a(libc_a-exit.o) (__stdio_exit_handler)
C:/ST/STM32CubeIDE_1.9.0/STM32CubeIDE/plugins/com.st.stm32cube.ide.mcu.externaltools.gnu-tools-for-stm32.13.3.rel1.win32_1.0.0.202411081344/tools/bin/../lib/gcc/arm-none-eabi/13.3.1/../../../../arm-none-eabi/lib/thumb/v7e-m+dp/hard\libc_nano.a(libc_a-fwalk.o)
                              C:/ST/STM32CubeIDE_1.9.0/STM32CubeIDE/plugins/com.st.stm32cube.ide.mcu.externaltools.gnu-tools-for-stm32.13.3.rel1.win32_1.0.0.202411081344/tools/bin/../lib/gcc/arm-none-eabi/13.3.1/../../../../arm-none-eabi/lib/thumb/v7e-m+dp/hard\libc_nano.a(libc_a-findfp.o) (_fwalk_sglue)
C:/ST/STM32CubeIDE_1.9.0/STM32CubeIDE/plugins/com.st.stm32cube.ide.mcu.externaltools.gnu-tools-for-stm32.13.3.rel1.win32_1.0.0.202411081344/tools/bin/../lib/gcc/arm-none-eabi/13.3.1/../../../../arm-none-eabi/lib/thumb/v7e-m+dp/hard\libc_nano.a(libc_a-stdio.o)
                              C:/ST/STM32CubeIDE_1.9.0/STM32CubeIDE/plugins/com.st.stm32cube.ide.mcu.externaltools.gnu-tools-for-stm32.13.3.rel1.win32_1.0.0.202411081344/tools/bin/../lib/gcc/arm-none-eabi/13.3.1/../../../../arm-none-eabi/lib/thumb/v7e-m+dp/hard\libc_nano.a(libc_a-findfp.o) (__sread)
C:/ST/STM32CubeIDE_1.9.0/STM32CubeIDE/plugins/com.st.stm32cube.ide.mcu.externaltools.gnu-tools-for-stm32.13.3.rel1.win32_1.0.0.202411081344/tools/bin/../lib/gcc/arm-none-eabi/13.3.1/../../../../arm-none-eabi/lib/thumb/v7e-m+dp/hard\libc_nano.a(libc_a-memset.o)
                              C:/ST/STM32CubeIDE_1.9.0/STM32CubeIDE/plugins/com.st.stm32cube.ide.mcu.externaltools.gnu-tools-for-stm32.13.3.rel1.win32_1.0.0.202411081344/tools/bin/../lib/gcc/arm-none-eabi/13.3.1/../../../../arm-none-eabi/lib/thumb/v7e-m+dp/hard/crt0.o (memset)
C:/ST/STM32CubeIDE_1.9.0/STM32CubeIDE/plugins/com.st.stm32cube.ide.mcu.externaltools.gnu-tools-for-stm32.13.3.rel1.win32_1.0.0.202411081344/tools/bin/../lib/gcc/arm-none-eabi/13.3.1/../../../../arm-none-eabi/lib/thumb/v7e-m+dp/hard\libc_nano.a(libc_a-closer.o)
                              C:/ST/STM32CubeIDE_1.9.0/STM32CubeIDE/plugins/com.st.stm32cube.ide.mcu.externaltools.gnu-tools-for-stm32.13.3.rel1.win32_1.0.0.202411081344/tools/bin/../lib/gcc/arm-none-eabi/13.3.1/../../../../arm-none-eabi/lib/thumb/v7e-m+dp/hard\libc_nano.a(libc_a-stdio.o) (_close_r)
C:/ST/STM32CubeIDE_1.9.0/STM32CubeIDE/plugins/com.st.stm32cube.ide.mcu.externaltools.gnu-tools-for-stm32.13.3.rel1.win32_1.0.0.202411081344/tools/bin/../lib/gcc/arm-none-eabi/13.3.1/../../../../arm-none-eabi/lib/thumb/v7e-m+dp/hard\libc_nano.a(libc_a-reent.o)
                              C:/ST/STM32CubeIDE_1.9.0/STM32CubeIDE/plugins/com.st.stm32cube.ide.mcu.externaltools.gnu-tools-for-stm32.13.3.rel1.win32_1.0.0.202411081344/tools/bin/../lib/gcc/arm-none-eabi/13.3.1/../../../../arm-none-eabi/lib/thumb/v7e-m+dp/hard\libc_nano.a(libc_a-closer.o) (errno)
C:/ST/STM32CubeIDE_1.9.0/STM32CubeIDE/plugins/com.st.stm32cube.ide.mcu.externaltools.gnu-tools-for-stm32.13.3.rel1.win32_1.0.0.202411081344/tools/bin/../lib/gcc/arm-none-eabi/13.3.1/../../../../arm-none-eabi/lib/thumb/v7e-m+dp/hard\libc_nano.a(libc_a-impure.o)
                              C:/ST/STM32CubeIDE_1.9.0/STM32CubeIDE/plugins/com.st.stm32cube.ide.mcu.externaltools.gnu-tools-for-stm32.13.3.rel1.win32_1.0.0.202411081344/tools/bin/../lib/gcc/arm-none-eabi/13.3.1/../../../../arm-none-eabi/lib/thumb/v7e-m+dp/hard\libc_nano.a(libc_a-reent.o) (_impure_ptr)
C:/ST/STM32CubeIDE_1.9.0/STM32CubeIDE/plugins/com.st.stm32cube.ide.mcu.externaltools.gnu-tools-for-stm32.13.3.rel1.win32_1.0.0.202411081344/tools/bin/../lib/gcc/arm-none-eabi/13.3.1/../../../../arm-none-eabi/lib/thumb/v7e-m+dp/hard\libc_nano.a(libc_a-lseekr.o)
[...]
Memory Configuration

Name             Origin             Length             Attributes
RAM              0x24000000         0x00071c00         xrw
ITCM             0x00000000         0x00010000         xrw
DTCM             0x20000000         0x00010000         rw
SRAMAHB          0x30000000         0x00008000         rw
BKPSRAM          0x38800000         0x00001000         rw
FLASH            0x08000000         0x00010000         xrw
*default*        0x00000000         0xffffffff

Linker script and memory map

LOAD C:/ST/STM32CubeIDE_1.9.0/STM32CubeIDE/plugins/com.st.stm32cube.ide.mcu.externaltools.gnu-tools-for-stm32.13.3.rel1.win32_1.0.0.202411081344/tools/bin/../lib/gcc/arm-none-eabi/13.3.1/thumb/v7e-m+dp/hard/crti.o
LOAD C:/ST/STM32CubeIDE_1.9.0/STM32CubeIDE/plugins/com.st.stm32cube.ide.mcu.externaltools.gnu-tools-for-stm32.13.3.rel1.win32_1.0.0.202411081344/tools/bin/../lib/gcc/arm-none-eabi/13.3.1/thumb/v7e-m+dp/hard/crtbegin.o
LOAD C:/ST/STM32CubeIDE_1.9.0/STM32CubeIDE/plugins/com.st.stm32cube.ide.mcu.externaltools.gnu-tools-for-stm32.13.3.rel1.win32_1.0.0.202411081344/tools/bin/../lib/gcc/arm-none-eabi/13.3.1/../../../../arm-none-eabi/lib/thumb/v7e-m+dp/hard/crt0.o
LOAD ./Application/User/Core/extmem_manager.o
LOAD ./Application/User/Core/main.o
LOAD ./Application/User/Core/stm32h7rsxx_hal_msp.o
LOAD ./Application/User/Core/stm32h7rsxx_it.o
LOAD ./Application/User/Core/syscalls.o
LOAD ./Application/User/Core/sysmem.o
LOAD ./Application/User/Startup/startup_stm32h7s7l8hxh.o
LOAD ./Drivers/CMSIS/system_stm32h7rsxx.o
LOAD ./Drivers/STM32H7RSxx_HAL_Driver/stm32h7rsxx_hal.o
LOAD ./Drivers/STM32H7RSxx_HAL_Driver/stm32h7rsxx_hal_cortex.o
LOAD ./Drivers/STM32H7RSxx_HAL_Driver/stm32h7rsxx_hal_dma.o
LOAD ./Drivers/STM32H7RSxx_HAL_Driver/stm32h7rsxx_hal_dma_ex.o
LOAD ./Drivers/STM32H7RSxx_HAL_Driver/stm32h7rsxx_hal_exti.o
LOAD ./Drivers/STM32H7RSxx_HAL_Driver/stm32h7rsxx_hal_flash.o
LOAD ./Drivers/STM32H7RSxx_HAL_Driver/stm32h7rsxx_hal_flash_ex.o
LOAD ./Drivers/STM32H7RSxx_HAL_Driver/stm32h7rsxx_hal_gpio.o
LOAD ./Drivers/STM32H7RSxx_HAL_Driver/stm32h7rsxx_hal_pwr.o
LOAD ./Drivers/STM32H7RSxx_HAL_Driver/stm32h7rsxx_hal_pwr_ex.o
LOAD ./Drivers/STM32H7RSxx_HAL_Driver/stm32h7rsxx_hal_rcc.o
LOAD ./Drivers/STM32H7RSxx_HAL_Driver/stm32h7rsxx_hal_rcc_ex.o
LOAD ./Drivers/STM32H7RSxx_HAL_Driver/stm32h7rsxx_hal_uart.o
LOAD ./Drivers/STM32H7RSxx_HAL_Driver/stm32h7rsxx_hal_uart_ex.o
LOAD ./Drivers/STM32H7RSxx_HAL_Driver/stm32h7rsxx_hal_xspi.o
LOAD ./Middlewares/STM32_ExtMem_Manager/stm32_boot_xip.o
LOAD ./Middlewares/STM32_ExtMem_Manager/stm32_extmem.o
LOAD ./Middlewares/STM32_ExtMem_Manager/stm32_psram_driver.o
LOAD ./Middlewares/STM32_ExtMem_Manager/stm32_sal_sd.o
LOAD ./Middlewares/STM32_ExtMem_Manager/stm32_sal_xspi.o
LOAD ./Middlewares/STM32_ExtMem_Manager/stm32_sdcard_driver.o
LOAD ./Middlewares/STM32_ExtMem_Manager/stm32_sfdp_data.o
LOAD ./Middlewares/STM32_ExtMem_Manager/stm32_sfdp_driver.o
LOAD ./Middlewares/STM32_ExtMem_Manager/stm32_user_driver.o
START GROUP
LOAD C:/ST/STM32CubeIDE_1.9.0/STM32CubeIDE/plugins/com.st.stm32cube.ide.mcu.externaltools.gnu-tools-for-stm32.13.3.rel1.win32_1.0.0.202411081344/tools/bin/../lib/gcc/arm-none-eabi/13.3.1/../../../../arm-none-eabi/lib/thumb/v7e-m+dp/hard\libstdc++_nano.a
LOAD C:/ST/STM32CubeIDE_1.9.0/STM32CubeIDE/plugins/com.st.stm32cube.ide.mcu.externaltools.gnu-tools-for-stm32.13.3.rel1.win32_1.0.0.202411081344/tools/bin/../lib/gcc/arm-none-eabi/13.3.1/../../../../arm-none-eabi/lib/thumb/v7e-m+dp/hard\libsupc++_nano.a
END GROUP
LOAD C:/ST/STM32CubeIDE_1.9.0/STM32CubeIDE/plugins/com.st.stm32cube.ide.mcu.externaltools.gnu-tools-for-stm32.13.3.rel1.win32_1.0.0.202411081344/tools/bin/../lib/gcc/arm-none-eabi/13.3.1/../../../../arm-none-eabi/lib/thumb/v7e-m+dp/hard\libstdc++_nano.a
LOAD C:/ST/STM32CubeIDE_1.9.0/STM32CubeIDE/plugins/com.st.stm32cube.ide.mcu.externaltools.gnu-tools-for-stm32.13.3.rel1.win32_1.0.0.202411081344/tools/bin/../lib/gcc/arm-none-eabi/13.3.1/../../../../arm-none-eabi/lib/thumb/v7e-m+dp/hard\libm.a
LOAD C:/ST/STM32CubeIDE_1.9.0/STM32CubeIDE/plugins/com.st.stm32cube.ide.mcu.externaltools.gnu-tools-for-stm32.13.3.rel1.win32_1.0.0.202411081344/tools/bin/../lib/gcc/arm-none-eabi/13.3.1/../../../../arm-none-eabi/lib/thumb/v7e-m+dp/hard\libc_nano.a
START GROUP
LOAD C:/ST/STM32CubeIDE_1.9.0/STM32CubeIDE/plugins/com.st.stm32cube.ide.mcu.externaltools.gnu-tools-for-stm32.13.3.rel1.win32_1.0.0.202411081344/tools/bin/../lib/gcc/arm-none-eabi/13.3.1/thumb/v7e-m+dp/hard\libgcc.a
LOAD C:/ST/STM32CubeIDE_1.9.0/STM32CubeIDE/plugins/com.st.stm32cube.ide.mcu.externaltools.gnu-tools-for-stm32.13.3.rel1.win32_1.0.0.202411081344/tools/bin/../lib/gcc/arm-none-eabi/13.3.1/../../../../arm-none-eabi/lib/thumb/v7e-m+dp/hard\libc_nano.a
END GROUP
START GROUP
LOAD C:/ST/STM32CubeIDE_1.9.0/STM32CubeIDE/plugins/com.st.stm32cube.ide.mcu.externaltools.gnu-tools-for-stm32.13.3.rel1.win32_1.0.0.202411081344/tools/bin/../lib/gcc/arm-none-eabi/13.3.1/thumb/v7e-m+dp/hard\libgcc.a
LOAD C:/ST/STM32CubeIDE_1.9.0/STM32CubeIDE/plugins/com.st.stm32cube.ide.mcu.externaltools.gnu-tools-for-stm32.13.3.rel1.win32_1.0.0.202411081344/tools/bin/../lib/gcc/arm-none-eabi/13.3.1/../../../../arm-none-eabi/lib/thumb/v7e-m+dp/hard\libc_nano.a
LOAD C:/ST/STM32CubeIDE_1.9.0/STM32CubeIDE/plugins/com.st.stm32cube.ide.mcu.externaltools.gnu-tools-for-stm32.13.3.rel1.win32_1.0.0.202411081344/tools/bin/../lib/gcc/arm-none-eabi/13.3.1/../../../../arm-none-eabi/lib/thumb/v7e-m+dp/hard\libnosys.a
END GROUP
START GROUP
LOAD C:/ST/STM32CubeIDE_1.9.0/STM32CubeIDE/plugins/com.st.stm32cube.ide.mcu.externaltools.gnu-tools-for-stm32.13.3.rel1.win32_1.0.0.202411081344/tools/bin/../lib/gcc/arm-none-eabi/13.3.1/thumb/v7e-m+dp/hard\libgcc.a
LOAD C:/ST/STM32CubeIDE_1.9.0/STM32CubeIDE/plugins/com.st.stm32cube.ide.mcu.externaltools.gnu-tools-for-stm32.13.3.rel1.win32_1.0.0.202411081344/tools/bin/../lib/gcc/arm-none-eabi/13.3.1/../../../../arm-none-eabi/lib/thumb/v7e-m+dp/hard\libc_nano.a
LOAD C:/ST/STM32CubeIDE_1.9.0/STM32CubeIDE/plugins/com.st.stm32cube.ide.mcu.externaltools.gnu-tools-for-stm32.13.3.rel1.win32_1.0.0.202411081344/tools/bin/../lib/gcc/arm-none-eabi/13.3.1/../../../../arm-none-eabi/lib/thumb/v7e-m+dp/hard\libnosys.a
END GROUP
LOAD C:/ST/STM32CubeIDE_1.9.0/STM32CubeIDE/plugins/com.st.stm32cube.ide.mcu.externaltools.gnu-tools-for-stm32.13.3.rel1.win32_1.0.0.202411081344/tools/bin/../lib/gcc/arm-none-eabi/13.3.1/thumb/v7e-m+dp/hard/crtend.o
LOAD C:/ST/STM32CubeIDE_1.9.0/STM32CubeIDE/plugins/com.st.stm32cube.ide.mcu.externaltools.gnu-tools-for-stm32.13.3.rel1.win32_1.0.0.202411081344/tools/bin/../lib/gcc/arm-none-eabi/13.3.1/thumb/v7e-m+dp/hard/crtn.o
                0x20010000                        _estack = (ORIGIN (DTCM) + LENGTH (DTCM))
                0x00001000                        _Min_Heap_Size = 0x1000
                0x00001000                        _Min_Stack_Size = 0x1000

.isr_vector     0x08000000      0x2b0
                0x08000000                        . = ALIGN (0x4)
 *(.isr_vector)
 .isr_vector    0x08000000      0x2b0 ./Application/User/Startup/startup_stm32h7s7l8hxh.o
                0x08000000                g_pfnVectors
                0x080002b0                        . = ALIGN (0x4)

.text           0x080002b0     0x9620
                0x080002b0                        . = ALIGN (0x4)
 *(.text)
 .text          0x080002b0       0x40 C:/ST/STM32CubeIDE_1.9.0/STM32CubeIDE/plugins/com.st.stm32cube.ide.mcu.externaltools.gnu-tools-for-stm32.13.3.rel1.win32_1.0.0.202411081344/tools/bin/../lib/gcc/arm-none-eabi/13.3.1/thumb/v7e-m+dp/hard/crtbegin.o
 *(.text*)
 .text.MX_EXTMEM_MANAGER_Init
                0x080002f0       0xec ./Application/User/Core/extmem_manager.o
                0x080002f0                MX_EXTMEM_MANAGER_Init
 .text.main     0x080003dc      0x108 ./Application/User/Core/main.o
                0x080003dc                main
 .text.SystemClock_Config
                0x080004e4      0x126 ./Application/User/Core/main.o
                0x080004e4                SystemClock_Config
 .text.MX_FLASH_Init
                0x0800060a       0xaa ./Application/User/Core/main.o
 .text.MX_HPDMA1_Init
                0x080006b4       0x30 ./Application/User/Core/main.o
 .text.MX_SBS_Init
                0x080006e4        0xe ./Application/User/Core/main.o
 *fill*         0x080006f2        0x2 
 .text.MX_XSPI1_Init
                0x080006f4       0xb8 ./Application/User/Core/main.o
 .text.MX_XSPI2_Init
                0x080007ac       0xb4 ./Application/User/Core/main.o
 .text.MX_GPIO_Init
                0x08000860       0x64 ./Application/User/Core/main.o
 .text.Error_Handler
                0x080008c4        0xc ./Application/User/Core/main.o
                0x080008c4                Error_Handler
 .text.HAL_MspInit
                0x080008d0       0xf0 ./Application/User/Core/stm32h7rsxx_hal_msp.o
                0x080008d0                HAL_MspInit
 .text.HAL_XSPI_MspInit
                0x080009c0      0x214 ./Application/User/Core/stm32h7rsxx_hal_msp.o
                0x080009c0                HAL_XSPI_MspInit
 .text.NMI_Handler
                0x08000bd4        0x8 ./Application/User/Core/stm32h7rsxx_it.o
                0x08000bd4                NMI_Handler
 .text.HardFault_Handler
                0x08000bdc        0x8 ./Application/User/Core/stm32h7rsxx_it.o
                0x08000bdc                HardFault_Handler
 .text.MemManage_Handler
                0x08000be4        0x8 ./Application/User/Core/stm32h7rsxx_it.o
                0x08000be4                MemManage_Handler
 .text.BusFault_Handler
                0x08000bec        0x8 ./Application/User/Core/stm32h7rsxx_it.o
                0x08000bec                BusFault_Handler
 .text.UsageFault_Handler
                0x08000bf4        0x8 ./Application/User/Core/stm32h7rsxx_it.o
                0x08000bf4                UsageFault_Handler
 .text.SVC_Handler
                0x08000bfc        0xe ./Application/User/Core/stm32h7rsxx_it.o
                0x08000bfc                SVC_Handler
 .text.DebugMon_Handler
                0x08000c0a        0xe ./Application/User/Core/stm32h7rsxx_it.o
                0x08000c0a                DebugMon_Handler
 .text.PendSV_Handler
                0x08000c18        0xe ./Application/User/Core/stm32h7rsxx_it.o
                0x08000c18                PendSV_Handler
 .text.SysTick_Handler
                0x08000c26        0xc ./Application/User/Core/stm32h7rsxx_it.o
                0x08000c26                SysTick_Handler
 .text.RCC_IRQHandler
                0x08000c32        0xe ./Application/User/Core/stm32h7rsxx_it.o
                0x08000c32                RCC_IRQHandler
 .text.FLASH_IRQHandler
                0x08000c40        0xc ./Application/User/Core/stm32h7rsxx_it.o
                0x08000c40                FLASH_IRQHandler
 .text.FPU_IRQHandler
                0x08000c4c        0xe ./Application/User/Core/stm32h7rsxx_it.o
                0x08000c4c                FPU_IRQHandler
 *fill*         0x08000c5a        0x2 
 .text.XSPI1_IRQHandler
                0x08000c5c       0x14 ./Application/User/Core/stm32h7rsxx_it.o
                0x08000c5c                XSPI1_IRQHandler
 .text.XSPI2_IRQHandler
                0x08000c70       0x14 ./Application/User/Core/stm32h7rsxx_it.o
                0x08000c70                XSPI2_IRQHandler
 .text.Reset_Handler
                0x08000c84       0x50 ./Application/User/Startup/startup_stm32h7s7l8hxh.o
                0x08000c84                Reset_Handler
 .text.Default_Handler
                0x08000cd4        0x2 ./Application/User/Startup/startup_stm32h7s7l8hxh.o
                0x08000cd4                HPDMA1_Channel13_IRQHandler
                0x08000cd4                EXTI2_IRQHandler
                0x08000cd4                MCE2_IRQHandler
                0x08000cd4                SAI1_A_IRQHandler
                0x08000cd4                EXTI5_IRQHandler
                0x08000cd4                I3C1_ER_IRQHandler
                0x08000cd4                UART8_IRQHandler
                0x08000cd4                SPI4_IRQHandler
                0x08000cd4                EXTI13_IRQHandler
                0x08000cd4                TIM1_CC_IRQHandler
                0x08000cd4                JPEG_IRQHandler
                0x08000cd4                TAMP_IRQHandler
                0x08000cd4                TIM6_IRQHandler
                0x08000cd4                EXTI12_IRQHandler
                0x08000cd4                CORDIC_IRQHandler
                0x08000cd4                GFXTIM_IRQHandler
                0x08000cd4                EXTI3_IRQHandler
                0x08000cd4                LPTIM4_IRQHandler
                0x08000cd4                GPDMA1_Channel5_IRQHandler
                0x08000cd4                EXTI8_IRQHandler
                0x08000cd4                LPTIM2_IRQHandler
                0x08000cd4                GFXMMU_IRQHandler
                0x08000cd4                I2C3_ER_IRQHandler
                0x08000cd4                LPTIM3_IRQHandler
                0x08000cd4                SAI2_A_IRQHandler
                0x08000cd4                EXTI0_IRQHandler
                0x08000cd4                HPDMA1_Channel9_IRQHandler
                0x08000cd4                I2C2_EV_IRQHandler
                0x08000cd4                GPU2D_IRQHandler
                0x08000cd4                GPDMA1_Channel3_IRQHandler
                0x08000cd4                GPDMA1_Channel7_IRQHandler
                0x08000cd4                FDCAN1_IT1_IRQHandler
                0x08000cd4                HPDMA1_Channel3_IRQHandler
                0x08000cd4                LTDC_ER_IRQHandler
                0x08000cd4                ADC1_2_IRQHandler
                0x08000cd4                GPDMA1_Channel9_IRQHandler
                0x08000cd4                SPI1_IRQHandler
                0x08000cd4                SAI1_B_IRQHandler
                0x08000cd4                GPDMA1_Channel2_IRQHandler
                0x08000cd4                I3C1_WKUP_IRQHandler
                0x08000cd4                PKA_IRQHandler
                0x08000cd4                HPDMA1_Channel2_IRQHandler
                0x08000cd4                EXTI15_IRQHandler
                0x08000cd4                TIM17_IRQHandler
                0x08000cd4                USART3_IRQHandler
                0x08000cd4                HPDMA1_Channel6_IRQHandler
                0x08000cd4                CRYP_IRQHandler
                0x08000cd4                RTC_IRQHandler
                0x08000cd4                EXTI9_IRQHandler
                0x08000cd4                HPDMA1_Channel0_IRQHandler
                0x08000cd4                LPTIM5_IRQHandler
                0x08000cd4                HPDMA1_Channel1_IRQHandler
                0x08000cd4                UART5_IRQHandler
                0x08000cd4                TIM4_IRQHandler
                0x08000cd4                I2C1_EV_IRQHandler
                0x08000cd4                GPDMA1_Channel12_IRQHandler
                0x08000cd4                HPDMA1_Channel7_IRQHandler
                0x08000cd4                GPDMA1_Channel1_IRQHandler
                0x08000cd4                TIM16_IRQHandler
                0x08000cd4                GPDMA1_Channel15_IRQHandler
                0x08000cd4                UART4_IRQHandler
                0x08000cd4                TIM3_IRQHandler
                0x08000cd4                TIM1_TRG_COM_IRQHandler
                0x08000cd4                SAI2_B_IRQHandler
                0x08000cd4                Default_Handler
                0x08000cd4                GPDMA1_Channel8_IRQHandler
                0x08000cd4                HPDMA1_Channel8_IRQHandler
                0x08000cd4                CEC_IRQHandler
                0x08000cd4                TIM14_IRQHandler
                0x08000cd4                TIM13_IRQHandler
                0x08000cd4                GPDMA1_Channel11_IRQHandler
                0x08000cd4                GPU2D_ER_IRQHandler
                0x08000cd4                SPI5_IRQHandler
                0x08000cd4                TIM12_IRQHandler
                0x08000cd4                TIM7_IRQHandler
                0x08000cd4                HPDMA1_Channel10_IRQHandler
                0x08000cd4                SDMMC1_IRQHandler
                0x08000cd4                SAES_IRQHandler
                0x08000cd4                TIM5_IRQHandler
                0x08000cd4                UCPD1_IRQHandler
                0x08000cd4                GPDMA1_Channel0_IRQHandler
                0x08000cd4                I3C1_EV_IRQHandler
                0x08000cd4                HPDMA1_Channel5_IRQHandler
                0x08000cd4                TIM15_IRQHandler
                0x08000cd4                I2C3_EV_IRQHandler
                0x08000cd4                HPDMA1_Channel4_IRQHandler
                0x08000cd4                HPDMA1_Channel15_IRQHandler
                0x08000cd4                TIM9_IRQHandler
                0x08000cd4                LTDC_IRQHandler
                0x08000cd4                SPDIF_RX_IRQHandler
                0x08000cd4                PVD_PVM_IRQHandler
                0x08000cd4                SPI2_IRQHandler
                0x08000cd4                HPDMA1_Channel11_IRQHandler
                0x08000cd4                EXTI14_IRQHandler
                0x08000cd4                EXTI11_IRQHandler
                0x08000cd4                CRS_IRQHandler
                0x08000cd4                GPDMA1_Channel14_IRQHandler
                0x08000cd4                EXTI4_IRQHandler
                0x08000cd4                GPDMA1_Channel13_IRQHandler
                0x08000cd4                RNG_IRQHandler
                0x08000cd4                FDCAN2_IT1_IRQHandler
                0x08000cd4                ETH_IRQHandler
                0x08000cd4                TIM1_UP_IRQHandler
                0x08000cd4                WWDG_IRQHandler
                0x08000cd4                SPI6_IRQHandler
                0x08000cd4                MDIOS_IRQHandler
                0x08000cd4                FDCAN2_IT0_IRQHandler
                0x08000cd4                IWDG_IRQHandler
                0x08000cd4                HPDMA1_Channel14_IRQHandler
                0x08000cd4                LPUART1_IRQHandler
                0x08000cd4                FDCAN1_IT0_IRQHandler
                0x08000cd4                TIM2_IRQHandler
                0x08000cd4                PSSI_IRQHandler
                0x08000cd4                MCE3_IRQHandler
                0x08000cd4                GPDMA1_Channel4_IRQHandler
                0x08000cd4                OTG_HS_IRQHandler
                0x08000cd4                EXTI7_IRQHandler
                0x08000cd4                DMA2D_IRQHandler
                0x08000cd4                TIM1_BRK_IRQHandler
                0x08000cd4                EXTI1_IRQHandler
                0x08000cd4                SDMMC2_IRQHandler
                0x08000cd4                UART7_IRQHandler
                0x08000cd4                DTS_IRQHandler
                0x08000cd4                USART2_IRQHandler
                0x08000cd4                GPDMA1_Channel6_IRQHandler
                0x08000cd4                ADF1_FLT0_IRQHandler
                0x08000cd4                RAMECC_IRQHandler
                0x08000cd4                I2C2_ER_IRQHandler
                0x08000cd4                MCE1_IRQHandler
                0x08000cd4                HPDMA1_Channel12_IRQHandler
                0x08000cd4                USART1_IRQHandler
                0x08000cd4                EXTI10_IRQHandler
                0x08000cd4                OTG_FS_IRQHandler
                0x08000cd4                SPI3_IRQHandler
                0x08000cd4                WAKEUP_PIN_IRQHandler
                0x08000cd4                DCMIPP_IRQHandler
                0x08000cd4                I2C1_ER_IRQHandler
                0x08000cd4                FMC_IRQHandler
                0x08000cd4                EXTI6_IRQHandler
                0x08000cd4                LPTIM1_IRQHandler
                0x08000cd4                GPDMA1_Channel10_IRQHandler
                0x08000cd4                ICACHE_IRQHandler
                0x08000cd4                HASH_IRQHandler
 *fill*         0x08000cd6        0x2 
 .text.SystemInit
                0x08000cd8       0x24 ./Drivers/CMSIS/system_stm32h7rsxx.o
                0x08000cd8                SystemInit
 .text.HAL_Init
                0x08000cfc       0x30 ./Drivers/STM32H7RSxx_HAL_Driver/stm32h7rsxx_hal.o
                0x08000cfc                HAL_Init
 .text.HAL_InitTick
                0x08000d2c       0x78 ./Drivers/STM32H7RSxx_HAL_Driver/stm32h7rsxx_hal.o
                0x08000d2c                HAL_InitTick
 .text.HAL_IncTick
                0x08000da4       0x28 ./Drivers/STM32H7RSxx_HAL_Driver/stm32h7rsxx_hal.o
                0x08000da4                HAL_IncTick
 .text.HAL_GetTick
                0x08000dcc       0x18 ./Drivers/STM32H7RSxx_HAL_Driver/stm32h7rsxx_hal.o
                0x08000dcc                HAL_GetTick
 .text.HAL_Delay
                0x08000de4       0x48 ./Drivers/STM32H7RSxx_HAL_Driver/stm32h7rsxx_hal.o
                0x08000de4                HAL_Delay
 .text.HAL_SuspendTick
                0x08000e2c       0x20 ./Drivers/STM32H7RSxx_HAL_Driver/stm32h7rsxx_hal.o
                0x08000e2c                HAL_SuspendTick
 .text.HAL_SBS_EnableCompensationCell
                0x08000e4c       0x28 ./Drivers/STM32H7RSxx_HAL_Driver/stm32h7rsxx_hal.o
                0x08000e4c                HAL_SBS_EnableCompensationCell
 .text.HAL_SBS_GetCompensationCellReadyStatus
                0x08000e74       0x2c ./Drivers/STM32H7RSxx_HAL_Driver/stm32h7rsxx_hal.o
                0x08000e74                HAL_SBS_GetCompensationCellReadyStatus
 .text.HAL_SBS_ConfigCompensationCell
                0x08000ea0       0xa8 ./Drivers/STM32H7RSxx_HAL_Driver/stm32h7rsxx_hal.o
                0x08000ea0                HAL_SBS_ConfigCompensationCell
 .text.HAL_SBS_EnableIOSpeedOptimize
                0x08000f48       0x28 ./Drivers/STM32H7RSxx_HAL_Driver/stm32h7rsxx_hal.o
                0x08000f48                HAL_SBS_EnableIOSpeedOptimize
 .text.__NVIC_SetPriorityGrouping
                0x08000f70       0x48 ./Drivers/STM32H7RSxx_HAL_Driver/stm32h7rsxx_hal_cortex.o
 .text.__NVIC_GetPriorityGrouping
                0x08000fb8       0x1c ./Drivers/STM32H7RSxx_HAL_Driver/stm32h7rsxx_hal_cortex.o
 .text.__NVIC_EnableIRQ
                0x08000fd4       0x3c ./Drivers/STM32H7RSxx_HAL_Driver/stm32h7rsxx_hal_cortex.o
 .text.__NVIC_SetPriority
                0x08001010       0x54 ./Drivers/STM32H7RSxx_HAL_Driver/stm32h7rsxx_hal_cortex.o
 .text.NVIC_EncodePriority
                0x08001064       0x66 ./Drivers/STM32H7RSxx_HAL_Driver/stm32h7rsxx_hal_cortex.o
 *fill*         0x080010ca        0x2 
 .text.SysTick_Config
                0x080010cc       0x44 ./Drivers/STM32H7RSxx_HAL_Driver/stm32h7rsxx_hal_cortex.o
 .text.HAL_NVIC_SetPriorityGrouping
                0x08001110       0x16 ./Drivers/STM32H7RSxx_HAL_Driver/stm32h7rsxx_hal_cortex.o
                0x08001110                HAL_NVIC_SetPriorityGrouping
 .text.HAL_NVIC_SetPriority
                0x08001126       0x34 ./Drivers/STM32H7RSxx_HAL_Driver/stm32h7rsxx_hal_cortex.o
                0x08001126                HAL_NVIC_SetPriority
 .text.HAL_NVIC_EnableIRQ
                0x0800115a       0x1c ./Drivers/STM32H7RSxx_HAL_Driver/stm32h7rsxx_hal_cortex.o
                0x0800115a                HAL_NVIC_EnableIRQ
 .text.HAL_SYSTICK_Config
                0x08001176       0x18 ./Drivers/STM32H7RSxx_HAL_Driver/stm32h7rsxx_hal_cortex.o
                0x08001176                HAL_SYSTICK_Config
 .text.HAL_DMA_Abort
                0x0800118e       0xf8 ./Drivers/STM32H7RSxx_HAL_Driver/stm32h7rsxx_hal_dma.o
                0x0800118e                HAL_DMA_Abort
 .text.HAL_DMA_Abort_IT
                0x08001286       0x50 ./Drivers/STM32H7RSxx_HAL_Driver/stm32h7rsxx_hal_dma.o
                0x08001286                HAL_DMA_Abort_IT
 *fill*         0x080012d6        0x2 
 .text.HAL_FLASH_IRQHandler
                0x080012d8      0x164 ./Drivers/STM32H7RSxx_HAL_Driver/stm32h7rsxx_hal_flash.o
                0x080012d8                HAL_FLASH_IRQHandler
 .text.HAL_FLASH_EndOfOperationCallback
                0x0800143c       0x14 ./Drivers/STM32H7RSxx_HAL_Driver/stm32h7rsxx_hal_flash.o
                0x0800143c                HAL_FLASH_EndOfOperationCallback
 .text.HAL_FLASH_OperationErrorCallback
                0x08001450       0x14 ./Drivers/STM32H7RSxx_HAL_Driver/stm32h7rsxx_hal_flash.o
                0x08001450                HAL_FLASH_OperationErrorCallback
 .text.HAL_FLASH_Unlock
                0x08001464       0x44 ./Drivers/STM32H7RSxx_HAL_Driver/stm32h7rsxx_hal_flash.o
                0x08001464                HAL_FLASH_Unlock
 .text.HAL_FLASH_Lock
                0x080014a8       0x30 ./Drivers/STM32H7RSxx_HAL_Driver/stm32h7rsxx_hal_flash.o
                0x080014a8                HAL_FLASH_Lock
 .text.HAL_FLASH_OB_Unlock
                0x080014d8       0x4c ./Drivers/STM32H7RSxx_HAL_Driver/stm32h7rsxx_hal_flash.o
                0x080014d8                HAL_FLASH_OB_Unlock
 .text.HAL_FLASH_OB_Lock
                0x08001524       0x38 ./Drivers/STM32H7RSxx_HAL_Driver/stm32h7rsxx_hal_flash.o
                0x08001524                HAL_FLASH_OB_Lock
 .text.FLASH_WaitForLastOperation
                0x0800155c       0xac ./Drivers/STM32H7RSxx_HAL_Driver/stm32h7rsxx_hal_flash.o
                0x0800155c                FLASH_WaitForLastOperation
 .text.HAL_FLASHEx_OBProgram
                0x08001608       0xec ./Drivers/STM32H7RSxx_HAL_Driver/stm32h7rsxx_hal_flash_ex.o
                0x08001608                HAL_FLASHEx_OBProgram
 .text.HAL_FLASHEx_OBGetConfig
                0x080016f4       0x62 ./Drivers/STM32H7RSxx_HAL_Driver/stm32h7rsxx_hal_flash_ex.o
                0x080016f4                HAL_FLASHEx_OBGetConfig
 .text.HAL_FLASHEx_EccCorrectionCallback
                0x08001756        0xe ./Drivers/STM32H7RSxx_HAL_Driver/stm32h7rsxx_hal_flash_ex.o
                0x08001756                HAL_FLASHEx_EccCorrectionCallback
 .text.HAL_FLASHEx_EccDetectionCallback
                0x08001764        0xe ./Drivers/STM32H7RSxx_HAL_Driver/stm32h7rsxx_hal_flash_ex.o
                0x08001764                HAL_FLASHEx_EccDetectionCallback
 *fill*         0x08001772        0x2 
 .text.FLASH_SectorErase
                0x08001774       0x30 ./Drivers/STM32H7RSxx_HAL_Driver/stm32h7rsxx_hal_flash_ex.o
                0x08001774                FLASH_SectorErase
 .text.FLASH_OB_WRPConfig
                0x080017a4       0x50 ./Drivers/STM32H7RSxx_HAL_Driver/stm32h7rsxx_hal_flash_ex.o
 .text.FLASH_OB_UserConfig
                0x080017f4      0x1ec ./Drivers/STM32H7RSxx_HAL_Driver/stm32h7rsxx_hal_flash_ex.o
 .text.FLASH_OB_HDPConfig
                0x080019e0       0x34 ./Drivers/STM32H7RSxx_HAL_Driver/stm32h7rsxx_hal_flash_ex.o
 .text.FLASH_OB_NVConfig
                0x08001a14       0x2c ./Drivers/STM32H7RSxx_HAL_Driver/stm32h7rsxx_hal_flash_ex.o
 .text.FLASH_OB_GetWRP
                0x08001a40       0x44 ./Drivers/STM32H7RSxx_HAL_Driver/stm32h7rsxx_hal_flash_ex.o
 .text.FLASH_OB_GetUser
                0x08001a84       0x30 ./Drivers/STM32H7RSxx_HAL_Driver/stm32h7rsxx_hal_flash_ex.o
 .text.FLASH_OB_GetHDP
                0x08001ab4       0x34 ./Drivers/STM32H7RSxx_HAL_Driver/stm32h7rsxx_hal_flash_ex.o
 .text.FLASH_OB_GetNV
                0x08001ae8       0x1c ./Drivers/STM32H7RSxx_HAL_Driver/stm32h7rsxx_hal_flash_ex.o
 .text.FLASH_OB_GetRoT
                0x08001b04       0x1c ./Drivers/STM32H7RSxx_HAL_Driver/stm32h7rsxx_hal_flash_ex.o
 .text.FLASH_OB_GetEpoch
                0x08001b20       0x1c ./Drivers/STM32H7RSxx_HAL_Driver/stm32h7rsxx_hal_flash_ex.o
 .text.HAL_GPIO_Init
                0x08001b3c      0x2ac ./Drivers/STM32H7RSxx_HAL_Driver/stm32h7rsxx_hal_gpio.o
                0x08001b3c                HAL_GPIO_Init
 .text.HAL_PWREx_ConfigSupply
                0x08001de8       0xa4 ./Drivers/STM32H7RSxx_HAL_Driver/stm32h7rsxx_hal_pwr_ex.o
                0x08001de8                HAL_PWREx_ConfigSupply
 .text.HAL_PWREx_ControlVoltageScaling
                0x08001e8c       0x50 ./Drivers/STM32H7RSxx_HAL_Driver/stm32h7rsxx_hal_pwr_ex.o
                0x08001e8c                HAL_PWREx_ControlVoltageScaling
 .text.HAL_PWREx_EnableXSPIM1
                0x08001edc       0x20 ./Drivers/STM32H7RSxx_HAL_Driver/stm32h7rsxx_hal_pwr_ex.o
                0x08001edc                HAL_PWREx_EnableXSPIM1
 .text.HAL_PWREx_EnableXSPIM2
                0x08001efc       0x20 ./Drivers/STM32H7RSxx_HAL_Driver/stm32h7rsxx_hal_pwr_ex.o
                0x08001efc                HAL_PWREx_EnableXSPIM2
 .text.HAL_RCC_OscConfig
                0x08001f1c      0x674 ./Drivers/STM32H7RSxx_HAL_Driver/stm32h7rsxx_hal_rcc.o
                0x08001f1c                HAL_RCC_OscConfig
 .text.HAL_RCC_ClockConfig
                0x08002590      0x330 ./Drivers/STM32H7RSxx_HAL_Driver/stm32h7rsxx_hal_rcc.o
                0x08002590                HAL_RCC_ClockConfig
 .text.HAL_RCC_GetSysClockFreq
                0x080028c0      0x2cc ./Drivers/STM32H7RSxx_HAL_Driver/stm32h7rsxx_hal_rcc.o
                0x080028c0                HAL_RCC_GetSysClockFreq
 .text.HAL_RCC_GetHCLKFreq
                0x08002b8c       0x50 ./Drivers/STM32H7RSxx_HAL_Driver/stm32h7rsxx_hal_rcc.o
                0x08002b8c                HAL_RCC_GetHCLKFreq
 .text.HAL_RCC_GetPCLK1Freq
                0x08002bdc       0x38 ./Drivers/STM32H7RSxx_HAL_Driver/stm32h7rsxx_hal_rcc.o
                0x08002bdc                HAL_RCC_GetPCLK1Freq
 .text.HAL_RCC_GetPCLK2Freq
                0x08002c14       0x38 ./Drivers/STM32H7RSxx_HAL_Driver/stm32h7rsxx_hal_rcc.o
                0x08002c14                HAL_RCC_GetPCLK2Freq
 .text.HAL_RCC_GetPCLK4Freq
                0x08002c4c       0x38 ./Drivers/STM32H7RSxx_HAL_Driver/stm32h7rsxx_hal_rcc.o
                0x08002c4c                HAL_RCC_GetPCLK4Freq
 .text.HAL_RCC_GetPLL1QFreq
                0x08002c84       0x2c ./Drivers/STM32H7RSxx_HAL_Driver/stm32h7rsxx_hal_rcc.o
                0x08002c84                HAL_RCC_GetPLL1QFreq
 .text.HAL_RCC_GetPLL2PFreq
                0x08002cb0       0x2c ./Drivers/STM32H7RSxx_HAL_Driver/stm32h7rsxx_hal_rcc.o
                0x08002cb0                HAL_RCC_GetPLL2PFreq
 .text.HAL_RCC_GetPLL2QFreq
                0x08002cdc       0x2c ./Drivers/STM32H7RSxx_HAL_Driver/stm32h7rsxx_hal_rcc.o
                0x08002cdc                HAL_RCC_GetPLL2QFreq
 .text.HAL_RCC_GetPLL2RFreq
                0x08002d08       0x2c ./Drivers/STM32H7RSxx_HAL_Driver/stm32h7rsxx_hal_rcc.o
                0x08002d08                HAL_RCC_GetPLL2RFreq
 .text.HAL_RCC_GetPLL2SFreq
                0x08002d34       0x2c ./Drivers/STM32H7RSxx_HAL_Driver/stm32h7rsxx_hal_rcc.o
                0x08002d34                HAL_RCC_GetPLL2SFreq
 .text.HAL_RCC_GetPLL2TFreq
                0x08002d60       0x30 ./Drivers/STM32H7RSxx_HAL_Driver/stm32h7rsxx_hal_rcc.o
                0x08002d60                HAL_RCC_GetPLL2TFreq
 .text.HAL_RCC_GetPLL3PFreq
                0x08002d90       0x2c ./Drivers/STM32H7RSxx_HAL_Driver/stm32h7rsxx_hal_rcc.o
                0x08002d90                HAL_RCC_GetPLL3PFreq
 .text.HAL_RCC_GetPLL3QFreq
                0x08002dbc       0x2c ./Drivers/STM32H7RSxx_HAL_Driver/stm32h7rsxx_hal_rcc.o
                0x08002dbc                HAL_RCC_GetPLL3QFreq
 .text.HAL_RCC_GetPLL3RFreq
                0x08002de8       0x2c ./Drivers/STM32H7RSxx_HAL_Driver/stm32h7rsxx_hal_rcc.o
                0x08002de8                HAL_RCC_GetPLL3RFreq
 .text.HAL_RCC_GetPLL3SFreq
                0x08002e14       0x2c ./Drivers/STM32H7RSxx_HAL_Driver/stm32h7rsxx_hal_rcc.o
                0x08002e14                HAL_RCC_GetPLL3SFreq
 .text.RCC_PLL_Config
                0x08002e40      0x2ac ./Drivers/STM32H7RSxx_HAL_Driver/stm32h7rsxx_hal_rcc.o
 .text.RCC_PLL1_GetVCOOutputFreq
                0x080030ec      0x10c ./Drivers/STM32H7RSxx_HAL_Driver/stm32h7rsxx_hal_rcc.o
 .text.RCC_PLL2_GetVCOOutputFreq
                0x080031f8      0x10c ./Drivers/STM32H7RSxx_HAL_Driver/stm32h7rsxx_hal_rcc.o
 .text.RCC_PLL3_GetVCOOutputFreq
                0x08003304      0x10c ./Drivers/STM32H7RSxx_HAL_Driver/stm32h7rsxx_hal_rcc.o
 .text.HAL_RCCEx_PeriphCLKConfig
                0x08003410      0xe08 ./Drivers/STM32H7RSxx_HAL_Driver/stm32h7rsxx_hal_rcc_ex.o
                0x08003410                HAL_RCCEx_PeriphCLKConfig
 .text.HAL_RCCEx_GetPeriphCLKFreq
                0x08004218     0x1680 ./Drivers/STM32H7RSxx_HAL_Driver/stm32h7rsxx_hal_rcc_ex.o
                0x08004218                HAL_RCCEx_GetPeriphCLKFreq
 .text.HAL_RCCEx_EnableClockProtection
                0x08005898       0x28 ./Drivers/STM32H7RSxx_HAL_Driver/stm32h7rsxx_hal_rcc_ex.o
                0x08005898                HAL_RCCEx_EnableClockProtection
 .text.RCC_GetCLKPFreq
                0x080058c0       0x98 ./Drivers/STM32H7RSxx_HAL_Driver/stm32h7rsxx_hal_rcc_ex.o
 .text.HAL_XSPI_Init
                0x08005958      0x1d0 ./Drivers/STM32H7RSxx_HAL_Driver/stm32h7rsxx_hal_xspi.o
                0x08005958                HAL_XSPI_Init
 .text.HAL_XSPI_IRQHandler
                0x08005b28      0x2a8 ./Drivers/STM32H7RSxx_HAL_Driver/stm32h7rsxx_hal_xspi.o
                0x08005b28                HAL_XSPI_IRQHandler
 .text.HAL_XSPI_Command
                0x08005dd0      0x120 ./Drivers/STM32H7RSxx_HAL_Driver/stm32h7rsxx_hal_xspi.o
                0x08005dd0                HAL_XSPI_Command
 .text.HAL_XSPI_Transmit
                0x08005ef0       0xe6 ./Drivers/STM32H7RSxx_HAL_Driver/stm32h7rsxx_hal_xspi.o
                0x08005ef0                HAL_XSPI_Transmit
 .text.HAL_XSPI_Receive
                0x08005fd6      0x146 ./Drivers/STM32H7RSxx_HAL_Driver/stm32h7rsxx_hal_xspi.o
                0x08005fd6                HAL_XSPI_Receive
 .text.HAL_XSPI_AutoPolling
                0x0800611c      0x114 ./Drivers/STM32H7RSxx_HAL_Driver/stm32h7rsxx_hal_xspi.o
                0x0800611c                HAL_XSPI_AutoPolling
 .text.HAL_XSPI_MemoryMapped
                0x08006230       0x9c ./Drivers/STM32H7RSxx_HAL_Driver/stm32h7rsxx_hal_xspi.o
                0x08006230                HAL_XSPI_MemoryMapped
 .text.HAL_XSPI_ErrorCallback
                0x080062cc       0x14 ./Drivers/STM32H7RSxx_HAL_Driver/stm32h7rsxx_hal_xspi.o
                0x080062cc                HAL_XSPI_ErrorCallback
 .text.HAL_XSPI_AbortCpltCallback
                0x080062e0       0x14 ./Drivers/STM32H7RSxx_HAL_Driver/stm32h7rsxx_hal_xspi.o
                0x080062e0                HAL_XSPI_AbortCpltCallback
 .text.HAL_XSPI_FifoThresholdCallback
                0x080062f4       0x14 ./Drivers/STM32H7RSxx_HAL_Driver/stm32h7rsxx_hal_xspi.o
                0x080062f4                HAL_XSPI_FifoThresholdCallback
 .text.HAL_XSPI_CmdCpltCallback
                0x08006308       0x14 ./Drivers/STM32H7RSxx_HAL_Driver/stm32h7rsxx_hal_xspi.o
                0x08006308                HAL_XSPI_CmdCpltCallback
 .text.HAL_XSPI_RxCpltCallback
                0x0800631c       0x14 ./Drivers/STM32H7RSxx_HAL_Driver/stm32h7rsxx_hal_xspi.o
                0x0800631c                HAL_XSPI_RxCpltCallback
 .text.HAL_XSPI_TxCpltCallback
                0x08006330       0x14 ./Drivers/STM32H7RSxx_HAL_Driver/stm32h7rsxx_hal_xspi.o
                0x08006330                HAL_XSPI_TxCpltCallback
 .text.HAL_XSPI_StatusMatchCallback
                0x08006344       0x14 ./Drivers/STM32H7RSxx_HAL_Driver/stm32h7rsxx_hal_xspi.o
                0x08006344                HAL_XSPI_StatusMatchCallback
 .text.HAL_XSPI_TimeOutCallback
                0x08006358       0x14 ./Drivers/STM32H7RSxx_HAL_Driver/stm32h7rsxx_hal_xspi.o
                0x08006358                HAL_XSPI_TimeOutCallback
 .text.HAL_XSPI_Abort
                0x0800636c      0x10e ./Drivers/STM32H7RSxx_HAL_Driver/stm32h7rsxx_hal_xspi.o
                0x0800636c                HAL_XSPI_Abort
 .text.HAL_XSPI_SetTimeout
                0x0800647a       0x1e ./Drivers/STM32H7RSxx_HAL_Driver/stm32h7rsxx_hal_xspi.o
                0x0800647a                HAL_XSPI_SetTimeout
 .text.HAL_XSPIM_Config
                0x08006498      0x1e0 ./Drivers/STM32H7RSxx_HAL_Driver/stm32h7rsxx_hal_xspi.o
                0x08006498                HAL_XSPIM_Config
 .text.XSPI_DMAAbortCplt
                0x08006678       0x78 ./Drivers/STM32H7RSxx_HAL_Driver/stm32h7rsxx_hal_xspi.o
 .text.XSPI_WaitFlagStateUntilTimeout
                0x080066f0       0x6c ./Drivers/STM32H7RSxx_HAL_Driver/stm32h7rsxx_hal_xspi.o
 .text.XSPI_ConfigCmd
                0x0800675c      0x334 ./Drivers/STM32H7RSxx_HAL_Driver/stm32h7rsxx_hal_xspi.o
 .text.XSPIM_GetConfig
                0x08006a90       0xc8 ./Drivers/STM32H7RSxx_HAL_Driver/stm32h7rsxx_hal_xspi.o
 .text.BOOT_Application
                0x08006b58       0x26 ./Middlewares/STM32_ExtMem_Manager/stm32_boot_xip.o
                0x08006b58                BOOT_Application
 .text.MapMemory
                0x08006b7e       0x5c ./Middlewares/STM32_ExtMem_Manager/stm32_boot_xip.o
                0x08006b7e                MapMemory
 *fill*         0x08006bda        0x2 
 .text.JumpToApplication
                0x08006bdc      0x10c ./Middlewares/STM32_ExtMem_Manager/stm32_boot_xip.o
                0x08006bdc                JumpToApplication
 .text.EXTMEM_Init
                0x08006ce8       0xd0 ./Middlewares/STM32_ExtMem_Manager/stm32_extmem.o
                0x08006ce8                EXTMEM_Init
 .text.EXTMEM_DeInit
                0x08006db8       0x74 ./Middlewares/STM32_ExtMem_Manager/stm32_extmem.o
                0x08006db8                EXTMEM_DeInit
 .text.EXTMEM_MemoryMappedMode
                0x08006e2c       0xf0 ./Middlewares/STM32_ExtMem_Manager/stm32_extmem.o
                0x08006e2c                EXTMEM_MemoryMappedMode
 .text.EXTMEM_GetMapAddress
                0x08006f1c       0x9c ./Middlewares/STM32_ExtMem_Manager/stm32_extmem.o
                0x08006f1c                EXTMEM_GetMapAddress
 .text.EXTMEM_DRIVER_PSRAM_Init
                0x08006fb8       0xcc ./Middlewares/STM32_ExtMem_Manager/stm32_psram_driver.o
                0x08006fb8                EXTMEM_DRIVER_PSRAM_Init
 .text.EXTMEM_DRIVER_PSRAM_DeInit
                0x08007084       0x1a ./Middlewares/STM32_ExtMem_Manager/stm32_psram_driver.o
                0x08007084                EXTMEM_DRIVER_PSRAM_DeInit
 .text.EXTMEM_DRIVER_PSRAM_Enable_MemoryMappedMode
                0x0800709e       0x62 ./Middlewares/STM32_ExtMem_Manager/stm32_psram_driver.o
                0x0800709e                EXTMEM_DRIVER_PSRAM_Enable_MemoryMappedMode
 .text.EXTMEM_DRIVER_PSRAM_Disable_MemoryMappedMode
                0x08007100       0x2a ./Middlewares/STM32_ExtMem_Manager/stm32_psram_driver.o
                0x08007100                EXTMEM_DRIVER_PSRAM_Disable_MemoryMappedMode
 .text.PSRAM_ExecuteCommand
                0x0800712a       0xde ./Middlewares/STM32_ExtMem_Manager/stm32_psram_driver.o
                0x0800712a                PSRAM_ExecuteCommand
 .text.SAL_XSPI_SetClock
                0x08007208       0x7e ./Middlewares/STM32_ExtMem_Manager/stm32_sal_xspi.o
                0x08007208                SAL_XSPI_SetClock
 .text.SAL_XSPI_Init
                0x08007286       0x66 ./Middlewares/STM32_ExtMem_Manager/stm32_sal_xspi.o
                0x08007286                SAL_XSPI_Init
 .text.SAL_XSPI_MemoryConfig
                0x080072ec      0x2a4 ./Middlewares/STM32_ExtMem_Manager/stm32_sal_xspi.o
                0x080072ec                SAL_XSPI_MemoryConfig
 .text.SAL_XSPI_GetSFDP
                0x08007590       0xb8 ./Middlewares/STM32_ExtMem_Manager/stm32_sal_xspi.o
                0x08007590                SAL_XSPI_GetSFDP
 .text.SAL_XSPI_GetId
                0x08007648       0xa6 ./Middlewares/STM32_ExtMem_Manager/stm32_sal_xspi.o
                0x08007648                SAL_XSPI_GetId
 .text.SAL_XSPI_Read
                0x080076ee       0xd0 ./Middlewares/STM32_ExtMem_Manager/stm32_sal_xspi.o
                0x080076ee                SAL_XSPI_Read
 .text.SAL_XSPI_Write
                0x080077be       0x92 ./Middlewares/STM32_ExtMem_Manager/stm32_sal_xspi.o
                0x080077be                SAL_XSPI_Write
 .text.SAL_XSPI_CommandSendData
                0x08007850       0xa8 ./Middlewares/STM32_ExtMem_Manager/stm32_sal_xspi.o
                0x08007850                SAL_XSPI_CommandSendData
 .text.SAL_XSPI_SendReadCommand
                0x080078f8       0xa8 ./Middlewares/STM32_ExtMem_Manager/stm32_sal_xspi.o
                0x080078f8                SAL_XSPI_SendReadCommand
 .text.SAL_XSPI_CommandSendReadAddress
                0x080079a0       0x9a ./Middlewares/STM32_ExtMem_Manager/stm32_sal_xspi.o
                0x080079a0                SAL_XSPI_CommandSendReadAddress
 .text.SAL_XSPI_CheckStatusRegister
                0x08007a3a       0xd8 ./Middlewares/STM32_ExtMem_Manager/stm32_sal_xspi.o
                0x08007a3a                SAL_XSPI_CheckStatusRegister
 .text.SAL_XSPI_ConfigureWrappMode
                0x08007b12       0x78 ./Middlewares/STM32_ExtMem_Manager/stm32_sal_xspi.o
                0x08007b12                SAL_XSPI_ConfigureWrappMode
 .text.SAL_XSPI_EnableMapMode
                0x08007b8a       0xee ./Middlewares/STM32_ExtMem_Manager/stm32_sal_xspi.o
                0x08007b8a                SAL_XSPI_EnableMapMode
 .text.SAL_XSPI_DisableMapMode
                0x08007c78       0x22 ./Middlewares/STM32_ExtMem_Manager/stm32_sal_xspi.o
                0x08007c78                SAL_XSPI_DisableMapMode
 .text.SAL_XSPI_UpdateMemoryType
                0x08007c9a       0x70 ./Middlewares/STM32_ExtMem_Manager/stm32_sal_xspi.o
                0x08007c9a                SAL_XSPI_UpdateMemoryType
 .text.XSPI_FormatCommand
                0x08007d0a       0x52 ./Middlewares/STM32_ExtMem_Manager/stm32_sal_xspi.o
                0x08007d0a                XSPI_FormatCommand
 .text.XSPI_Transmit
                0x08007d5c       0x26 ./Middlewares/STM32_ExtMem_Manager/stm32_sal_xspi.o
                0x08007d5c                XSPI_Transmit
 .text.XSPI_Receive
                0x08007d82       0x26 ./Middlewares/STM32_ExtMem_Manager/stm32_sal_xspi.o
                0x08007d82                XSPI_Receive
 .text.SFDP_ReadHeader
                0x08007da8       0x7a ./Middlewares/STM32_ExtMem_Manager/stm32_sfdp_data.o
                0x08007da8                SFDP_ReadHeader
 *fill*         0x08007e22        0x2 
 .text.SFDP_GetHeader
                0x08007e24       0xbc ./Middlewares/STM32_ExtMem_Manager/stm32_sfdp_data.o
                0x08007e24                SFDP_GetHeader
 .text.SFDP_CollectData
                0x08007ee0      0x1b8 ./Middlewares/STM32_ExtMem_Manager/stm32_sfdp_data.o
                0x08007ee0                SFDP_CollectData
 .text.SFDP_MemoryReset
                0x08008098      0x1b8 ./Middlewares/STM32_ExtMem_Manager/stm32_sfdp_data.o
                0x08008098                SFDP_MemoryReset
 .text.SFDP_BuildGenericDriver
                0x08008250      0xb6c ./Middlewares/STM32_ExtMem_Manager/stm32_sfdp_data.o
                0x08008250                SFDP_BuildGenericDriver
 .text.driver_check_FlagBUSY
                0x08008dbc       0x72 ./Middlewares/STM32_ExtMem_Manager/stm32_sfdp_data.o
                0x08008dbc                driver_check_FlagBUSY
 *fill*         0x08008e2e        0x2 
 .text.sfdp_getfrequencevalue
                0x08008e30       0x4c ./Middlewares/STM32_ExtMem_Manager/stm32_sfdp_data.o
                0x08008e30                sfdp_getfrequencevalue
 .text.sfdp_get_paraminfo
                0x08008e7c      0x1e8 ./Middlewares/STM32_ExtMem_Manager/stm32_sfdp_data.o
                0x08008e7c                sfdp_get_paraminfo
 .text.sfpd_enter_octal_mode
                0x08009064      0x1d4 ./Middlewares/STM32_ExtMem_Manager/stm32_sfdp_data.o
                0x08009064                sfpd_enter_octal_mode
 .text.sfpd_set_dummycycle
                0x08009238      0x1c8 ./Middlewares/STM32_ExtMem_Manager/stm32_sfdp_data.o
                0x08009238                sfpd_set_dummycycle
 .text.JEDEC_Basic_ManageQuadEnableRequierement
                0x08009400      0x174 ./Middlewares/STM32_ExtMem_Manager/stm32_sfdp_data.o
                0x08009400                JEDEC_Basic_ManageQuadEnableRequierement
 .text.JEDEC_Basic_Manage4S4S4SEnableSequence
                0x08009574       0x7c ./Middlewares/STM32_ExtMem_Manager/stm32_sfdp_data.o
                0x08009574                JEDEC_Basic_Manage4S4S4SEnableSequence
 .text.CheckSFDP_Signature
                0x080095f0       0x54 ./Middlewares/STM32_ExtMem_Manager/stm32_sfdp_data.o
                0x080095f0                CheckSFDP_Signature
 .text.EXTMEM_DRIVER_NOR_SFDP_Init
                0x08009644      0x174 ./Middlewares/STM32_ExtMem_Manager/stm32_sfdp_driver.o
                0x08009644                EXTMEM_DRIVER_NOR_SFDP_Init
 .text.EXTMEM_DRIVER_NOR_SFDP_DeInit
                0x080097b8       0x1e ./Middlewares/STM32_ExtMem_Manager/stm32_sfdp_driver.o
                0x080097b8                EXTMEM_DRIVER_NOR_SFDP_DeInit
 .text.EXTMEM_DRIVER_NOR_SFDP_Enable_MemoryMappedMode
                0x080097d6       0x42 ./Middlewares/STM32_ExtMem_Manager/stm32_sfdp_driver.o
                0x080097d6                EXTMEM_DRIVER_NOR_SFDP_Enable_MemoryMappedMode
 .text.EXTMEM_DRIVER_NOR_SFDP_Disable_MemoryMappedMode
                0x08009818       0x2c ./Middlewares/STM32_ExtMem_Manager/stm32_sfdp_driver.o
                0x08009818                EXTMEM_DRIVER_NOR_SFDP_Disable_MemoryMappedMode
 .text.memset   0x08009844       0x10 C:/ST/STM32CubeIDE_1.9.0/STM32CubeIDE/plugins/com.st.stm32cube.ide.mcu.externaltools.gnu-tools-for-stm32.13.3.rel1.win32_1.0.0.202411081344/tools/bin/../lib/gcc/arm-none-eabi/13.3.1/../../../../arm-none-eabi/lib/thumb/v7e-m+dp/hard\libc_nano.a(libc_a-memset.o)
                0x08009844                memset
 .text.__libc_init_array
                0x08009854       0x48 C:/ST/STM32CubeIDE_1.9.0/STM32CubeIDE/plugins/com.st.stm32cube.ide.mcu.externaltools.gnu-tools-for-stm32.13.3.rel1.win32_1.0.0.202411081344/tools/bin/../lib/gcc/arm-none-eabi/13.3.1/../../../../arm-none-eabi/lib/thumb/v7e-m+dp/hard\libc_nano.a(libc_a-init.o)
                0x08009854                __libc_init_array
 .text.memcpy   0x0800989c       0x1c C:/ST/STM32CubeIDE_1.9.0/STM32CubeIDE/plugins/com.st.stm32cube.ide.mcu.externaltools.gnu-tools-for-stm32.13.3.rel1.win32_1.0.0.202411081344/tools/bin/../lib/gcc/arm-none-eabi/13.3.1/../../../../arm-none-eabi/lib/thumb/v7e-m+dp/hard\libc_nano.a(libc_a-memcpy-stub.o)
                0x0800989c                memcpy
 *(.glue_7)
 .glue_7        0x080098b8        0x0 linker stubs
 *(.glue_7t)
 .glue_7t       0x080098b8        0x0 linker stubs
 *(.eh_frame)
 .eh_frame      0x080098b8        0x0 C:/ST/STM32CubeIDE_1.9.0/STM32CubeIDE/plugins/com.st.stm32cube.ide.mcu.externaltools.gnu-tools-for-stm32.13.3.rel1.win32_1.0.0.202411081344/tools/bin/../lib/gcc/arm-none-eabi/13.3.1/thumb/v7e-m+dp/hard/crtbegin.o
 *(.init)
 .init          0x080098b8        0x4 C:/ST/STM32CubeIDE_1.9.0/STM32CubeIDE/plugins/com.st.stm32cube.ide.mcu.externaltools.gnu-tools-for-stm32.13.3.rel1.win32_1.0.0.202411081344/tools/bin/../lib/gcc/arm-none-eabi/13.3.1/thumb/v7e-m+dp/hard/crti.o
                0x080098b8                _init
 .init          0x080098bc        0x8 C:/ST/STM32CubeIDE_1.9.0/STM32CubeIDE/plugins/com.st.stm32cube.ide.mcu.externaltools.gnu-tools-for-stm32.13.3.rel1.win32_1.0.0.202411081344/tools/bin/../lib/gcc/arm-none-eabi/13.3.1/thumb/v7e-m+dp/hard/crtn.o
 *(.fini)
 .fini          0x080098c4        0x4 C:/ST/STM32CubeIDE_1.9.0/STM32CubeIDE/plugins/com.st.stm32cube.ide.mcu.externaltools.gnu-tools-for-stm32.13.3.rel1.win32_1.0.0.202411081344/tools/bin/../lib/gcc/arm-none-eabi/13.3.1/thumb/v7e-m+dp/hard/crti.o
                0x080098c4                _fini
 .fini          0x080098c8        0x8 C:/ST/STM32CubeIDE_1.9.0/STM32CubeIDE/plugins/com.st.stm32cube.ide.mcu.externaltools.gnu-tools-for-stm32.13.3.rel1.win32_1.0.0.202411081344/tools/bin/../lib/gcc/arm-none-eabi/13.3.1/thumb/v7e-m+dp/hard/crtn.o
                0x080098d0                        . = ALIGN (0x4)
                0x080098d0                        _etext = .

.vfp11_veneer   0x080098d0        0x0
 .vfp11_veneer  0x080098d0        0x0 linker stubs

.v4_bx          0x080098d0        0x0
 .v4_bx         0x080098d0        0x0 linker stubs

.iplt           0x080098d0        0x0
 .iplt          0x080098d0        0x0 C:/ST/STM32CubeIDE_1.9.0/STM32CubeIDE/plugins/com.st.stm32cube.ide.mcu.externaltools.gnu-tools-for-stm32.13.3.rel1.win32_1.0.0.202411081344/tools/bin/../lib/gcc/arm-none-eabi/13.3.1/thumb/v7e-m+dp/hard/crtbegin.o

.rodata         0x080098d0       0x4c
                0x080098d0                        . = ALIGN (0x4)
 *(.rodata)
 .rodata        0x080098d0        0x8 ./Drivers/STM32H7RSxx_HAL_Driver/stm32h7rsxx_hal_rcc.o
 .rodata        0x080098d8       0x2a ./Middlewares/STM32_ExtMem_Manager/stm32_sfdp_data.o
 *(.rodata*)
 *fill*         0x08009902        0x2 
 .rodata.block_erase_unit.1
                0x08009904        0x8 ./Middlewares/STM32_ExtMem_Manager/stm32_sfdp_data.o
 .rodata.chip_erase_unit.0
                0x0800990c       0x10 ./Middlewares/STM32_ExtMem_Manager/stm32_sfdp_data.o
                0x0800991c                        . = ALIGN (0x4)

.ARM.extab      0x0800991c        0x0
                0x0800991c                        . = ALIGN (0x4)
 *(.ARM.extab* .gnu.linkonce.armextab.*)
                0x0800991c                        . = ALIGN (0x4)

.ARM            0x0800991c        0x0
                0x0800991c                        . = ALIGN (0x4)
                0x0800991c                        __exidx_start = .
 *(.ARM.exidx*)
                0x0800991c                        __exidx_end = .
                0x0800991c                        . = ALIGN (0x4)

.preinit_array  0x0800991c        0x0
                0x0800991c                        . = ALIGN (0x4)
                0x0800991c                        PROVIDE (__preinit_array_start = .)
 *(.preinit_array*)
                0x0800991c                        PROVIDE (__preinit_array_end = .)
                0x0800991c                        . = ALIGN (0x4)

.init_array     0x0800991c        0x4
                0x0800991c                        . = ALIGN (0x4)
                0x0800991c                        PROVIDE (__init_array_start = .)
 *(SORT_BY_NAME(.init_array.*))
 *(.init_array*)
 .init_array    0x0800991c        0x4 C:/ST/STM32CubeIDE_1.9.0/STM32CubeIDE/plugins/com.st.stm32cube.ide.mcu.externaltools.gnu-tools-for-stm32.13.3.rel1.win32_1.0.0.202411081344/tools/bin/../lib/gcc/arm-none-eabi/13.3.1/thumb/v7e-m+dp/hard/crtbegin.o
                0x08009920                        PROVIDE (__init_array_end = .)
                0x08009920                        . = ALIGN (0x4)

.fini_array     0x08009920        0x4
                0x08009920                        . = ALIGN (0x4)
                [!provide]                        PROVIDE (__fini_array_start = .)
 *(SORT_BY_NAME(.fini_array.*))
 *(.fini_array*)
 .fini_array    0x08009920        0x4 C:/ST/STM32CubeIDE_1.9.0/STM32CubeIDE/plugins/com.st.stm32cube.ide.mcu.externaltools.gnu-tools-for-stm32.13.3.rel1.win32_1.0.0.202411081344/tools/bin/../lib/gcc/arm-none-eabi/13.3.1/thumb/v7e-m+dp/hard/crtbegin.o
                [!provide]                        PROVIDE (__fini_array_end = .)
                0x08009924                        . = ALIGN (0x4)
                0x08009924                        _sidata = LOADADDR (.data)

.rel.dyn        0x08009924        0x0
 .rel.iplt      0x08009924        0x0 C:/ST/STM32CubeIDE_1.9.0/STM32CubeIDE/plugins/com.st.stm32cube.ide.mcu.externaltools.gnu-tools-for-stm32.13.3.rel1.win32_1.0.0.202411081344/tools/bin/../lib/gcc/arm-none-eabi/13.3.1/thumb/v7e-m+dp/hard/crtbegin.o

.data           0x24000000        0xc load address 0x08009924
                0x24000000                        . = ALIGN (0x4)
                0x24000000                        _sdata = .
 *(.data)
 *(.data*)
 .data.SystemCoreClock
                0x24000000        0x4 ./Drivers/CMSIS/system_stm32h7rsxx.o
                0x24000000                SystemCoreClock
 .data.uwTickPrio
                0x24000004        0x4 ./Drivers/STM32H7RSxx_HAL_Driver/stm32h7rsxx_hal.o
                0x24000004                uwTickPrio
 .data.uwTickFreq
                0x24000008        0x1 ./Drivers/STM32H7RSxx_HAL_Driver/stm32h7rsxx_hal.o
                0x24000008                uwTickFreq
 *(.RamFunc)
 *(.RamFunc*)
                0x2400000c                        . = ALIGN (0x4)
 *fill*         0x24000009        0x3 
                0x2400000c                        _edata = .

.igot.plt       0x2400000c        0x0 load address 0x08009930
 .igot.plt      0x2400000c        0x0 C:/ST/STM32CubeIDE_1.9.0/STM32CubeIDE/plugins/com.st.stm32cube.ide.mcu.externaltools.gnu-tools-for-stm32.13.3.rel1.win32_1.0.0.202411081344/tools/bin/../lib/gcc/arm-none-eabi/13.3.1/thumb/v7e-m+dp/hard/crtbegin.o
                0x2400000c                        . = ALIGN (0x4)

.bss            0x2400000c      0x3dc load address 0x08009930
                0x2400000c                        _sbss = .
                0x2400000c                        __bss_start__ = _sbss
 *(.bss)
 .bss           0x2400000c       0x1c C:/ST/STM32CubeIDE_1.9.0/STM32CubeIDE/plugins/com.st.stm32cube.ide.mcu.externaltools.gnu-tools-for-stm32.13.3.rel1.win32_1.0.0.202411081344/tools/bin/../lib/gcc/arm-none-eabi/13.3.1/thumb/v7e-m+dp/hard/crtbegin.o
 *(.bss*)
 .bss.hxspi1    0x24000028       0x60 ./Application/User/Core/main.o
                0x24000028                hxspi1
 .bss.hxspi2    0x24000088       0x60 ./Application/User/Core/main.o
                0x24000088                hxspi2
 .bss.HAL_RCC_XSPIM_CLK_ENABLED
                0x240000e8        0x4 ./Application/User/Core/stm32h7rsxx_hal_msp.o
 .bss.uwTick    0x240000ec        0x4 ./Drivers/STM32H7RSxx_HAL_Driver/stm32h7rsxx_hal.o
                0x240000ec                uwTick
 .bss.pFlash    0x240000f0       0x18 ./Drivers/STM32H7RSxx_HAL_Driver/stm32h7rsxx_hal_flash.o
                0x240000f0                pFlash
 .bss.extmem_list_config
                0x24000108      0x158 ./Middlewares/STM32_ExtMem_Manager/stm32_extmem.o
                0x24000108                extmem_list_config
 .bss.sfdp_param_info
                0x24000260       0x78 ./Middlewares/STM32_ExtMem_Manager/stm32_sfdp_data.o
 .bss.JEDEC_Basic
                0x240002d8       0x60 ./Middlewares/STM32_ExtMem_Manager/stm32_sfdp_data.o
 .bss.JEDEC_Address4Bit
                0x24000338        0x8 ./Middlewares/STM32_ExtMem_Manager/stm32_sfdp_data.o
 .bss.JEDEC_XSPI10
                0x24000340       0x18 ./Middlewares/STM32_ExtMem_Manager/stm32_sfdp_data.o
 .bss.JEDEC_SCCR_Map
                0x24000358       0x70 ./Middlewares/STM32_ExtMem_Manager/stm32_sfdp_data.o
 .bss.JEDEC_OctalDdr
                0x240003c8       0x20 ./Middlewares/STM32_ExtMem_Manager/stm32_sfdp_data.o
 *(COMMON)
                0x240003e8                        . = ALIGN (0x4)
                0x240003e8                        _ebss = .
                0x240003e8                        __bss_end__ = _ebss

._user_heap_stack
                0x20000000     0x2000
                0x20000000                        . = ALIGN (0x8)
                [!provide]                        PROVIDE (end = .)
                0x20000000                        PROVIDE (_end = .)
                0x20001000                        . = (. + _Min_Heap_Size)
 *fill*         0x20000000     0x1000 
                0x20002000                        . = (. + _Min_Stack_Size)
 *fill*         0x20001000     0x1000 
                0x20002000                        . = ALIGN (0x8)

/DISCARD/
 libc.a(*)
 libm.a(*)
 libgcc.a(*)

.ARM.attributes
                0x00000000       0x2e
 *(.ARM.attributes)
 .ARM.attributes
                0x00000000       0x20 C:/ST/STM32CubeIDE_1.9.0/STM32CubeIDE/plugins/com.st.stm32cube.ide.mcu.externaltools.gnu-tools-for-stm32.13.3.rel1.win32_1.0.0.202411081344/tools/bin/../lib/gcc/arm-none-eabi/13.3.1/thumb/v7e-m+dp/hard/crti.o
 .ARM.attributes
                0x00000020       0x32 C:/ST/STM32CubeIDE_1.9.0/STM32CubeIDE/plugins/com.st.stm32cube.ide.mcu.externaltools.gnu-tools-for-stm32.13.3.rel1.win32_1.0.0.202411081344/tools/bin/../lib/gcc/arm-none-eabi/13.3.1/thumb/v7e-m+dp/hard/crtbegin.o
 .ARM.attributes
                0x00000052       0x32 ./Application/User/Core/extmem_manager.o
 .ARM.attributes
                0x00000084       0x32 ./Application/User/Core/main.o
 .ARM.attributes
                0x000000b6       0x32 ./Application/User/Core/stm32h7rsxx_hal_msp.o
 .ARM.attributes
                0x000000e8       0x32 ./Application/User/Core/stm32h7rsxx_it.o
 .ARM.attributes
                0x0000011a       0x21 ./Application/User/Startup/startup_stm32h7s7l8hxh.o
 .ARM.attributes
                0x0000013b       0x32 ./Drivers/CMSIS/system_stm32h7rsxx.o
 .ARM.attributes
                0x0000016d       0x32 ./Drivers/STM32H7RSxx_HAL_Driver/stm32h7rsxx_hal.o
 .ARM.attributes
                0x0000019f       0x32 ./Drivers/STM32H7RSxx_HAL_Driver/stm32h7rsxx_hal_cortex.o
 .ARM.attributes
                0x000001d1       0x32 ./Drivers/STM32H7RSxx_HAL_Driver/stm32h7rsxx_hal_dma.o
 .ARM.attributes
                0x00000203       0x32 ./Drivers/STM32H7RSxx_HAL_Driver/stm32h7rsxx_hal_flash.o
 .ARM.attributes
                0x00000235       0x32 ./Drivers/STM32H7RSxx_HAL_Driver/stm32h7rsxx_hal_flash_ex.o
 .ARM.attributes
                0x00000267       0x32 ./Drivers/STM32H7RSxx_HAL_Driver/stm32h7rsxx_hal_gpio.o
 .ARM.attributes
                0x00000299       0x32 ./Drivers/STM32H7RSxx_HAL_Driver/stm32h7rsxx_hal_pwr_ex.o
 .ARM.attributes
                0x000002cb       0x32 ./Drivers/STM32H7RSxx_HAL_Driver/stm32h7rsxx_hal_rcc.o
 .ARM.attributes
                0x000002fd       0x32 ./Drivers/STM32H7RSxx_HAL_Driver/stm32h7rsxx_hal_rcc_ex.o
 .ARM.attributes
                0x0000032f       0x32 ./Drivers/STM32H7RSxx_HAL_Driver/stm32h7rsxx_hal_xspi.o
 .ARM.attributes
                0x00000361       0x32 ./Middlewares/STM32_ExtMem_Manager/stm32_boot_xip.o
 .ARM.attributes
                0x00000393       0x32 ./Middlewares/STM32_ExtMem_Manager/stm32_extmem.o
 .ARM.attributes
                0x000003c5       0x32 ./Middlewares/STM32_ExtMem_Manager/stm32_psram_driver.o
 .ARM.attributes
                0x000003f7       0x32 ./Middlewares/STM32_ExtMem_Manager/stm32_sal_xspi.o
 .ARM.attributes
                0x00000429       0x32 ./Middlewares/STM32_ExtMem_Manager/stm32_sfdp_data.o
 .ARM.attributes
                0x0000045b       0x32 ./Middlewares/STM32_ExtMem_Manager/stm32_sfdp_driver.o
 .ARM.attributes
                0x0000048d       0x32 C:/ST/STM32CubeIDE_1.9.0/STM32CubeIDE/plugins/com.st.stm32cube.ide.mcu.externaltools.gnu-tools-for-stm32.13.3.rel1.win32_1.0.0.202411081344/tools/bin/../lib/gcc/arm-none-eabi/13.3.1/../../../../arm-none-eabi/lib/thumb/v7e-m+dp/hard\libc_nano.a(libc_a-memset.o)
 .ARM.attributes
                0x000004bf       0x32 C:/ST/STM32CubeIDE_1.9.0/STM32CubeIDE/plugins/com.st.stm32cube.ide.mcu.externaltools.gnu-tools-for-stm32.13.3.rel1.win32_1.0.0.202411081344/tools/bin/../lib/gcc/arm-none-eabi/13.3.1/../../../../arm-none-eabi/lib/thumb/v7e-m+dp/hard\libc_nano.a(libc_a-init.o)
 .ARM.attributes
                0x000004f1       0x32 C:/ST/STM32CubeIDE_1.9.0/STM32CubeIDE/plugins/com.st.stm32cube.ide.mcu.externaltools.gnu-tools-for-stm32.13.3.rel1.win32_1.0.0.202411081344/tools/bin/../lib/gcc/arm-none-eabi/13.3.1/../../../../arm-none-eabi/lib/thumb/v7e-m+dp/hard\libc_nano.a(libc_a-memcpy-stub.o)
 .ARM.attributes
                0x00000523       0x20 C:/ST/STM32CubeIDE_1.9.0/STM32CubeIDE/plugins/com.st.stm32cube.ide.mcu.externaltools.gnu-tools-for-stm32.13.3.rel1.win32_1.0.0.202411081344/tools/bin/../lib/gcc/arm-none-eabi/13.3.1/thumb/v7e-m+dp/hard/crtn.o
OUTPUT(STM32H7S78-DK_Boot.elf elf32-littlearm)
LOAD linker stubs
LOAD C:/ST/STM32CubeIDE_1.9.0/STM32CubeIDE/plugins/com.st.stm32cube.ide.mcu.externaltools.gnu-tools-for-stm32.13.3.rel1.win32_1.0.0.202411081344/tools/bin/../lib/gcc/arm-none-eabi/13.3.1/../../../../arm-none-eabi/lib/thumb/v7e-m+dp/hard\libc.a
LOAD C:/ST/STM32CubeIDE_1.9.0/STM32CubeIDE/plugins/com.st.stm32cube.ide.mcu.externaltools.gnu-tools-for-stm32.13.3.rel1.win32_1.0.0.202411081344/tools/bin/../lib/gcc/arm-none-eabi/13.3.1/../../../../arm-none-eabi/lib/thumb/v7e-m+dp/hard\libm.a
LOAD C:/ST/STM32CubeIDE_1.9.0/STM32CubeIDE/plugins/com.st.stm32cube.ide.mcu.externaltools.gnu-tools-for-stm32.13.3.rel1.win32_1.0.0.202411081344/tools/bin/../lib/gcc/arm-none-eabi/13.3.1/thumb/v7e-m+dp/hard\libgcc.a

.debug_info     0x00000000    0x18bec
 .debug_info    0x00000000     0x10ed ./Application/User/Core/extmem_manager.o
 .debug_info    0x000010ed     0x1930 ./Application/User/Core/main.o
 .debug_info    0x00002a1d     0x1835 ./Application/User/Core/stm32h7rsxx_hal_msp.o
 .debug_info    0x00004252      0xac3 ./Application/User/Core/stm32h7rsxx_it.o
 .debug_info    0x00004d15       0x30 ./Application/User/Startup/startup_stm32h7s7l8hxh.o
 .debug_info    0x00004d45      0x9af ./Drivers/CMSIS/system_stm32h7rsxx.o
 .debug_info    0x000056f4     0x18bf ./Drivers/STM32H7RSxx_HAL_Driver/stm32h7rsxx_hal.o
 .debug_info    0x00006fb3     0x1121 ./Drivers/STM32H7RSxx_HAL_Driver/stm32h7rsxx_hal_cortex.o
 .debug_info    0x000080d4      0xafb ./Drivers/STM32H7RSxx_HAL_Driver/stm32h7rsxx_hal_dma.o
 .debug_info    0x00008bcf      0xc2d ./Drivers/STM32H7RSxx_HAL_Driver/stm32h7rsxx_hal_flash.o
 .debug_info    0x000097fc      0xbdd ./Drivers/STM32H7RSxx_HAL_Driver/stm32h7rsxx_hal_flash_ex.o
 .debug_info    0x0000a3d9      0x702 ./Drivers/STM32H7RSxx_HAL_Driver/stm32h7rsxx_hal_gpio.o
 .debug_info    0x0000aadb      0xb87 ./Drivers/STM32H7RSxx_HAL_Driver/stm32h7rsxx_hal_pwr_ex.o
 .debug_info    0x0000b662     0x1464 ./Drivers/STM32H7RSxx_HAL_Driver/stm32h7rsxx_hal_rcc.o
 .debug_info    0x0000cac6      0xd71 ./Drivers/STM32H7RSxx_HAL_Driver/stm32h7rsxx_hal_rcc_ex.o
 .debug_info    0x0000d837     0x1bec ./Drivers/STM32H7RSxx_HAL_Driver/stm32h7rsxx_hal_xspi.o
 .debug_info    0x0000f423      0x791 ./Middlewares/STM32_ExtMem_Manager/stm32_boot_xip.o
 .debug_info    0x0000fbb4     0x16eb ./Middlewares/STM32_ExtMem_Manager/stm32_extmem.o
 .debug_info    0x0001129f     0x1063 ./Middlewares/STM32_ExtMem_Manager/stm32_psram_driver.o
 .debug_info    0x00012302     0x160d ./Middlewares/STM32_ExtMem_Manager/stm32_sal_xspi.o
 .debug_info    0x0001390f     0x3b52 ./Middlewares/STM32_ExtMem_Manager/stm32_sfdp_data.o
 .debug_info    0x00017461     0x178b ./Middlewares/STM32_ExtMem_Manager/stm32_sfdp_driver.o

.debug_abbrev   0x00000000     0x3328
 .debug_abbrev  0x00000000      0x1e0 ./Application/User/Core/extmem_manager.o
 .debug_abbrev  0x000001e0      0x373 ./Application/User/Core/main.o
 .debug_abbrev  0x00000553      0x250 ./Application/User/Core/stm32h7rsxx_hal_msp.o
 .debug_abbrev  0x000007a3      0x1ce ./Application/User/Core/stm32h7rsxx_it.o
 .debug_abbrev  0x00000971       0x24 ./Application/User/Startup/startup_stm32h7s7l8hxh.o
 .debug_abbrev  0x00000995      0x127 ./Drivers/CMSIS/system_stm32h7rsxx.o
 .debug_abbrev  0x00000abc      0x34a ./Drivers/STM32H7RSxx_HAL_Driver/stm32h7rsxx_hal.o
 .debug_abbrev  0x00000e06      0x31f ./Drivers/STM32H7RSxx_HAL_Driver/stm32h7rsxx_hal_cortex.o
 .debug_abbrev  0x00001125      0x1dd ./Drivers/STM32H7RSxx_HAL_Driver/stm32h7rsxx_hal_dma.o
 .debug_abbrev  0x00001302      0x2fa ./Drivers/STM32H7RSxx_HAL_Driver/stm32h7rsxx_hal_flash.o
 .debug_abbrev  0x000015fc      0x2d0 ./Drivers/STM32H7RSxx_HAL_Driver/stm32h7rsxx_hal_flash_ex.o
 .debug_abbrev  0x000018cc      0x1ec ./Drivers/STM32H7RSxx_HAL_Driver/stm32h7rsxx_hal_gpio.o
 .debug_abbrev  0x00001ab8      0x250 ./Drivers/STM32H7RSxx_HAL_Driver/stm32h7rsxx_hal_pwr_ex.o
 .debug_abbrev  0x00001d08      0x2df ./Drivers/STM32H7RSxx_HAL_Driver/stm32h7rsxx_hal_rcc.o
 .debug_abbrev  0x00001fe7      0x24f ./Drivers/STM32H7RSxx_HAL_Driver/stm32h7rsxx_hal_rcc_ex.o
 .debug_abbrev  0x00002236      0x2af ./Drivers/STM32H7RSxx_HAL_Driver/stm32h7rsxx_hal_xspi.o
 .debug_abbrev  0x000024e5      0x231 ./Middlewares/STM32_ExtMem_Manager/stm32_boot_xip.o
 .debug_abbrev  0x00002716      0x289 ./Middlewares/STM32_ExtMem_Manager/stm32_extmem.o
 .debug_abbrev  0x0000299f      0x1de ./Middlewares/STM32_ExtMem_Manager/stm32_psram_driver.o
 .debug_abbrev  0x00002b7d      0x269 ./Middlewares/STM32_ExtMem_Manager/stm32_sal_xspi.o
 .debug_abbrev  0x00002de6      0x2bd ./Middlewares/STM32_ExtMem_Manager/stm32_sfdp_data.o
 .debug_abbrev  0x000030a3      0x285 ./Middlewares/STM32_ExtMem_Manager/stm32_sfdp_driver.o

.debug_aranges  0x00000000      0xf98
 .debug_aranges
                0x00000000       0x20 ./Application/User/Core/extmem_manager.o
 .debug_aranges
                0x00000020       0x60 ./Application/User/Core/main.o
 .debug_aranges
                0x00000080       0x30 ./Application/User/Core/stm32h7rsxx_hal_msp.o
 .debug_aranges
                0x000000b0       0x88 ./Application/User/Core/stm32h7rsxx_it.o
 .debug_aranges
                0x00000138       0x28 ./Application/User/Startup/startup_stm32h7s7l8hxh.o
 .debug_aranges
                0x00000160       0x28 ./Drivers/CMSIS/system_stm32h7rsxx.o
 .debug_aranges
                0x00000188      0x240 ./Drivers/STM32H7RSxx_HAL_Driver/stm32h7rsxx_hal.o
 .debug_aranges
                0x000003c8      0x130 ./Drivers/STM32H7RSxx_HAL_Driver/stm32h7rsxx_hal_cortex.o
 .debug_aranges
                0x000004f8       0xa8 ./Drivers/STM32H7RSxx_HAL_Driver/stm32h7rsxx_hal_dma.o
 .debug_aranges
                0x000005a0       0xa8 ./Drivers/STM32H7RSxx_HAL_Driver/stm32h7rsxx_hal_flash.o
 .debug_aranges
                0x00000648      0x118 ./Drivers/STM32H7RSxx_HAL_Driver/stm32h7rsxx_hal_flash_ex.o
 .debug_aranges
                0x00000760       0x60 ./Drivers/STM32H7RSxx_HAL_Driver/stm32h7rsxx_hal_gpio.o
 .debug_aranges
                0x000007c0      0x1c8 ./Drivers/STM32H7RSxx_HAL_Driver/stm32h7rsxx_hal_pwr_ex.o
 .debug_aranges
                0x00000988      0x130 ./Drivers/STM32H7RSxx_HAL_Driver/stm32h7rsxx_hal_rcc.o
 .debug_aranges
                0x00000ab8       0xc8 ./Drivers/STM32H7RSxx_HAL_Driver/stm32h7rsxx_hal_rcc_ex.o
 .debug_aranges
                0x00000b80      0x198 ./Drivers/STM32H7RSxx_HAL_Driver/stm32h7rsxx_hal_xspi.o
 .debug_aranges
                0x00000d18       0x30 ./Middlewares/STM32_ExtMem_Manager/stm32_boot_xip.o
 .debug_aranges
                0x00000d48       0x68 ./Middlewares/STM32_ExtMem_Manager/stm32_extmem.o
 .debug_aranges
                0x00000db0       0x40 ./Middlewares/STM32_ExtMem_Manager/stm32_psram_driver.o
 .debug_aranges
                0x00000df0       0xb0 ./Middlewares/STM32_ExtMem_Manager/stm32_sal_xspi.o
 .debug_aranges
                0x00000ea0       0x80 ./Middlewares/STM32_ExtMem_Manager/stm32_sfdp_data.o
 .debug_aranges
                0x00000f20       0x78 ./Middlewares/STM32_ExtMem_Manager/stm32_sfdp_driver.o

.debug_rnglists
                0x00000000      0xbc7
 .debug_rnglists
                0x00000000       0x14 ./Application/User/Core/extmem_manager.o
 .debug_rnglists
                0x00000014       0x48 ./Application/User/Core/main.o
 .debug_rnglists
                0x0000005c       0x22 ./Application/User/Core/stm32h7rsxx_hal_msp.o
 .debug_rnglists
                0x0000007e       0x61 ./Application/User/Core/stm32h7rsxx_it.o
 .debug_rnglists
                0x000000df       0x19 ./Application/User/Startup/startup_stm32h7s7l8hxh.o
 .debug_rnglists
                0x000000f8       0x1a ./Drivers/CMSIS/system_stm32h7rsxx.o
 .debug_rnglists
                0x00000112      0x1ae ./Drivers/STM32H7RSxx_HAL_Driver/stm32h7rsxx_hal.o
 .debug_rnglists
                0x000002c0       0xe0 ./Drivers/STM32H7RSxx_HAL_Driver/stm32h7rsxx_hal_cortex.o
 .debug_rnglists
                0x000003a0       0x84 ./Drivers/STM32H7RSxx_HAL_Driver/stm32h7rsxx_hal_dma.o
 .debug_rnglists
                0x00000424       0x80 ./Drivers/STM32H7RSxx_HAL_Driver/stm32h7rsxx_hal_flash.o
 .debug_rnglists
                0x000004a4       0xd6 ./Drivers/STM32H7RSxx_HAL_Driver/stm32h7rsxx_hal_flash_ex.o
 .debug_rnglists
                0x0000057a       0x45 ./Drivers/STM32H7RSxx_HAL_Driver/stm32h7rsxx_hal_gpio.o
 .debug_rnglists
                0x000005bf      0x154 ./Drivers/STM32H7RSxx_HAL_Driver/stm32h7rsxx_hal_pwr_ex.o
 .debug_rnglists
                0x00000713       0xea ./Drivers/STM32H7RSxx_HAL_Driver/stm32h7rsxx_hal_rcc.o
 .debug_rnglists
                0x000007fd       0x98 ./Drivers/STM32H7RSxx_HAL_Driver/stm32h7rsxx_hal_rcc_ex.o
 .debug_rnglists
                0x00000895      0x143 ./Drivers/STM32H7RSxx_HAL_Driver/stm32h7rsxx_hal_xspi.o
 .debug_rnglists
                0x000009d8       0x20 ./Middlewares/STM32_ExtMem_Manager/stm32_boot_xip.o
 .debug_rnglists
                0x000009f8       0x4e ./Middlewares/STM32_ExtMem_Manager/stm32_extmem.o
 .debug_rnglists
                0x00000a46       0x39 ./Middlewares/STM32_ExtMem_Manager/stm32_psram_driver.o
 .debug_rnglists
                0x00000a7f       0x8a ./Middlewares/STM32_ExtMem_Manager/stm32_sal_xspi.o
 .debug_rnglists
                0x00000b09       0x63 ./Middlewares/STM32_ExtMem_Manager/stm32_sfdp_data.o
 .debug_rnglists
                0x00000b6c       0x5b ./Middlewares/STM32_ExtMem_Manager/stm32_sfdp_driver.o

.debug_macro    0x00000000    0x3206e
 .debug_macro   0x00000000      0x2f4 ./Application/User/Core/extmem_manager.o
 .debug_macro   0x000002f4      0xaf0 ./Application/User/Core/extmem_manager.o
 .debug_macro   0x00000de4       0x2e ./Application/User/Core/extmem_manager.o
 .debug_macro   0x00000e12      0x1a1 ./Application/User/Core/extmem_manager.o
 .debug_macro   0x00000fb3       0x2e ./Application/User/Core/extmem_manager.o
 .debug_macro   0x00000fe1       0x42 ./Application/User/Core/extmem_manager.o
 .debug_macro   0x00001023       0x22 ./Application/User/Core/extmem_manager.o
 .debug_macro   0x00001045       0x8e ./Application/User/Core/extmem_manager.o
 .debug_macro   0x000010d3       0x51 ./Application/User/Core/extmem_manager.o
 .debug_macro   0x00001124      0x103 ./Application/User/Core/extmem_manager.o
 .debug_macro   0x00001227       0x6a ./Application/User/Core/extmem_manager.o
 .debug_macro   0x00001291      0x1df ./Application/User/Core/extmem_manager.o
 .debug_macro   0x00001470       0x1c ./Application/User/Core/extmem_manager.o
 .debug_macro   0x0000148c       0x22 ./Application/User/Core/extmem_manager.o
 .debug_macro   0x000014ae       0xfb ./Application/User/Core/extmem_manager.o
 .debug_macro   0x000015a9     0x1313 ./Application/User/Core/extmem_manager.o
 .debug_macro   0x000028bc      0x11f ./Application/User/Core/extmem_manager.o
 .debug_macro   0x000029db       0x22 ./Application/User/Core/extmem_manager.o
 .debug_macro   0x000029fd    0x21df4 ./Application/User/Core/extmem_manager.o
 .debug_macro   0x000247f1       0x6d ./Application/User/Core/extmem_manager.o
 .debug_macro   0x0002485e     0x346a ./Application/User/Core/extmem_manager.o
 .debug_macro   0x00027cc8       0x61 ./Application/User/Core/extmem_manager.o
 .debug_macro   0x00027d29       0x29 ./Application/User/Core/extmem_manager.o
 .debug_macro   0x00027d52       0x43 ./Application/User/Core/extmem_manager.o
 .debug_macro   0x00027d95       0x34 ./Application/User/Core/extmem_manager.o
 .debug_macro   0x00027dc9      0x190 ./Application/User/Core/extmem_manager.o
 .debug_macro   0x00027f59      0x370 ./Application/User/Core/extmem_manager.o
 .debug_macro   0x000282c9       0x16 ./Application/User/Core/extmem_manager.o
 .debug_macro   0x000282df       0x4a ./Application/User/Core/extmem_manager.o
 .debug_macro   0x00028329       0x34 ./Application/User/Core/extmem_manager.o
 .debug_macro   0x0002835d       0x10 ./Application/User/Core/extmem_manager.o
 .debug_macro   0x0002836d       0x58 ./Application/User/Core/extmem_manager.o
 .debug_macro   0x000283c5       0x8e ./Application/User/Core/extmem_manager.o
 .debug_macro   0x00028453       0x1c ./Application/User/Core/extmem_manager.o
 .debug_macro   0x0002846f      0x185 ./Application/User/Core/extmem_manager.o
 .debug_macro   0x000285f4      0x19b ./Application/User/Core/extmem_manager.o
 .debug_macro   0x0002878f       0x64 ./Application/User/Core/extmem_manager.o
 .debug_macro   0x000287f3      0xab5 ./Application/User/Core/extmem_manager.o
 .debug_macro   0x000292a8     0x1fa0 ./Application/User/Core/extmem_manager.o
 .debug_macro   0x0002b248      0x93a ./Application/User/Core/extmem_manager.o
 .debug_macro   0x0002bb82      0x170 ./Application/User/Core/extmem_manager.o
 .debug_macro   0x0002bcf2      0x1ba ./Application/User/Core/extmem_manager.o
 .debug_macro   0x0002beac      0x2e8 ./Application/User/Core/extmem_manager.o
 .debug_macro   0x0002c194      0x590 ./Application/User/Core/extmem_manager.o
 .debug_macro   0x0002c724      0x52e ./Application/User/Core/extmem_manager.o
 .debug_macro   0x0002cc52       0xba ./Application/User/Core/extmem_manager.o
 .debug_macro   0x0002cd0c      0x27c ./Application/User/Core/extmem_manager.o
 .debug_macro   0x0002cf88      0x2c0 ./Application/User/Core/extmem_manager.o
 .debug_macro   0x0002d248      0x3fb ./Application/User/Core/extmem_manager.o
 .debug_macro   0x0002d643       0xb0 ./Application/User/Core/extmem_manager.o
 .debug_macro   0x0002d6f3      0x11c ./Application/User/Core/extmem_manager.o
 .debug_macro   0x0002d80f      0x210 ./Application/User/Core/extmem_manager.o
 .debug_macro   0x0002da1f      0x2a0 ./Application/User/Core/extmem_manager.o
 .debug_macro   0x0002dcbf       0x3c ./Application/User/Core/extmem_manager.o
 .debug_macro   0x0002dcfb      0x6e0 ./Application/User/Core/extmem_manager.o
 .debug_macro   0x0002e3db      0x587 ./Application/User/Core/extmem_manager.o
 .debug_macro   0x0002e962       0x10 ./Application/User/Core/extmem_manager.o
 .debug_macro   0x0002e972       0x22 ./Application/User/Core/extmem_manager.o
 .debug_macro   0x0002e994       0x10 ./Application/User/Core/extmem_manager.o
 .debug_macro   0x0002e9a4       0x16 ./Application/User/Core/extmem_manager.o
 .debug_macro   0x0002e9ba       0x3c ./Application/User/Core/extmem_manager.o
 .debug_macro   0x0002e9f6       0x20 ./Application/User/Core/extmem_manager.o
 .debug_macro   0x0002ea16      0x2d3 ./Application/User/Core/main.o
 .debug_macro   0x0002ece9       0x76 ./Application/User/Core/main.o
 .debug_macro   0x0002ed5f      0x27b ./Application/User/Core/stm32h7rsxx_hal_msp.o
 .debug_macro   0x0002efda      0x285 ./Application/User/Core/stm32h7rsxx_it.o
 .debug_macro   0x0002f25f      0x26c ./Drivers/CMSIS/system_stm32h7rsxx.o
 .debug_macro   0x0002f4cb      0x2ae ./Drivers/STM32H7RSxx_HAL_Driver/stm32h7rsxx_hal.o
 .debug_macro   0x0002f779      0x26c ./Drivers/STM32H7RSxx_HAL_Driver/stm32h7rsxx_hal_cortex.o
 .debug_macro   0x0002f9e5      0x26d ./Drivers/STM32H7RSxx_HAL_Driver/stm32h7rsxx_hal_dma.o
 .debug_macro   0x0002fc52      0x26c ./Drivers/STM32H7RSxx_HAL_Driver/stm32h7rsxx_hal_flash.o
 .debug_macro   0x0002febe      0x272 ./Drivers/STM32H7RSxx_HAL_Driver/stm32h7rsxx_hal_flash_ex.o
 .debug_macro   0x00030130      0x273 ./Drivers/STM32H7RSxx_HAL_Driver/stm32h7rsxx_hal_gpio.o
 .debug_macro   0x000303a3      0x2a5 ./Drivers/STM32H7RSxx_HAL_Driver/stm32h7rsxx_hal_pwr_ex.o
 .debug_macro   0x00030648      0x2d2 ./Drivers/STM32H7RSxx_HAL_Driver/stm32h7rsxx_hal_rcc.o
 .debug_macro   0x0003091a      0x26c ./Drivers/STM32H7RSxx_HAL_Driver/stm32h7rsxx_hal_rcc_ex.o
 .debug_macro   0x00030b86      0x2b3 ./Drivers/STM32H7RSxx_HAL_Driver/stm32h7rsxx_hal_xspi.o
 .debug_macro   0x00030e39      0x2ca ./Middlewares/STM32_ExtMem_Manager/stm32_boot_xip.o
 .debug_macro   0x00031103      0x2f1 ./Middlewares/STM32_ExtMem_Manager/stm32_extmem.o
 .debug_macro   0x000313f4      0x2e1 ./Middlewares/STM32_ExtMem_Manager/stm32_psram_driver.o
 .debug_macro   0x000316d5      0x2f9 ./Middlewares/STM32_ExtMem_Manager/stm32_sal_xspi.o
 .debug_macro   0x000319ce      0x364 ./Middlewares/STM32_ExtMem_Manager/stm32_sfdp_data.o
 .debug_macro   0x00031d32      0x33c ./Middlewares/STM32_ExtMem_Manager/stm32_sfdp_driver.o

.debug_line     0x00000000    0x15a72
 .debug_line    0x00000000      0xafb ./Application/User/Core/extmem_manager.o
 .debug_line    0x00000afb      0xdd2 ./Application/User/Core/main.o
 .debug_line    0x000018cd      0xa30 ./Application/User/Core/stm32h7rsxx_hal_msp.o
 .debug_line    0x000022fd      0xa05 ./Application/User/Core/stm32h7rsxx_it.o
 .debug_line    0x00002d02       0x7b ./Application/User/Startup/startup_stm32h7s7l8hxh.o
 .debug_line    0x00002d7d      0x9e6 ./Drivers/CMSIS/system_stm32h7rsxx.o
 .debug_line    0x00003763     0x1116 ./Drivers/STM32H7RSxx_HAL_Driver/stm32h7rsxx_hal.o
 .debug_line    0x00004879      0xebe ./Drivers/STM32H7RSxx_HAL_Driver/stm32h7rsxx_hal_cortex.o
 .debug_line    0x00005737     0x137d ./Drivers/STM32H7RSxx_HAL_Driver/stm32h7rsxx_hal_dma.o
 .debug_line    0x00006ab4      0xede ./Drivers/STM32H7RSxx_HAL_Driver/stm32h7rsxx_hal_flash.o
 .debug_line    0x00007992     0x10af ./Drivers/STM32H7RSxx_HAL_Driver/stm32h7rsxx_hal_flash_ex.o
 .debug_line    0x00008a41      0xc82 ./Drivers/STM32H7RSxx_HAL_Driver/stm32h7rsxx_hal_gpio.o
 .debug_line    0x000096c3     0x1104 ./Drivers/STM32H7RSxx_HAL_Driver/stm32h7rsxx_hal_pwr_ex.o
 .debug_line    0x0000a7c7     0x1938 ./Drivers/STM32H7RSxx_HAL_Driver/stm32h7rsxx_hal_rcc.o
 .debug_line    0x0000c0ff     0x1c84 ./Drivers/STM32H7RSxx_HAL_Driver/stm32h7rsxx_hal_rcc_ex.o
 .debug_line    0x0000dd83     0x1b21 ./Drivers/STM32H7RSxx_HAL_Driver/stm32h7rsxx_hal_xspi.o
 .debug_line    0x0000f8a4      0xc35 ./Middlewares/STM32_ExtMem_Manager/stm32_boot_xip.o
 .debug_line    0x000104d9      0xf22 ./Middlewares/STM32_ExtMem_Manager/stm32_extmem.o
 .debug_line    0x000113fb      0xc81 ./Middlewares/STM32_ExtMem_Manager/stm32_psram_driver.o
 .debug_line    0x0001207c     0x103f ./Middlewares/STM32_ExtMem_Manager/stm32_sal_xspi.o
 .debug_line    0x000130bb     0x1993 ./Middlewares/STM32_ExtMem_Manager/stm32_sfdp_data.o
 .debug_line    0x00014a4e     0x1024 ./Middlewares/STM32_ExtMem_Manager/stm32_sfdp_driver.o

.debug_str      0x00000000   0x13883f
 .debug_str     0x00000000   0x13883f ./Application/User/Core/extmem_manager.o
                             0x12fe76 (size before relaxing)
 .debug_str     0x0013883f   0x12ffb4 ./Application/User/Core/main.o
 .debug_str     0x0013883f   0x13054c ./Application/User/Core/stm32h7rsxx_hal_msp.o
 .debug_str     0x0013883f   0x12f5c2 ./Application/User/Core/stm32h7rsxx_it.o
 .debug_str     0x0013883f       0xab ./Application/User/Startup/startup_stm32h7s7l8hxh.o
 .debug_str     0x0013883f   0x12f07a ./Drivers/CMSIS/system_stm32h7rsxx.o
 .debug_str     0x0013883f   0x13057a ./Drivers/STM32H7RSxx_HAL_Driver/stm32h7rsxx_hal.o
 .debug_str     0x0013883f   0x12fb7c ./Drivers/STM32H7RSxx_HAL_Driver/stm32h7rsxx_hal_cortex.o
 .debug_str     0x0013883f   0x12f3c7 ./Drivers/STM32H7RSxx_HAL_Driver/stm32h7rsxx_hal_dma.o
 .debug_str     0x0013883f   0x12f12b ./Drivers/STM32H7RSxx_HAL_Driver/stm32h7rsxx_hal_flash.o
 .debug_str     0x0013883f   0x12f3b4 ./Drivers/STM32H7RSxx_HAL_Driver/stm32h7rsxx_hal_flash_ex.o
 .debug_str     0x0013883f   0x12ef5f ./Drivers/STM32H7RSxx_HAL_Driver/stm32h7rsxx_hal_gpio.o
 .debug_str     0x0013883f   0x12f61d ./Drivers/STM32H7RSxx_HAL_Driver/stm32h7rsxx_hal_pwr_ex.o
 .debug_str     0x0013883f   0x12fa15 ./Drivers/STM32H7RSxx_HAL_Driver/stm32h7rsxx_hal_rcc.o
 .debug_str     0x0013883f   0x12f7c5 ./Drivers/STM32H7RSxx_HAL_Driver/stm32h7rsxx_hal_rcc_ex.o
 .debug_str     0x0013883f   0x12fd6e ./Drivers/STM32H7RSxx_HAL_Driver/stm32h7rsxx_hal_xspi.o
 .debug_str     0x0013883f   0x12f3c2 ./Middlewares/STM32_ExtMem_Manager/stm32_boot_xip.o
 .debug_str     0x0013883f   0x130603 ./Middlewares/STM32_ExtMem_Manager/stm32_extmem.o
 .debug_str     0x0013883f   0x12fd7f ./Middlewares/STM32_ExtMem_Manager/stm32_psram_driver.o
 .debug_str     0x0013883f   0x12fd50 ./Middlewares/STM32_ExtMem_Manager/stm32_sal_xspi.o
 .debug_str     0x0013883f   0x132b69 ./Middlewares/STM32_ExtMem_Manager/stm32_sfdp_data.o
 .debug_str     0x0013883f   0x13068d ./Middlewares/STM32_ExtMem_Manager/stm32_sfdp_driver.o

.comment        0x00000000       0x43
 .comment       0x00000000       0x43 ./Application/User/Core/extmem_manager.o
                                 0x44 (size before relaxing)
 .comment       0x00000043       0x44 ./Application/User/Core/main.o
 .comment       0x00000043       0x44 ./Application/User/Core/stm32h7rsxx_hal_msp.o
 .comment       0x00000043       0x44 ./Application/User/Core/stm32h7rsxx_it.o
 .comment       0x00000043       0x44 ./Drivers/CMSIS/system_stm32h7rsxx.o
 .comment       0x00000043       0x44 ./Drivers/STM32H7RSxx_HAL_Driver/stm32h7rsxx_hal.o
 .comment       0x00000043       0x44 ./Drivers/STM32H7RSxx_HAL_Driver/stm32h7rsxx_hal_cortex.o
 .comment       0x00000043       0x44 ./Drivers/STM32H7RSxx_HAL_Driver/stm32h7rsxx_hal_dma.o
 .comment       0x00000043       0x44 ./Drivers/STM32H7RSxx_HAL_Driver/stm32h7rsxx_hal_flash.o
 .comment       0x00000043       0x44 ./Drivers/STM32H7RSxx_HAL_Driver/stm32h7rsxx_hal_flash_ex.o
 .comment       0x00000043       0x44 ./Drivers/STM32H7RSxx_HAL_Driver/stm32h7rsxx_hal_gpio.o
 .comment       0x00000043       0x44 ./Drivers/STM32H7RSxx_HAL_Driver/stm32h7rsxx_hal_pwr_ex.o
 .comment       0x00000043       0x44 ./Drivers/STM32H7RSxx_HAL_Driver/stm32h7rsxx_hal_rcc.o
 .comment       0x00000043       0x44 ./Drivers/STM32H7RSxx_HAL_Driver/stm32h7rsxx_hal_rcc_ex.o
 .comment       0x00000043       0x44 ./Drivers/STM32H7RSxx_HAL_Driver/stm32h7rsxx_hal_xspi.o
 .comment       0x00000043       0x44 ./Middlewares/STM32_ExtMem_Manager/stm32_boot_xip.o
 .comment       0x00000043       0x44 ./Middlewares/STM32_ExtMem_Manager/stm32_extmem.o
 .comment       0x00000043       0x44 ./Middlewares/STM32_ExtMem_Manager/stm32_psram_driver.o
 .comment       0x00000043       0x44 ./Middlewares/STM32_ExtMem_Manager/stm32_sal_xspi.o
 .comment       0x00000043       0x44 ./Middlewares/STM32_ExtMem_Manager/stm32_sfdp_data.o
 .comment       0x00000043       0x44 ./Middlewares/STM32_ExtMem_Manager/stm32_sfdp_driver.o

.debug_frame    0x00000000     0x3ef0
 .debug_frame   0x00000000       0x2c ./Application/User/Core/extmem_manager.o
 .debug_frame   0x0000002c      0x14c ./Application/User/Core/main.o
 .debug_frame   0x00000178       0x84 ./Application/User/Core/stm32h7rsxx_hal_msp.o
 .debug_frame   0x000001fc      0x198 ./Application/User/Core/stm32h7rsxx_it.o
 .debug_frame   0x00000394       0x58 ./Drivers/CMSIS/system_stm32h7rsxx.o
 .debug_frame   0x000003ec      0x9a0 ./Drivers/STM32H7RSxx_HAL_Driver/stm32h7rsxx_hal.o
 .debug_frame   0x00000d8c      0x508 ./Drivers/STM32H7RSxx_HAL_Driver/stm32h7rsxx_hal_cortex.o
 .debug_frame   0x00001294      0x2c8 ./Drivers/STM32H7RSxx_HAL_Driver/stm32h7rsxx_hal_dma.o
 .debug_frame   0x0000155c      0x2a8 ./Drivers/STM32H7RSxx_HAL_Driver/stm32h7rsxx_hal_flash.o
 .debug_frame   0x00001804      0x488 ./Drivers/STM32H7RSxx_HAL_Driver/stm32h7rsxx_hal_flash_ex.o
 .debug_frame   0x00001c8c      0x174 ./Drivers/STM32H7RSxx_HAL_Driver/stm32h7rsxx_hal_gpio.o
 .debug_frame   0x00001e00      0x758 ./Drivers/STM32H7RSxx_HAL_Driver/stm32h7rsxx_hal_pwr_ex.o
 .debug_frame   0x00002558      0x510 ./Drivers/STM32H7RSxx_HAL_Driver/stm32h7rsxx_hal_rcc.o
 .debug_frame   0x00002a68      0x32c ./Drivers/STM32H7RSxx_HAL_Driver/stm32h7rsxx_hal_rcc_ex.o
 .debug_frame   0x00002d94      0x770 ./Drivers/STM32H7RSxx_HAL_Driver/stm32h7rsxx_hal_xspi.o
 .debug_frame   0x00003504       0x7c ./Middlewares/STM32_ExtMem_Manager/stm32_boot_xip.o
 .debug_frame   0x00003580      0x17c ./Middlewares/STM32_ExtMem_Manager/stm32_extmem.o
 .debug_frame   0x000036fc       0xcc ./Middlewares/STM32_ExtMem_Manager/stm32_psram_driver.o
 .debug_frame   0x000037c8      0x2d0 ./Middlewares/STM32_ExtMem_Manager/stm32_sal_xspi.o
 .debug_frame   0x00003a98      0x208 ./Middlewares/STM32_ExtMem_Manager/stm32_sfdp_data.o
 .debug_frame   0x00003ca0      0x1dc ./Middlewares/STM32_ExtMem_Manager/stm32_sfdp_driver.o
 .debug_frame   0x00003e7c       0x20 C:/ST/STM32CubeIDE_1.9.0/STM32CubeIDE/plugins/com.st.stm32cube.ide.mcu.externaltools.gnu-tools-for-stm32.13.3.rel1.win32_1.0.0.202411081344/tools/bin/../lib/gcc/arm-none-eabi/13.3.1/../../../../arm-none-eabi/lib/thumb/v7e-m+dp/hard\libc_nano.a(libc_a-memset.o)
 .debug_frame   0x00003e9c       0x2c C:/ST/STM32CubeIDE_1.9.0/STM32CubeIDE/plugins/com.st.stm32cube.ide.mcu.externaltools.gnu-tools-for-stm32.13.3.rel1.win32_1.0.0.202411081344/tools/bin/../lib/gcc/arm-none-eabi/13.3.1/../../../../arm-none-eabi/lib/thumb/v7e-m+dp/hard\libc_nano.a(libc_a-init.o)
 .debug_frame   0x00003ec8       0x28 C:/ST/STM32CubeIDE_1.9.0/STM32CubeIDE/plugins/com.st.stm32cube.ide.mcu.externaltools.gnu-tools-for-stm32.13.3.rel1.win32_1.0.0.202411081344/tools/bin/../lib/gcc/arm-none-eabi/13.3.1/../../../../arm-none-eabi/lib/thumb/v7e-m+dp/hard\libc_nano.a(libc_a-memcpy-stub.o)

.debug_line_str
                0x00000000       0x8f
 .debug_line_str
                0x00000000       0x8f ./Application/User/Startup/startup_stm32h7s7l8hxh.o
