Archive member included to satisfy reference by file (symbol)

C:/ST/STM32CubeIDE_1.9.0/STM32CubeIDE/plugins/com.st.stm32cube.ide.mcu.externaltools.gnu-tools-for-stm32.12.3.rel1.win32_1.1.0.202410251130/tools/bin/../lib/gcc/arm-none-eabi/12.3.1/../../../../arm-none-eabi/lib/thumb/v7e-m+dp/hard\libc_nano.a(libc_a-exit.o)
                              C:/ST/STM32CubeIDE_1.9.0/STM32CubeIDE/plugins/com.st.stm32cube.ide.mcu.externaltools.gnu-tools-for-stm32.12.3.rel1.win32_1.1.0.202410251130/tools/bin/../lib/gcc/arm-none-eabi/12.3.1/../../../../arm-none-eabi/lib/thumb/v7e-m+dp/hard/crt0.o (exit)
C:/ST/STM32CubeIDE_1.9.0/STM32CubeIDE/plugins/com.st.stm32cube.ide.mcu.externaltools.gnu-tools-for-stm32.12.3.rel1.win32_1.1.0.202410251130/tools/bin/../lib/gcc/arm-none-eabi/12.3.1/../../../../arm-none-eabi/lib/thumb/v7e-m+dp/hard\libc_nano.a(libc_a-findfp.o)
                              C:/ST/STM32CubeIDE_1.9.0/STM32CubeIDE/plugins/com.st.stm32cube.ide.mcu.externaltools.gnu-tools-for-stm32.12.3.rel1.win32_1.1.0.202410251130/tools/bin/../lib/gcc/arm-none-eabi/12.3.1/../../../../arm-none-eabi/lib/thumb/v7e-m+dp/hard\libc_nano.a(libc_a-exit.o) (__stdio_exit_handler)
C:/ST/STM32CubeIDE_1.9.0/STM32CubeIDE/plugins/com.st.stm32cube.ide.mcu.externaltools.gnu-tools-for-stm32.12.3.rel1.win32_1.1.0.202410251130/tools/bin/../lib/gcc/arm-none-eabi/12.3.1/../../../../arm-none-eabi/lib/thumb/v7e-m+dp/hard\libc_nano.a(libc_a-fwalk.o)
                              C:/ST/STM32CubeIDE_1.9.0/STM32CubeIDE/plugins/com.st.stm32cube.ide.mcu.externaltools.gnu-tools-for-stm32.12.3.rel1.win32_1.1.0.202410251130/tools/bin/../lib/gcc/arm-none-eabi/12.3.1/../../../../arm-none-eabi/lib/thumb/v7e-m+dp/hard\libc_nano.a(libc_a-findfp.o) (_fwalk_sglue)
C:/ST/STM32CubeIDE_1.9.0/STM32CubeIDE/plugins/com.st.stm32cube.ide.mcu.externaltools.gnu-tools-for-stm32.12.3.rel1.win32_1.1.0.202410251130/tools/bin/../lib/gcc/arm-none-eabi/12.3.1/../../../../arm-none-eabi/lib/thumb/v7e-m+dp/hard\libc_nano.a(libc_a-stdio.o)
                              C:/ST/STM32CubeIDE_1.9.0/STM32CubeIDE/plugins/com.st.stm32cube.ide.mcu.externaltools.gnu-tools-for-stm32.12.3.rel1.win32_1.1.0.202410251130/tools/bin/../lib/gcc/arm-none-eabi/12.3.1/../../../../arm-none-eabi/lib/thumb/v7e-m+dp/hard\libc_nano.a(libc_a-findfp.o) (__sread)
C:/ST/STM32CubeIDE_1.9.0/STM32CubeIDE/plugins/com.st.stm32cube.ide.mcu.externaltools.gnu-tools-for-stm32.12.3.rel1.win32_1.1.0.202410251130/tools/bin/../lib/gcc/arm-none-eabi/12.3.1/../../../../arm-none-eabi/lib/thumb/v7e-m+dp/hard\libc_nano.a(libc_a-memmove.o)
                              ./Drivers/STM32H7RSxx_HAL_Driver/stm32h7rsxx_hal_dma_ex.o (memmove)
C:/ST/STM32CubeIDE_1.9.0/STM32CubeIDE/plugins/com.st.stm32cube.ide.mcu.externaltools.gnu-tools-for-stm32.12.3.rel1.win32_1.1.0.202410251130/tools/bin/../lib/gcc/arm-none-eabi/12.3.1/../../../../arm-none-eabi/lib/thumb/v7e-m+dp/hard\libc_nano.a(libc_a-memset.o)
                              C:/ST/STM32CubeIDE_1.9.0/STM32CubeIDE/plugins/com.st.stm32cube.ide.mcu.externaltools.gnu-tools-for-stm32.12.3.rel1.win32_1.1.0.202410251130/tools/bin/../lib/gcc/arm-none-eabi/12.3.1/../../../../arm-none-eabi/lib/thumb/v7e-m+dp/hard/crt0.o (memset)
C:/ST/STM32CubeIDE_1.9.0/STM32CubeIDE/plugins/com.st.stm32cube.ide.mcu.externaltools.gnu-tools-for-stm32.12.3.rel1.win32_1.1.0.202410251130/tools/bin/../lib/gcc/arm-none-eabi/12.3.1/../../../../arm-none-eabi/lib/thumb/v7e-m+dp/hard\libc_nano.a(libc_a-closer.o)
                              C:/ST/STM32CubeIDE_1.9.0/STM32CubeIDE/plugins/com.st.stm32cube.ide.mcu.externaltools.gnu-tools-for-stm32.12.3.rel1.win32_1.1.0.202410251130/tools/bin/../lib/gcc/arm-none-eabi/12.3.1/../../../../arm-none-eabi/lib/thumb/v7e-m+dp/hard\libc_nano.a(libc_a-stdio.o) (_close_r)
C:/ST/STM32CubeIDE_1.9.0/STM32CubeIDE/plugins/com.st.stm32cube.ide.mcu.externaltools.gnu-tools-for-stm32.12.3.rel1.win32_1.1.0.202410251130/tools/bin/../lib/gcc/arm-none-eabi/12.3.1/../../../../arm-none-eabi/lib/thumb/v7e-m+dp/hard\libc_nano.a(libc_a-reent.o)
                              C:/ST/STM32CubeIDE_1.9.0/STM32CubeIDE/plugins/com.st.stm32cube.ide.mcu.externaltools.gnu-tools-for-stm32.12.3.rel1.win32_1.1.0.202410251130/tools/bin/../lib/gcc/arm-none-eabi/12.3.1/../../../../arm-none-eabi/lib/thumb/v7e-m+dp/hard\libc_nano.a(libc_a-closer.o) (errno)
C:/ST/STM32CubeIDE_1.9.0/STM32CubeIDE/plugins/com.st.stm32cube.ide.mcu.externaltools.gnu-tools-for-stm32.12.3.rel1.win32_1.1.0.202410251130/tools/bin/../lib/gcc/arm-none-eabi/12.3.1/../../../../arm-none-eabi/lib/thumb/v7e-m+dp/hard\libc_nano.a(libc_a-impure.o)
                              C:/ST/STM32CubeIDE_1.9.0/STM32CubeIDE/plugins/com.st.stm32cube.ide.mcu.externaltools.gnu-tools-for-stm32.12.3.rel1.win32_1.1.0.202410251130/tools/bin/../lib/gcc/arm-none-eabi/12.3.1/../../../../arm-none-eabi/lib/thumb/v7e-m+dp/hard\libc_nano.a(libc_a-reent.o) (_impure_ptr)
[...]
Memory Configuration

Name             Origin             Length             Attributes
RAM              0x24000000         0x00071c00         xrw
ITCM             0x00000000         0x00010000         xrw
DTCM             0x20000000         0x00010000         rw
SRAMAHB          0x30000000         0x00008000         rw
BKPSRAM          0x38800000         0x00001000         rw
FLASH            0x08000000         0x00010000         xrw
*default*        0x00000000         0xffffffff

Linker script and memory map

LOAD C:/ST/STM32CubeIDE_1.9.0/STM32CubeIDE/plugins/com.st.stm32cube.ide.mcu.externaltools.gnu-tools-for-stm32.12.3.rel1.win32_1.1.0.202410251130/tools/bin/../lib/gcc/arm-none-eabi/12.3.1/thumb/v7e-m+dp/hard/crti.o
LOAD C:/ST/STM32CubeIDE_1.9.0/STM32CubeIDE/plugins/com.st.stm32cube.ide.mcu.externaltools.gnu-tools-for-stm32.12.3.rel1.win32_1.1.0.202410251130/tools/bin/../lib/gcc/arm-none-eabi/12.3.1/thumb/v7e-m+dp/hard/crtbegin.o
LOAD C:/ST/STM32CubeIDE_1.9.0/STM32CubeIDE/plugins/com.st.stm32cube.ide.mcu.externaltools.gnu-tools-for-stm32.12.3.rel1.win32_1.1.0.202410251130/tools/bin/../lib/gcc/arm-none-eabi/12.3.1/../../../../arm-none-eabi/lib/thumb/v7e-m+dp/hard/crt0.o
LOAD ./Application/User/Core/extmem_manager.o
LOAD ./Application/User/Core/main.o
LOAD ./Application/User/Core/stm32h7rsxx_hal_msp.o
LOAD ./Application/User/Core/stm32h7rsxx_it.o
LOAD ./Application/User/Core/syscalls.o
LOAD ./Application/User/Core/sysmem.o
LOAD ./Application/User/Startup/startup_stm32h7s7l8hxh.o
LOAD ./Drivers/CMSIS/system_stm32h7rsxx.o
LOAD ./Drivers/STM32H7RSxx_HAL_Driver/stm32h7rsxx_hal.o
LOAD ./Drivers/STM32H7RSxx_HAL_Driver/stm32h7rsxx_hal_cortex.o
LOAD ./Drivers/STM32H7RSxx_HAL_Driver/stm32h7rsxx_hal_dma.o
LOAD ./Drivers/STM32H7RSxx_HAL_Driver/stm32h7rsxx_hal_dma_ex.o
LOAD ./Drivers/STM32H7RSxx_HAL_Driver/stm32h7rsxx_hal_exti.o
LOAD ./Drivers/STM32H7RSxx_HAL_Driver/stm32h7rsxx_hal_flash.o
LOAD ./Drivers/STM32H7RSxx_HAL_Driver/stm32h7rsxx_hal_flash_ex.o
LOAD ./Drivers/STM32H7RSxx_HAL_Driver/stm32h7rsxx_hal_gpio.o
LOAD ./Drivers/STM32H7RSxx_HAL_Driver/stm32h7rsxx_hal_pwr.o
LOAD ./Drivers/STM32H7RSxx_HAL_Driver/stm32h7rsxx_hal_pwr_ex.o
LOAD ./Drivers/STM32H7RSxx_HAL_Driver/stm32h7rsxx_hal_rcc.o
LOAD ./Drivers/STM32H7RSxx_HAL_Driver/stm32h7rsxx_hal_rcc_ex.o
LOAD ./Drivers/STM32H7RSxx_HAL_Driver/stm32h7rsxx_hal_xspi.o
LOAD ./Middlewares/STM32_ExtMem_Manager/stm32_boot_xip.o
LOAD ./Middlewares/STM32_ExtMem_Manager/stm32_extmem.o
LOAD ./Middlewares/STM32_ExtMem_Manager/stm32_psram_driver.o
LOAD ./Middlewares/STM32_ExtMem_Manager/stm32_sal_sd.o
LOAD ./Middlewares/STM32_ExtMem_Manager/stm32_sal_xspi.o
LOAD ./Middlewares/STM32_ExtMem_Manager/stm32_sdcard_driver.o
LOAD ./Middlewares/STM32_ExtMem_Manager/stm32_sfdp_data.o
LOAD ./Middlewares/STM32_ExtMem_Manager/stm32_sfdp_driver.o
LOAD ./Middlewares/STM32_ExtMem_Manager/stm32_user_driver.o
START GROUP
LOAD C:/ST/STM32CubeIDE_1.9.0/STM32CubeIDE/plugins/com.st.stm32cube.ide.mcu.externaltools.gnu-tools-for-stm32.12.3.rel1.win32_1.1.0.202410251130/tools/bin/../lib/gcc/arm-none-eabi/12.3.1/../../../../arm-none-eabi/lib/thumb/v7e-m+dp/hard\libstdc++_nano.a
LOAD C:/ST/STM32CubeIDE_1.9.0/STM32CubeIDE/plugins/com.st.stm32cube.ide.mcu.externaltools.gnu-tools-for-stm32.12.3.rel1.win32_1.1.0.202410251130/tools/bin/../lib/gcc/arm-none-eabi/12.3.1/../../../../arm-none-eabi/lib/thumb/v7e-m+dp/hard\libsupc++_nano.a
END GROUP
LOAD C:/ST/STM32CubeIDE_1.9.0/STM32CubeIDE/plugins/com.st.stm32cube.ide.mcu.externaltools.gnu-tools-for-stm32.12.3.rel1.win32_1.1.0.202410251130/tools/bin/../lib/gcc/arm-none-eabi/12.3.1/../../../../arm-none-eabi/lib/thumb/v7e-m+dp/hard\libstdc++_nano.a
LOAD C:/ST/STM32CubeIDE_1.9.0/STM32CubeIDE/plugins/com.st.stm32cube.ide.mcu.externaltools.gnu-tools-for-stm32.12.3.rel1.win32_1.1.0.202410251130/tools/bin/../lib/gcc/arm-none-eabi/12.3.1/../../../../arm-none-eabi/lib/thumb/v7e-m+dp/hard\libm.a
LOAD C:/ST/STM32CubeIDE_1.9.0/STM32CubeIDE/plugins/com.st.stm32cube.ide.mcu.externaltools.gnu-tools-for-stm32.12.3.rel1.win32_1.1.0.202410251130/tools/bin/../lib/gcc/arm-none-eabi/12.3.1/../../../../arm-none-eabi/lib/thumb/v7e-m+dp/hard\libc_nano.a
START GROUP
LOAD C:/ST/STM32CubeIDE_1.9.0/STM32CubeIDE/plugins/com.st.stm32cube.ide.mcu.externaltools.gnu-tools-for-stm32.12.3.rel1.win32_1.1.0.202410251130/tools/bin/../lib/gcc/arm-none-eabi/12.3.1/thumb/v7e-m+dp/hard\libgcc.a
LOAD C:/ST/STM32CubeIDE_1.9.0/STM32CubeIDE/plugins/com.st.stm32cube.ide.mcu.externaltools.gnu-tools-for-stm32.12.3.rel1.win32_1.1.0.202410251130/tools/bin/../lib/gcc/arm-none-eabi/12.3.1/../../../../arm-none-eabi/lib/thumb/v7e-m+dp/hard\libc_nano.a
END GROUP
START GROUP
LOAD C:/ST/STM32CubeIDE_1.9.0/STM32CubeIDE/plugins/com.st.stm32cube.ide.mcu.externaltools.gnu-tools-for-stm32.12.3.rel1.win32_1.1.0.202410251130/tools/bin/../lib/gcc/arm-none-eabi/12.3.1/thumb/v7e-m+dp/hard\libgcc.a
LOAD C:/ST/STM32CubeIDE_1.9.0/STM32CubeIDE/plugins/com.st.stm32cube.ide.mcu.externaltools.gnu-tools-for-stm32.12.3.rel1.win32_1.1.0.202410251130/tools/bin/../lib/gcc/arm-none-eabi/12.3.1/../../../../arm-none-eabi/lib/thumb/v7e-m+dp/hard\libc_nano.a
LOAD C:/ST/STM32CubeIDE_1.9.0/STM32CubeIDE/plugins/com.st.stm32cube.ide.mcu.externaltools.gnu-tools-for-stm32.12.3.rel1.win32_1.1.0.202410251130/tools/bin/../lib/gcc/arm-none-eabi/12.3.1/../../../../arm-none-eabi/lib/thumb/v7e-m+dp/hard\libnosys.a
END GROUP
START GROUP
LOAD C:/ST/STM32CubeIDE_1.9.0/STM32CubeIDE/plugins/com.st.stm32cube.ide.mcu.externaltools.gnu-tools-for-stm32.12.3.rel1.win32_1.1.0.202410251130/tools/bin/../lib/gcc/arm-none-eabi/12.3.1/thumb/v7e-m+dp/hard\libgcc.a
LOAD C:/ST/STM32CubeIDE_1.9.0/STM32CubeIDE/plugins/com.st.stm32cube.ide.mcu.externaltools.gnu-tools-for-stm32.12.3.rel1.win32_1.1.0.202410251130/tools/bin/../lib/gcc/arm-none-eabi/12.3.1/../../../../arm-none-eabi/lib/thumb/v7e-m+dp/hard\libc_nano.a
LOAD C:/ST/STM32CubeIDE_1.9.0/STM32CubeIDE/plugins/com.st.stm32cube.ide.mcu.externaltools.gnu-tools-for-stm32.12.3.rel1.win32_1.1.0.202410251130/tools/bin/../lib/gcc/arm-none-eabi/12.3.1/../../../../arm-none-eabi/lib/thumb/v7e-m+dp/hard\libnosys.a
END GROUP
LOAD C:/ST/STM32CubeIDE_1.9.0/STM32CubeIDE/plugins/com.st.stm32cube.ide.mcu.externaltools.gnu-tools-for-stm32.12.3.rel1.win32_1.1.0.202410251130/tools/bin/../lib/gcc/arm-none-eabi/12.3.1/thumb/v7e-m+dp/hard/crtend.o
LOAD C:/ST/STM32CubeIDE_1.9.0/STM32CubeIDE/plugins/com.st.stm32cube.ide.mcu.externaltools.gnu-tools-for-stm32.12.3.rel1.win32_1.1.0.202410251130/tools/bin/../lib/gcc/arm-none-eabi/12.3.1/thumb/v7e-m+dp/hard/crtn.o
                0x20010000                        _estack = (ORIGIN (DTCM) + LENGTH (DTCM))
                0x00001000                        _Min_Heap_Size = 0x1000
                0x00001000                        _Min_Stack_Size = 0x1000

.isr_vector     0x08000000      0x2b0
                0x08000000                        . = ALIGN (0x4)
 *(.isr_vector)
 .isr_vector    0x08000000      0x2b0 ./Application/User/Startup/startup_stm32h7s7l8hxh.o
                0x08000000                g_pfnVectors
                0x080002b0                        . = ALIGN (0x4)

.text           0x080002b0     0x50dc
                0x080002b0                        . = ALIGN (0x4)
 *(.text)
 .text          0x080002b0       0x40 C:/ST/STM32CubeIDE_1.9.0/STM32CubeIDE/plugins/com.st.stm32cube.ide.mcu.externaltools.gnu-tools-for-stm32.12.3.rel1.win32_1.1.0.202410251130/tools/bin/../lib/gcc/arm-none-eabi/12.3.1/thumb/v7e-m+dp/hard/crtbegin.o
 *(.text*)
 .text.MX_EXTMEM_MANAGER_Init
                0x080002f0       0x90 ./Application/User/Core/extmem_manager.o
                0x080002f0                MX_EXTMEM_MANAGER_Init
 .text.SystemClock_Config
                0x08000380       0xb4 ./Application/User/Core/main.o
                0x08000380                SystemClock_Config
 .text.startup.main
                0x08000434      0x230 ./Application/User/Core/main.o
                0x08000434                main
 .text.Error_Handler
                0x08000664        0x4 ./Application/User/Core/main.o
                0x08000664                Error_Handler
 .text.HAL_MspInit
                0x08000668       0xa4 ./Application/User/Core/stm32h7rsxx_hal_msp.o
                0x08000668                HAL_MspInit
 .text.HAL_XSPI_MspInit
                0x0800070c      0x168 ./Application/User/Core/stm32h7rsxx_hal_msp.o
                0x0800070c                HAL_XSPI_MspInit
 .text.NMI_Handler
                0x08000874        0x2 ./Application/User/Core/stm32h7rsxx_it.o
                0x08000874                NMI_Handler
 .text.HardFault_Handler
                0x08000876        0x2 ./Application/User/Core/stm32h7rsxx_it.o
                0x08000876                HardFault_Handler
 .text.MemManage_Handler
                0x08000878        0x2 ./Application/User/Core/stm32h7rsxx_it.o
                0x08000878                MemManage_Handler
 .text.BusFault_Handler
                0x0800087a        0x2 ./Application/User/Core/stm32h7rsxx_it.o
                0x0800087a                BusFault_Handler
 .text.UsageFault_Handler
                0x0800087c        0x2 ./Application/User/Core/stm32h7rsxx_it.o
                0x0800087c                UsageFault_Handler
 .text.SVC_Handler
                0x0800087e        0x2 ./Application/User/Core/stm32h7rsxx_it.o
                0x0800087e                SVC_Handler
 .text.DebugMon_Handler
                0x08000880        0x2 ./Application/User/Core/stm32h7rsxx_it.o
                0x08000880                DebugMon_Handler
 .text.PendSV_Handler
                0x08000882        0x2 ./Application/User/Core/stm32h7rsxx_it.o
                0x08000882                PendSV_Handler
 .text.SysTick_Handler
                0x08000884        0x4 ./Application/User/Core/stm32h7rsxx_it.o
                0x08000884                SysTick_Handler
 .text.Reset_Handler
                0x08000888       0x50 ./Application/User/Startup/startup_stm32h7s7l8hxh.o
                0x08000888                Reset_Handler
 .text.Default_Handler
                0x080008d8        0x2 ./Application/User/Startup/startup_stm32h7s7l8hxh.o
                0x080008d8                HPDMA1_Channel13_IRQHandler
                0x080008d8                EXTI2_IRQHandler
                0x080008d8                MCE2_IRQHandler
                0x080008d8                SAI1_A_IRQHandler
                0x080008d8                EXTI5_IRQHandler
                0x080008d8                I3C1_ER_IRQHandler
                0x080008d8                UART8_IRQHandler
                0x080008d8                SPI4_IRQHandler
                0x080008d8                EXTI13_IRQHandler
                0x080008d8                TIM1_CC_IRQHandler
                0x080008d8                XSPI1_IRQHandler
                0x080008d8                JPEG_IRQHandler
                0x080008d8                TAMP_IRQHandler
                0x080008d8                TIM6_IRQHandler
                0x080008d8                EXTI12_IRQHandler
                0x080008d8                CORDIC_IRQHandler
                0x080008d8                GFXTIM_IRQHandler
                0x080008d8                EXTI3_IRQHandler
                0x080008d8                LPTIM4_IRQHandler
                0x080008d8                GPDMA1_Channel5_IRQHandler
                0x080008d8                EXTI8_IRQHandler
                0x080008d8                LPTIM2_IRQHandler
                0x080008d8                GFXMMU_IRQHandler
                0x080008d8                I2C3_ER_IRQHandler
                0x080008d8                LPTIM3_IRQHandler
                0x080008d8                SAI2_A_IRQHandler
                0x080008d8                EXTI0_IRQHandler
                0x080008d8                HPDMA1_Channel9_IRQHandler
                0x080008d8                I2C2_EV_IRQHandler
                0x080008d8                GPU2D_IRQHandler
                0x080008d8                FPU_IRQHandler
                0x080008d8                GPDMA1_Channel3_IRQHandler
                0x080008d8                GPDMA1_Channel7_IRQHandler
                0x080008d8                FDCAN1_IT1_IRQHandler
                0x080008d8                HPDMA1_Channel3_IRQHandler
                0x080008d8                LTDC_ER_IRQHandler
                0x080008d8                ADC1_2_IRQHandler
                0x080008d8                GPDMA1_Channel9_IRQHandler
                0x080008d8                SPI1_IRQHandler
                0x080008d8                SAI1_B_IRQHandler
                0x080008d8                GPDMA1_Channel2_IRQHandler
                0x080008d8                I3C1_WKUP_IRQHandler
                0x080008d8                PKA_IRQHandler
                0x080008d8                HPDMA1_Channel2_IRQHandler
                0x080008d8                EXTI15_IRQHandler
                0x080008d8                TIM17_IRQHandler
                0x080008d8                USART3_IRQHandler
                0x080008d8                HPDMA1_Channel6_IRQHandler
                0x080008d8                CRYP_IRQHandler
                0x080008d8                RTC_IRQHandler
                0x080008d8                XSPI2_IRQHandler
                0x080008d8                EXTI9_IRQHandler
                0x080008d8                HPDMA1_Channel0_IRQHandler
                0x080008d8                LPTIM5_IRQHandler
                0x080008d8                HPDMA1_Channel1_IRQHandler
                0x080008d8                UART5_IRQHandler
                0x080008d8                TIM4_IRQHandler
                0x080008d8                I2C1_EV_IRQHandler
                0x080008d8                GPDMA1_Channel12_IRQHandler
                0x080008d8                HPDMA1_Channel7_IRQHandler
                0x080008d8                GPDMA1_Channel1_IRQHandler
                0x080008d8                TIM16_IRQHandler
                0x080008d8                GPDMA1_Channel15_IRQHandler
                0x080008d8                UART4_IRQHandler
                0x080008d8                TIM3_IRQHandler
                0x080008d8                RCC_IRQHandler
                0x080008d8                TIM1_TRG_COM_IRQHandler
                0x080008d8                SAI2_B_IRQHandler
                0x080008d8                Default_Handler
                0x080008d8                GPDMA1_Channel8_IRQHandler
                0x080008d8                HPDMA1_Channel8_IRQHandler
                0x080008d8                CEC_IRQHandler
                0x080008d8                TIM14_IRQHandler
                0x080008d8                TIM13_IRQHandler
                0x080008d8                GPDMA1_Channel11_IRQHandler
                0x080008d8                GPU2D_ER_IRQHandler
                0x080008d8                SPI5_IRQHandler
                0x080008d8                TIM12_IRQHandler
                0x080008d8                TIM7_IRQHandler
                0x080008d8                HPDMA1_Channel10_IRQHandler
                0x080008d8                SDMMC1_IRQHandler
                0x080008d8                SAES_IRQHandler
                0x080008d8                TIM5_IRQHandler
                0x080008d8                UCPD1_IRQHandler
                0x080008d8                GPDMA1_Channel0_IRQHandler
                0x080008d8                I3C1_EV_IRQHandler
                0x080008d8                HPDMA1_Channel5_IRQHandler
                0x080008d8                TIM15_IRQHandler
                0x080008d8                I2C3_EV_IRQHandler
                0x080008d8                HPDMA1_Channel4_IRQHandler
                0x080008d8                HPDMA1_Channel15_IRQHandler
                0x080008d8                TIM9_IRQHandler
                0x080008d8                LTDC_IRQHandler
                0x080008d8                SPDIF_RX_IRQHandler
                0x080008d8                PVD_PVM_IRQHandler
                0x080008d8                SPI2_IRQHandler
                0x080008d8                HPDMA1_Channel11_IRQHandler
                0x080008d8                EXTI14_IRQHandler
                0x080008d8                EXTI11_IRQHandler
                0x080008d8                CRS_IRQHandler
                0x080008d8                GPDMA1_Channel14_IRQHandler
                0x080008d8                EXTI4_IRQHandler
                0x080008d8                GPDMA1_Channel13_IRQHandler
                0x080008d8                RNG_IRQHandler
                0x080008d8                FDCAN2_IT1_IRQHandler
                0x080008d8                ETH_IRQHandler
                0x080008d8                TIM1_UP_IRQHandler
                0x080008d8                WWDG_IRQHandler
                0x080008d8                SPI6_IRQHandler
                0x080008d8                MDIOS_IRQHandler
                0x080008d8                FDCAN2_IT0_IRQHandler
                0x080008d8                IWDG_IRQHandler
                0x080008d8                HPDMA1_Channel14_IRQHandler
                0x080008d8                LPUART1_IRQHandler
                0x080008d8                FDCAN1_IT0_IRQHandler
                0x080008d8                TIM2_IRQHandler
                0x080008d8                PSSI_IRQHandler
                0x080008d8                MCE3_IRQHandler
                0x080008d8                GPDMA1_Channel4_IRQHandler
                0x080008d8                OTG_HS_IRQHandler
                0x080008d8                EXTI7_IRQHandler
                0x080008d8                DMA2D_IRQHandler
                0x080008d8                TIM1_BRK_IRQHandler
                0x080008d8                EXTI1_IRQHandler
                0x080008d8                SDMMC2_IRQHandler
                0x080008d8                UART7_IRQHandler
                0x080008d8                DTS_IRQHandler
                0x080008d8                USART2_IRQHandler
                0x080008d8                GPDMA1_Channel6_IRQHandler
                0x080008d8                ADF1_FLT0_IRQHandler
                0x080008d8                RAMECC_IRQHandler
                0x080008d8                I2C2_ER_IRQHandler
                0x080008d8                MCE1_IRQHandler
                0x080008d8                HPDMA1_Channel12_IRQHandler
                0x080008d8                FLASH_IRQHandler
                0x080008d8                USART1_IRQHandler
                0x080008d8                EXTI10_IRQHandler
                0x080008d8                OTG_FS_IRQHandler
                0x080008d8                SPI3_IRQHandler
                0x080008d8                WAKEUP_PIN_IRQHandler
                0x080008d8                DCMIPP_IRQHandler
                0x080008d8                I2C1_ER_IRQHandler
                0x080008d8                FMC_IRQHandler
                0x080008d8                EXTI6_IRQHandler
                0x080008d8                LPTIM1_IRQHandler
                0x080008d8                GPDMA1_Channel10_IRQHandler
                0x080008d8                ICACHE_IRQHandler
                0x080008d8                HASH_IRQHandler
 *fill*         0x080008da        0x2 
 .text.SystemInit
                0x080008dc       0x14 ./Drivers/CMSIS/system_stm32h7rsxx.o
                0x080008dc                SystemInit
 .text.HAL_InitTick
                0x080008f0       0x4c ./Drivers/STM32H7RSxx_HAL_Driver/stm32h7rsxx_hal.o
                0x080008f0                HAL_InitTick
 .text.HAL_Init
                0x0800093c       0x1e ./Drivers/STM32H7RSxx_HAL_Driver/stm32h7rsxx_hal.o
                0x0800093c                HAL_Init
 *fill*         0x0800095a        0x2 
 .text.HAL_IncTick
                0x0800095c       0x18 ./Drivers/STM32H7RSxx_HAL_Driver/stm32h7rsxx_hal.o
                0x0800095c                HAL_IncTick
 .text.HAL_GetTick
                0x08000974        0xc ./Drivers/STM32H7RSxx_HAL_Driver/stm32h7rsxx_hal.o
                0x08000974                HAL_GetTick
 .text.HAL_Delay
                0x08000980       0x24 ./Drivers/STM32H7RSxx_HAL_Driver/stm32h7rsxx_hal.o
                0x08000980                HAL_Delay
 .text.HAL_SuspendTick
                0x080009a4        0xe ./Drivers/STM32H7RSxx_HAL_Driver/stm32h7rsxx_hal.o
                0x080009a4                HAL_SuspendTick
 *fill*         0x080009b2        0x2 
 .text.HAL_SBS_EnableCompensationCell
                0x080009b4       0x14 ./Drivers/STM32H7RSxx_HAL_Driver/stm32h7rsxx_hal.o
                0x080009b4                HAL_SBS_EnableCompensationCell
 .text.HAL_SBS_GetCompensationCellReadyStatus
                0x080009c8       0x14 ./Drivers/STM32H7RSxx_HAL_Driver/stm32h7rsxx_hal.o
                0x080009c8                HAL_SBS_GetCompensationCellReadyStatus
 .text.HAL_SBS_ConfigCompensationCell
                0x080009dc       0x54 ./Drivers/STM32H7RSxx_HAL_Driver/stm32h7rsxx_hal.o
                0x080009dc                HAL_SBS_ConfigCompensationCell
 .text.HAL_SBS_EnableIOSpeedOptimize
                0x08000a30        0x4 ./Drivers/STM32H7RSxx_HAL_Driver/stm32h7rsxx_hal.o
                0x08000a30                HAL_SBS_EnableIOSpeedOptimize
 .text.HAL_NVIC_SetPriorityGrouping
                0x08000a34       0x24 ./Drivers/STM32H7RSxx_HAL_Driver/stm32h7rsxx_hal_cortex.o
                0x08000a34                HAL_NVIC_SetPriorityGrouping
 .text.HAL_NVIC_SetPriority
                0x08000a58       0x64 ./Drivers/STM32H7RSxx_HAL_Driver/stm32h7rsxx_hal_cortex.o
                0x08000a58                HAL_NVIC_SetPriority
 .text.HAL_SYSTICK_Config
                0x08000abc       0x28 ./Drivers/STM32H7RSxx_HAL_Driver/stm32h7rsxx_hal_cortex.o
                0x08000abc                HAL_SYSTICK_Config
 .text.HAL_DMA_Abort
                0x08000ae4       0x94 ./Drivers/STM32H7RSxx_HAL_Driver/stm32h7rsxx_hal_dma.o
                0x08000ae4                HAL_DMA_Abort
 .text.HAL_FLASH_Unlock
                0x08000b78       0x24 ./Drivers/STM32H7RSxx_HAL_Driver/stm32h7rsxx_hal_flash.o
                0x08000b78                HAL_FLASH_Unlock
 .text.HAL_FLASH_Lock
                0x08000b9c       0x18 ./Drivers/STM32H7RSxx_HAL_Driver/stm32h7rsxx_hal_flash.o
                0x08000b9c                HAL_FLASH_Lock
 .text.HAL_FLASH_OB_Unlock
                0x08000bb4       0x2c ./Drivers/STM32H7RSxx_HAL_Driver/stm32h7rsxx_hal_flash.o
                0x08000bb4                HAL_FLASH_OB_Unlock
 .text.HAL_FLASH_OB_Lock
                0x08000be0       0x20 ./Drivers/STM32H7RSxx_HAL_Driver/stm32h7rsxx_hal_flash.o
                0x08000be0                HAL_FLASH_OB_Lock
 .text.FLASH_WaitForLastOperation
                0x08000c00       0x6c ./Drivers/STM32H7RSxx_HAL_Driver/stm32h7rsxx_hal_flash.o
                0x08000c00                FLASH_WaitForLastOperation
 .text.HAL_FLASHEx_OBProgram
                0x08000c6c      0x1cc ./Drivers/STM32H7RSxx_HAL_Driver/stm32h7rsxx_hal_flash_ex.o
                0x08000c6c                HAL_FLASHEx_OBProgram
 .text.HAL_FLASHEx_OBGetConfig
                0x08000e38       0x60 ./Drivers/STM32H7RSxx_HAL_Driver/stm32h7rsxx_hal_flash_ex.o
                0x08000e38                HAL_FLASHEx_OBGetConfig
 .text.HAL_GPIO_Init
                0x08000e98      0x140 ./Drivers/STM32H7RSxx_HAL_Driver/stm32h7rsxx_hal_gpio.o
                0x08000e98                HAL_GPIO_Init
 .text.HAL_PWREx_ConfigSupply
                0x08000fd8       0x6c ./Drivers/STM32H7RSxx_HAL_Driver/stm32h7rsxx_hal_pwr_ex.o
                0x08000fd8                HAL_PWREx_ConfigSupply
 .text.HAL_PWREx_ControlVoltageScaling
                0x08001044       0x34 ./Drivers/STM32H7RSxx_HAL_Driver/stm32h7rsxx_hal_pwr_ex.o
                0x08001044                HAL_PWREx_ControlVoltageScaling
 .text.HAL_PWREx_EnableXSPIM1
                0x08001078       0x10 ./Drivers/STM32H7RSxx_HAL_Driver/stm32h7rsxx_hal_pwr_ex.o
                0x08001078                HAL_PWREx_EnableXSPIM1
 .text.HAL_PWREx_EnableXSPIM2
                0x08001088       0x10 ./Drivers/STM32H7RSxx_HAL_Driver/stm32h7rsxx_hal_pwr_ex.o
                0x08001088                HAL_PWREx_EnableXSPIM2
 .text.RCC_PLL1_GetVCOOutputFreq
                0x08001098       0xa4 ./Drivers/STM32H7RSxx_HAL_Driver/stm32h7rsxx_hal_rcc.o
 .text.RCC_PLL2_GetVCOOutputFreq
                0x0800113c       0xa4 ./Drivers/STM32H7RSxx_HAL_Driver/stm32h7rsxx_hal_rcc.o
 .text.RCC_PLL3_GetVCOOutputFreq
                0x080011e0       0xa4 ./Drivers/STM32H7RSxx_HAL_Driver/stm32h7rsxx_hal_rcc.o
 .text.RCC_PLL_Config
                0x08001284      0x1d0 ./Drivers/STM32H7RSxx_HAL_Driver/stm32h7rsxx_hal_rcc.o
 .text.HAL_RCC_OscConfig
                0x08001454      0x438 ./Drivers/STM32H7RSxx_HAL_Driver/stm32h7rsxx_hal_rcc.o
                0x08001454                HAL_RCC_OscConfig
 .text.HAL_RCC_GetSysClockFreq
                0x0800188c      0x148 ./Drivers/STM32H7RSxx_HAL_Driver/stm32h7rsxx_hal_rcc.o
                0x0800188c                HAL_RCC_GetSysClockFreq
 .text.HAL_RCC_ClockConfig
                0x080019d4      0x21c ./Drivers/STM32H7RSxx_HAL_Driver/stm32h7rsxx_hal_rcc.o
                0x080019d4                HAL_RCC_ClockConfig
 .text.HAL_RCC_GetHCLKFreq
                0x08001bf0       0x34 ./Drivers/STM32H7RSxx_HAL_Driver/stm32h7rsxx_hal_rcc.o
                0x08001bf0                HAL_RCC_GetHCLKFreq
 .text.HAL_RCC_GetPCLK1Freq
                0x08001c24       0x1c ./Drivers/STM32H7RSxx_HAL_Driver/stm32h7rsxx_hal_rcc.o
                0x08001c24                HAL_RCC_GetPCLK1Freq
 .text.HAL_RCC_GetPCLK2Freq
                0x08001c40       0x20 ./Drivers/STM32H7RSxx_HAL_Driver/stm32h7rsxx_hal_rcc.o
                0x08001c40                HAL_RCC_GetPCLK2Freq
 .text.HAL_RCC_GetPCLK4Freq
                0x08001c60       0x20 ./Drivers/STM32H7RSxx_HAL_Driver/stm32h7rsxx_hal_rcc.o
                0x08001c60                HAL_RCC_GetPCLK4Freq
 .text.HAL_RCC_GetPLL1QFreq
                0x08001c80       0x1c ./Drivers/STM32H7RSxx_HAL_Driver/stm32h7rsxx_hal_rcc.o
                0x08001c80                HAL_RCC_GetPLL1QFreq
 .text.HAL_RCC_GetPLL2PFreq
                0x08001c9c       0x1c ./Drivers/STM32H7RSxx_HAL_Driver/stm32h7rsxx_hal_rcc.o
                0x08001c9c                HAL_RCC_GetPLL2PFreq
 .text.HAL_RCC_GetPLL2QFreq
                0x08001cb8       0x1c ./Drivers/STM32H7RSxx_HAL_Driver/stm32h7rsxx_hal_rcc.o
                0x08001cb8                HAL_RCC_GetPLL2QFreq
 .text.HAL_RCC_GetPLL2RFreq
                0x08001cd4       0x1c ./Drivers/STM32H7RSxx_HAL_Driver/stm32h7rsxx_hal_rcc.o
                0x08001cd4                HAL_RCC_GetPLL2RFreq
 .text.HAL_RCC_GetPLL2SFreq
                0x08001cf0       0x1c ./Drivers/STM32H7RSxx_HAL_Driver/stm32h7rsxx_hal_rcc.o
                0x08001cf0                HAL_RCC_GetPLL2SFreq
 .text.HAL_RCC_GetPLL2TFreq
                0x08001d0c       0x1c ./Drivers/STM32H7RSxx_HAL_Driver/stm32h7rsxx_hal_rcc.o
                0x08001d0c                HAL_RCC_GetPLL2TFreq
 .text.HAL_RCC_GetPLL3PFreq
                0x08001d28       0x1c ./Drivers/STM32H7RSxx_HAL_Driver/stm32h7rsxx_hal_rcc.o
                0x08001d28                HAL_RCC_GetPLL3PFreq
 .text.HAL_RCC_GetPLL3QFreq
                0x08001d44       0x1c ./Drivers/STM32H7RSxx_HAL_Driver/stm32h7rsxx_hal_rcc.o
                0x08001d44                HAL_RCC_GetPLL3QFreq
 .text.HAL_RCC_GetPLL3RFreq
                0x08001d60       0x1c ./Drivers/STM32H7RSxx_HAL_Driver/stm32h7rsxx_hal_rcc.o
                0x08001d60                HAL_RCC_GetPLL3RFreq
 .text.HAL_RCC_GetPLL3SFreq
                0x08001d7c       0x1c ./Drivers/STM32H7RSxx_HAL_Driver/stm32h7rsxx_hal_rcc.o
                0x08001d7c                HAL_RCC_GetPLL3SFreq
 .text.RCC_GetCLKPFreq
                0x08001d98       0x60 ./Drivers/STM32H7RSxx_HAL_Driver/stm32h7rsxx_hal_rcc_ex.o
 .text.HAL_RCCEx_PeriphCLKConfig
                0x08001df8      0x8d4 ./Drivers/STM32H7RSxx_HAL_Driver/stm32h7rsxx_hal_rcc_ex.o
                0x08001df8                HAL_RCCEx_PeriphCLKConfig
 .text.HAL_RCCEx_GetPeriphCLKFreq
                0x080026cc      0xab4 ./Drivers/STM32H7RSxx_HAL_Driver/stm32h7rsxx_hal_rcc_ex.o
                0x080026cc                HAL_RCCEx_GetPeriphCLKFreq
 .text.HAL_RCCEx_EnableClockProtection
                0x08003180       0x14 ./Drivers/STM32H7RSxx_HAL_Driver/stm32h7rsxx_hal_rcc_ex.o
                0x08003180                HAL_RCCEx_EnableClockProtection
 .text.XSPI_ConfigCmd
                0x08003194      0x1e8 ./Drivers/STM32H7RSxx_HAL_Driver/stm32h7rsxx_hal_xspi.o
 .text.XSPI_WaitFlagStateUntilTimeout
                0x0800337c       0x4c ./Drivers/STM32H7RSxx_HAL_Driver/stm32h7rsxx_hal_xspi.o
 .text.HAL_XSPI_Init
                0x080033c8      0x124 ./Drivers/STM32H7RSxx_HAL_Driver/stm32h7rsxx_hal_xspi.o
                0x080033c8                HAL_XSPI_Init
 .text.HAL_XSPI_Command
                0x080034ec       0xa2 ./Drivers/STM32H7RSxx_HAL_Driver/stm32h7rsxx_hal_xspi.o
                0x080034ec                HAL_XSPI_Command
 .text.HAL_XSPI_Transmit
                0x0800358e       0x88 ./Drivers/STM32H7RSxx_HAL_Driver/stm32h7rsxx_hal_xspi.o
                0x0800358e                HAL_XSPI_Transmit
 .text.HAL_XSPI_Receive
                0x08003616       0xac ./Drivers/STM32H7RSxx_HAL_Driver/stm32h7rsxx_hal_xspi.o
                0x08003616                HAL_XSPI_Receive
 .text.HAL_XSPI_AutoPolling
                0x080036c2       0xaa ./Drivers/STM32H7RSxx_HAL_Driver/stm32h7rsxx_hal_xspi.o
                0x080036c2                HAL_XSPI_AutoPolling
 .text.HAL_XSPI_MemoryMapped
                0x0800376c       0x5e ./Drivers/STM32H7RSxx_HAL_Driver/stm32h7rsxx_hal_xspi.o
                0x0800376c                HAL_XSPI_MemoryMapped
 .text.HAL_XSPI_Abort
                0x080037ca       0x9c ./Drivers/STM32H7RSxx_HAL_Driver/stm32h7rsxx_hal_xspi.o
                0x080037ca                HAL_XSPI_Abort
 *fill*         0x08003866        0x2 
 .text.HAL_XSPIM_Config
                0x08003868      0x120 ./Drivers/STM32H7RSxx_HAL_Driver/stm32h7rsxx_hal_xspi.o
                0x08003868                HAL_XSPIM_Config
 .text.MapMemory
                0x08003988       0x38 ./Middlewares/STM32_ExtMem_Manager/stm32_boot_xip.o
                0x08003988                MapMemory
 .text.JumpToApplication
                0x080039c0       0xa0 ./Middlewares/STM32_ExtMem_Manager/stm32_boot_xip.o
                0x080039c0                JumpToApplication
 .text.BOOT_Application
                0x08003a60       0x12 ./Middlewares/STM32_ExtMem_Manager/stm32_boot_xip.o
                0x08003a60                BOOT_Application
 *fill*         0x08003a72        0x2 
 .text.EXTMEM_Init
                0x08003a74       0x50 ./Middlewares/STM32_ExtMem_Manager/stm32_extmem.o
                0x08003a74                EXTMEM_Init
 .text.EXTMEM_DeInit
                0x08003ac4       0x3c ./Middlewares/STM32_ExtMem_Manager/stm32_extmem.o
                0x08003ac4                EXTMEM_DeInit
 .text.EXTMEM_MemoryMappedMode
                0x08003b00       0x5c ./Middlewares/STM32_ExtMem_Manager/stm32_extmem.o
                0x08003b00                EXTMEM_MemoryMappedMode
 .text.EXTMEM_GetMapAddress
                0x08003b5c       0x54 ./Middlewares/STM32_ExtMem_Manager/stm32_extmem.o
                0x08003b5c                EXTMEM_GetMapAddress
 .text.EXTMEM_DRIVER_PSRAM_DeInit
                0x08003bb0        0xa ./Middlewares/STM32_ExtMem_Manager/stm32_psram_driver.o
                0x08003bb0                EXTMEM_DRIVER_PSRAM_DeInit
 .text.EXTMEM_DRIVER_PSRAM_Enable_MemoryMappedMode
                0x08003bba       0x42 ./Middlewares/STM32_ExtMem_Manager/stm32_psram_driver.o
                0x08003bba                EXTMEM_DRIVER_PSRAM_Enable_MemoryMappedMode
 .text.EXTMEM_DRIVER_PSRAM_Disable_MemoryMappedMode
                0x08003bfc       0x12 ./Middlewares/STM32_ExtMem_Manager/stm32_psram_driver.o
                0x08003bfc                EXTMEM_DRIVER_PSRAM_Disable_MemoryMappedMode
 .text.PSRAM_ExecuteCommand
                0x08003c0e       0x6c ./Middlewares/STM32_ExtMem_Manager/stm32_psram_driver.o
                0x08003c0e                PSRAM_ExecuteCommand
 .text.EXTMEM_DRIVER_PSRAM_Init
                0x08003c7a       0x8a ./Middlewares/STM32_ExtMem_Manager/stm32_psram_driver.o
                0x08003c7a                EXTMEM_DRIVER_PSRAM_Init
 .text.SAL_XSPI_SetClock
                0x08003d04       0x36 ./Middlewares/STM32_ExtMem_Manager/stm32_sal_xspi.o
                0x08003d04                SAL_XSPI_SetClock
 .text.SAL_XSPI_Init
                0x08003d3a       0x4e ./Middlewares/STM32_ExtMem_Manager/stm32_sal_xspi.o
                0x08003d3a                SAL_XSPI_Init
 .text.SAL_XSPI_MemoryConfig
                0x08003d88      0x1a6 ./Middlewares/STM32_ExtMem_Manager/stm32_sal_xspi.o
                0x08003d88                SAL_XSPI_MemoryConfig
 .text.SAL_XSPI_GetSFDP
                0x08003f2e       0x82 ./Middlewares/STM32_ExtMem_Manager/stm32_sal_xspi.o
                0x08003f2e                SAL_XSPI_GetSFDP
 .text.SAL_XSPI_GetId
                0x08003fb0       0x78 ./Middlewares/STM32_ExtMem_Manager/stm32_sal_xspi.o
                0x08003fb0                SAL_XSPI_GetId
 .text.SAL_XSPI_DisableMapMode
                0x08004028        0xa ./Middlewares/STM32_ExtMem_Manager/stm32_sal_xspi.o
                0x08004028                SAL_XSPI_DisableMapMode
 .text.SAL_XSPI_UpdateMemoryType
                0x08004032       0x32 ./Middlewares/STM32_ExtMem_Manager/stm32_sal_xspi.o
                0x08004032                SAL_XSPI_UpdateMemoryType
 .text.XSPI_FormatCommand
                0x08004064       0x18 ./Middlewares/STM32_ExtMem_Manager/stm32_sal_xspi.o
                0x08004064                XSPI_FormatCommand
 .text.SAL_XSPI_CommandSendData
                0x0800407c       0x62 ./Middlewares/STM32_ExtMem_Manager/stm32_sal_xspi.o
                0x0800407c                SAL_XSPI_CommandSendData
 .text.SAL_XSPI_SendReadCommand
                0x080040de       0x62 ./Middlewares/STM32_ExtMem_Manager/stm32_sal_xspi.o
                0x080040de                SAL_XSPI_SendReadCommand
 .text.SAL_XSPI_CommandSendReadAddress
                0x08004140       0x5e ./Middlewares/STM32_ExtMem_Manager/stm32_sal_xspi.o
                0x08004140                SAL_XSPI_CommandSendReadAddress
 .text.SAL_XSPI_CheckStatusRegister
                0x0800419e       0x90 ./Middlewares/STM32_ExtMem_Manager/stm32_sal_xspi.o
                0x0800419e                SAL_XSPI_CheckStatusRegister
 .text.SAL_XSPI_ConfigureWrappMode
                0x0800422e       0x42 ./Middlewares/STM32_ExtMem_Manager/stm32_sal_xspi.o
                0x0800422e                SAL_XSPI_ConfigureWrappMode
 .text.SAL_XSPI_EnableMapMode
                0x08004270       0x82 ./Middlewares/STM32_ExtMem_Manager/stm32_sal_xspi.o
                0x08004270                SAL_XSPI_EnableMapMode
 .text.XSPI_Transmit
                0x080042f2        0x8 ./Middlewares/STM32_ExtMem_Manager/stm32_sal_xspi.o
                0x080042f2                XSPI_Transmit
 .text.SAL_XSPI_Write
                0x080042fa       0x56 ./Middlewares/STM32_ExtMem_Manager/stm32_sal_xspi.o
                0x080042fa                SAL_XSPI_Write
 .text.XSPI_Receive
                0x08004350        0x8 ./Middlewares/STM32_ExtMem_Manager/stm32_sal_xspi.o
                0x08004350                XSPI_Receive
 .text.SAL_XSPI_Read
                0x08004358       0x82 ./Middlewares/STM32_ExtMem_Manager/stm32_sal_xspi.o
                0x08004358                SAL_XSPI_Read
 .text.driver_check_FlagBUSY
                0x080043da       0x38 ./Middlewares/STM32_ExtMem_Manager/stm32_sfdp_data.o
                0x080043da                driver_check_FlagBUSY
 *fill*         0x08004412        0x2 
 .text.sfdp_getfrequencevalue
                0x08004414       0x48 ./Middlewares/STM32_ExtMem_Manager/stm32_sfdp_data.o
                0x08004414                sfdp_getfrequencevalue
 .text.sfdp_get_paraminfo
                0x0800445c      0x168 ./Middlewares/STM32_ExtMem_Manager/stm32_sfdp_data.o
                0x0800445c                sfdp_get_paraminfo
 .text.SFDP_CollectData
                0x080045c4       0xf8 ./Middlewares/STM32_ExtMem_Manager/stm32_sfdp_data.o
                0x080045c4                SFDP_CollectData
 .text.SFDP_MemoryReset
                0x080046bc       0x8c ./Middlewares/STM32_ExtMem_Manager/stm32_sfdp_data.o
                0x080046bc                SFDP_MemoryReset
 .text.sfpd_enter_octal_mode
                0x08004748      0x150 ./Middlewares/STM32_ExtMem_Manager/stm32_sfdp_data.o
                0x08004748                sfpd_enter_octal_mode
 .text.sfpd_set_dummycycle
                0x08004898      0x10c ./Middlewares/STM32_ExtMem_Manager/stm32_sfdp_data.o
                0x08004898                sfpd_set_dummycycle
 .text.JEDEC_Basic_ManageQuadEnableRequierement
                0x080049a4       0xd8 ./Middlewares/STM32_ExtMem_Manager/stm32_sfdp_data.o
                0x080049a4                JEDEC_Basic_ManageQuadEnableRequierement
 .text.JEDEC_Basic_Manage4S4S4SEnableSequence
                0x08004a7c       0x3c ./Middlewares/STM32_ExtMem_Manager/stm32_sfdp_data.o
                0x08004a7c                JEDEC_Basic_Manage4S4S4SEnableSequence
 .text.SFDP_BuildGenericDriver
                0x08004ab8      0x600 ./Middlewares/STM32_ExtMem_Manager/stm32_sfdp_data.o
                0x08004ab8                SFDP_BuildGenericDriver
 .text.CheckSFDP_Signature
                0x080050b8       0x34 ./Middlewares/STM32_ExtMem_Manager/stm32_sfdp_data.o
                0x080050b8                CheckSFDP_Signature
 .text.SFDP_ReadHeader
                0x080050ec       0x40 ./Middlewares/STM32_ExtMem_Manager/stm32_sfdp_data.o
                0x080050ec                SFDP_ReadHeader
 .text.SFDP_GetHeader
                0x0800512c       0xa0 ./Middlewares/STM32_ExtMem_Manager/stm32_sfdp_data.o
                0x0800512c                SFDP_GetHeader
 .text.EXTMEM_DRIVER_NOR_SFDP_Init
                0x080051cc       0xec ./Middlewares/STM32_ExtMem_Manager/stm32_sfdp_driver.o
                0x080051cc                EXTMEM_DRIVER_NOR_SFDP_Init
 .text.EXTMEM_DRIVER_NOR_SFDP_DeInit
                0x080052b8        0xa ./Middlewares/STM32_ExtMem_Manager/stm32_sfdp_driver.o
                0x080052b8                EXTMEM_DRIVER_NOR_SFDP_DeInit
 .text.EXTMEM_DRIVER_NOR_SFDP_Enable_MemoryMappedMode
                0x080052c2       0x28 ./Middlewares/STM32_ExtMem_Manager/stm32_sfdp_driver.o
                0x080052c2                EXTMEM_DRIVER_NOR_SFDP_Enable_MemoryMappedMode
 .text.EXTMEM_DRIVER_NOR_SFDP_Disable_MemoryMappedMode
                0x080052ea       0x14 ./Middlewares/STM32_ExtMem_Manager/stm32_sfdp_driver.o
                0x080052ea                EXTMEM_DRIVER_NOR_SFDP_Disable_MemoryMappedMode
 .text.memset   0x080052fe       0x10 C:/ST/STM32CubeIDE_1.9.0/STM32CubeIDE/plugins/com.st.stm32cube.ide.mcu.externaltools.gnu-tools-for-stm32.12.3.rel1.win32_1.1.0.202410251130/tools/bin/../lib/gcc/arm-none-eabi/12.3.1/../../../../arm-none-eabi/lib/thumb/v7e-m+dp/hard\libc_nano.a(libc_a-memset.o)
                0x080052fe                memset
 *fill*         0x0800530e        0x2 
 .text.__libc_init_array
                0x08005310       0x48 C:/ST/STM32CubeIDE_1.9.0/STM32CubeIDE/plugins/com.st.stm32cube.ide.mcu.externaltools.gnu-tools-for-stm32.12.3.rel1.win32_1.1.0.202410251130/tools/bin/../lib/gcc/arm-none-eabi/12.3.1/../../../../arm-none-eabi/lib/thumb/v7e-m+dp/hard\libc_nano.a(libc_a-init.o)
                0x08005310                __libc_init_array
 .text.memcpy   0x08005358       0x1c C:/ST/STM32CubeIDE_1.9.0/STM32CubeIDE/plugins/com.st.stm32cube.ide.mcu.externaltools.gnu-tools-for-stm32.12.3.rel1.win32_1.1.0.202410251130/tools/bin/../lib/gcc/arm-none-eabi/12.3.1/../../../../arm-none-eabi/lib/thumb/v7e-m+dp/hard\libc_nano.a(libc_a-memcpy-stub.o)
                0x08005358                memcpy
 *(.glue_7)
 .glue_7        0x08005374        0x0 linker stubs
 *(.glue_7t)
 .glue_7t       0x08005374        0x0 linker stubs
 *(.eh_frame)
 .eh_frame      0x08005374        0x0 C:/ST/STM32CubeIDE_1.9.0/STM32CubeIDE/plugins/com.st.stm32cube.ide.mcu.externaltools.gnu-tools-for-stm32.12.3.rel1.win32_1.1.0.202410251130/tools/bin/../lib/gcc/arm-none-eabi/12.3.1/thumb/v7e-m+dp/hard/crtbegin.o
 *(.init)
 .init          0x08005374        0x4 C:/ST/STM32CubeIDE_1.9.0/STM32CubeIDE/plugins/com.st.stm32cube.ide.mcu.externaltools.gnu-tools-for-stm32.12.3.rel1.win32_1.1.0.202410251130/tools/bin/../lib/gcc/arm-none-eabi/12.3.1/thumb/v7e-m+dp/hard/crti.o
                0x08005374                _init
 .init          0x08005378        0x8 C:/ST/STM32CubeIDE_1.9.0/STM32CubeIDE/plugins/com.st.stm32cube.ide.mcu.externaltools.gnu-tools-for-stm32.12.3.rel1.win32_1.1.0.202410251130/tools/bin/../lib/gcc/arm-none-eabi/12.3.1/thumb/v7e-m+dp/hard/crtn.o
 *(.fini)
 .fini          0x08005380        0x4 C:/ST/STM32CubeIDE_1.9.0/STM32CubeIDE/plugins/com.st.stm32cube.ide.mcu.externaltools.gnu-tools-for-stm32.12.3.rel1.win32_1.1.0.202410251130/tools/bin/../lib/gcc/arm-none-eabi/12.3.1/thumb/v7e-m+dp/hard/crti.o
                0x08005380                _fini
 .fini          0x08005384        0x8 C:/ST/STM32CubeIDE_1.9.0/STM32CubeIDE/plugins/com.st.stm32cube.ide.mcu.externaltools.gnu-tools-for-stm32.12.3.rel1.win32_1.1.0.202410251130/tools/bin/../lib/gcc/arm-none-eabi/12.3.1/thumb/v7e-m+dp/hard/crtn.o
                0x0800538c                        . = ALIGN (0x4)
                0x0800538c                        _etext = .

.vfp11_veneer   0x0800538c        0x0
 .vfp11_veneer  0x0800538c        0x0 linker stubs

.v4_bx          0x0800538c        0x0
 .v4_bx         0x0800538c        0x0 linker stubs

.iplt           0x0800538c        0x0
 .iplt          0x0800538c        0x0 C:/ST/STM32CubeIDE_1.9.0/STM32CubeIDE/plugins/com.st.stm32cube.ide.mcu.externaltools.gnu-tools-for-stm32.12.3.rel1.win32_1.1.0.202410251130/tools/bin/../lib/gcc/arm-none-eabi/12.3.1/thumb/v7e-m+dp/hard/crtbegin.o

.rodata         0x0800538c       0x4c
                0x0800538c                        . = ALIGN (0x4)
 *(.rodata)
 .rodata        0x0800538c       0x2a ./Middlewares/STM32_ExtMem_Manager/stm32_sfdp_data.o
 *(.rodata*)
 .rodata.HAL_RCC_GetHCLKFreq.str1.1
                0x080053b6        0x9 ./Drivers/STM32H7RSxx_HAL_Driver/stm32h7rsxx_hal_rcc.o
 *fill*         0x080053bf        0x1 
 .rodata.chip_erase_unit.0
                0x080053c0       0x10 ./Middlewares/STM32_ExtMem_Manager/stm32_sfdp_data.o
 .rodata.block_erase_unit.1
                0x080053d0        0x8 ./Middlewares/STM32_ExtMem_Manager/stm32_sfdp_data.o
                0x080053d8                        . = ALIGN (0x4)

.ARM.extab      0x080053d8        0x0
                0x080053d8                        . = ALIGN (0x4)
 *(.ARM.extab* .gnu.linkonce.armextab.*)
                0x080053d8                        . = ALIGN (0x4)

.ARM            0x080053d8        0x0
                0x080053d8                        . = ALIGN (0x4)
                0x080053d8                        __exidx_start = .
 *(.ARM.exidx*)
                0x080053d8                        __exidx_end = .
                0x080053d8                        . = ALIGN (0x4)

.preinit_array  0x080053d8        0x0
                0x080053d8                        . = ALIGN (0x4)
                0x080053d8                        PROVIDE (__preinit_array_start = .)
 *(.preinit_array*)
                0x080053d8                        PROVIDE (__preinit_array_end = .)
                0x080053d8                        . = ALIGN (0x4)

.init_array     0x080053d8        0x4
                0x080053d8                        . = ALIGN (0x4)
                0x080053d8                        PROVIDE (__init_array_start = .)
 *(SORT_BY_NAME(.init_array.*))
 *(.init_array*)
 .init_array    0x080053d8        0x4 C:/ST/STM32CubeIDE_1.9.0/STM32CubeIDE/plugins/com.st.stm32cube.ide.mcu.externaltools.gnu-tools-for-stm32.12.3.rel1.win32_1.1.0.202410251130/tools/bin/../lib/gcc/arm-none-eabi/12.3.1/thumb/v7e-m+dp/hard/crtbegin.o
                0x080053dc                        PROVIDE (__init_array_end = .)
                0x080053dc                        . = ALIGN (0x4)

.fini_array     0x080053dc        0x4
                0x080053dc                        . = ALIGN (0x4)
                [!provide]                        PROVIDE (__fini_array_start = .)
 *(SORT_BY_NAME(.fini_array.*))
 *(.fini_array*)
 .fini_array    0x080053dc        0x4 C:/ST/STM32CubeIDE_1.9.0/STM32CubeIDE/plugins/com.st.stm32cube.ide.mcu.externaltools.gnu-tools-for-stm32.12.3.rel1.win32_1.1.0.202410251130/tools/bin/../lib/gcc/arm-none-eabi/12.3.1/thumb/v7e-m+dp/hard/crtbegin.o
                [!provide]                        PROVIDE (__fini_array_end = .)
                0x080053e0                        . = ALIGN (0x4)
                0x080053e0                        _sidata = LOADADDR (.data)

.rel.dyn        0x080053e0        0x0
 .rel.iplt      0x080053e0        0x0 C:/ST/STM32CubeIDE_1.9.0/STM32CubeIDE/plugins/com.st.stm32cube.ide.mcu.externaltools.gnu-tools-for-stm32.12.3.rel1.win32_1.1.0.202410251130/tools/bin/../lib/gcc/arm-none-eabi/12.3.1/thumb/v7e-m+dp/hard/crtbegin.o

.data           0x24000000        0xc load address 0x080053e0
                0x24000000                        . = ALIGN (0x4)
                0x24000000                        _sdata = .
 *(.data)
 *(.data*)
 .data.SystemCoreClock
                0x24000000        0x4 ./Drivers/CMSIS/system_stm32h7rsxx.o
                0x24000000                SystemCoreClock
 .data.uwTickFreq
                0x24000004        0x1 ./Drivers/STM32H7RSxx_HAL_Driver/stm32h7rsxx_hal.o
                0x24000004                uwTickFreq
 *fill*         0x24000005        0x3 
 .data.uwTickPrio
                0x24000008        0x4 ./Drivers/STM32H7RSxx_HAL_Driver/stm32h7rsxx_hal.o
                0x24000008                uwTickPrio
 *(.RamFunc)
 *(.RamFunc*)
                0x2400000c                        . = ALIGN (0x4)
                0x2400000c                        _edata = .

.igot.plt       0x2400000c        0x0 load address 0x080053ec
 .igot.plt      0x2400000c        0x0 C:/ST/STM32CubeIDE_1.9.0/STM32CubeIDE/plugins/com.st.stm32cube.ide.mcu.externaltools.gnu-tools-for-stm32.12.3.rel1.win32_1.1.0.202410251130/tools/bin/../lib/gcc/arm-none-eabi/12.3.1/thumb/v7e-m+dp/hard/crtbegin.o
                0x2400000c                        . = ALIGN (0x4)

.bss            0x2400000c      0x3dc load address 0x080053ec
                0x2400000c                        _sbss = .
                0x2400000c                        __bss_start__ = _sbss
 *(.bss)
 .bss           0x2400000c       0x1c C:/ST/STM32CubeIDE_1.9.0/STM32CubeIDE/plugins/com.st.stm32cube.ide.mcu.externaltools.gnu-tools-for-stm32.12.3.rel1.win32_1.1.0.202410251130/tools/bin/../lib/gcc/arm-none-eabi/12.3.1/thumb/v7e-m+dp/hard/crtbegin.o
 *(.bss*)
 .bss.hxspi2    0x24000028       0x60 ./Application/User/Core/main.o
                0x24000028                hxspi2
 .bss.hxspi1    0x24000088       0x60 ./Application/User/Core/main.o
                0x24000088                hxspi1
 .bss.HAL_RCC_XSPIM_CLK_ENABLED
                0x240000e8        0x4 ./Application/User/Core/stm32h7rsxx_hal_msp.o
 .bss.uwTick    0x240000ec        0x4 ./Drivers/STM32H7RSxx_HAL_Driver/stm32h7rsxx_hal.o
                0x240000ec                uwTick
 .bss.pFlash    0x240000f0       0x18 ./Drivers/STM32H7RSxx_HAL_Driver/stm32h7rsxx_hal_flash.o
                0x240000f0                pFlash
 .bss.extmem_list_config
                0x24000108      0x158 ./Middlewares/STM32_ExtMem_Manager/stm32_extmem.o
                0x24000108                extmem_list_config
 .bss.JEDEC_OctalDdr
                0x24000260       0x20 ./Middlewares/STM32_ExtMem_Manager/stm32_sfdp_data.o
 .bss.JEDEC_SCCR_Map
                0x24000280       0x70 ./Middlewares/STM32_ExtMem_Manager/stm32_sfdp_data.o
 .bss.JEDEC_XSPI10
                0x240002f0       0x18 ./Middlewares/STM32_ExtMem_Manager/stm32_sfdp_data.o
 .bss.JEDEC_Address4Bit
                0x24000308        0x8 ./Middlewares/STM32_ExtMem_Manager/stm32_sfdp_data.o
 .bss.JEDEC_Basic
                0x24000310       0x60 ./Middlewares/STM32_ExtMem_Manager/stm32_sfdp_data.o
 .bss.sfdp_param_info
                0x24000370       0x78 ./Middlewares/STM32_ExtMem_Manager/stm32_sfdp_data.o
 *(COMMON)
                0x240003e8                        . = ALIGN (0x4)
                0x240003e8                        _ebss = .
                0x240003e8                        __bss_end__ = _ebss

._user_heap_stack
                0x20000000     0x2000
                0x20000000                        . = ALIGN (0x8)
                [!provide]                        PROVIDE (end = .)
                0x20000000                        PROVIDE (_end = .)
                0x20001000                        . = (. + _Min_Heap_Size)
 *fill*         0x20000000     0x1000 
                0x20002000                        . = (. + _Min_Stack_Size)
 *fill*         0x20001000     0x1000 
                0x20002000                        . = ALIGN (0x8)

/DISCARD/
 libc.a(*)
 libm.a(*)
 libgcc.a(*)

.ARM.attributes
                0x00000000       0x2e
 *(.ARM.attributes)
 .ARM.attributes
                0x00000000       0x20 C:/ST/STM32CubeIDE_1.9.0/STM32CubeIDE/plugins/com.st.stm32cube.ide.mcu.externaltools.gnu-tools-for-stm32.12.3.rel1.win32_1.1.0.202410251130/tools/bin/../lib/gcc/arm-none-eabi/12.3.1/thumb/v7e-m+dp/hard/crti.o
 .ARM.attributes
                0x00000020       0x32 C:/ST/STM32CubeIDE_1.9.0/STM32CubeIDE/plugins/com.st.stm32cube.ide.mcu.externaltools.gnu-tools-for-stm32.12.3.rel1.win32_1.1.0.202410251130/tools/bin/../lib/gcc/arm-none-eabi/12.3.1/thumb/v7e-m+dp/hard/crtbegin.o
 .ARM.attributes
                0x00000052       0x32 ./Application/User/Core/extmem_manager.o
 .ARM.attributes
                0x00000084       0x32 ./Application/User/Core/main.o
 .ARM.attributes
                0x000000b6       0x32 ./Application/User/Core/stm32h7rsxx_hal_msp.o
 .ARM.attributes
                0x000000e8       0x32 ./Application/User/Core/stm32h7rsxx_it.o
 .ARM.attributes
                0x0000011a       0x21 ./Application/User/Startup/startup_stm32h7s7l8hxh.o
 .ARM.attributes
                0x0000013b       0x32 ./Drivers/CMSIS/system_stm32h7rsxx.o
 .ARM.attributes
                0x0000016d       0x32 ./Drivers/STM32H7RSxx_HAL_Driver/stm32h7rsxx_hal.o
 .ARM.attributes
                0x0000019f       0x32 ./Drivers/STM32H7RSxx_HAL_Driver/stm32h7rsxx_hal_cortex.o
 .ARM.attributes
                0x000001d1       0x32 ./Drivers/STM32H7RSxx_HAL_Driver/stm32h7rsxx_hal_dma.o
 .ARM.attributes
                0x00000203       0x32 ./Drivers/STM32H7RSxx_HAL_Driver/stm32h7rsxx_hal_flash.o
 .ARM.attributes
                0x00000235       0x32 ./Drivers/STM32H7RSxx_HAL_Driver/stm32h7rsxx_hal_flash_ex.o
 .ARM.attributes
                0x00000267       0x32 ./Drivers/STM32H7RSxx_HAL_Driver/stm32h7rsxx_hal_gpio.o
 .ARM.attributes
                0x00000299       0x32 ./Drivers/STM32H7RSxx_HAL_Driver/stm32h7rsxx_hal_pwr_ex.o
 .ARM.attributes
                0x000002cb       0x32 ./Drivers/STM32H7RSxx_HAL_Driver/stm32h7rsxx_hal_rcc.o
 .ARM.attributes
                0x000002fd       0x32 ./Drivers/STM32H7RSxx_HAL_Driver/stm32h7rsxx_hal_rcc_ex.o
 .ARM.attributes
                0x0000032f       0x32 ./Drivers/STM32H7RSxx_HAL_Driver/stm32h7rsxx_hal_xspi.o
 .ARM.attributes
                0x00000361       0x32 ./Middlewares/STM32_ExtMem_Manager/stm32_boot_xip.o
 .ARM.attributes
                0x00000393       0x32 ./Middlewares/STM32_ExtMem_Manager/stm32_extmem.o
 .ARM.attributes
                0x000003c5       0x32 ./Middlewares/STM32_ExtMem_Manager/stm32_psram_driver.o
 .ARM.attributes
                0x000003f7       0x32 ./Middlewares/STM32_ExtMem_Manager/stm32_sal_xspi.o
 .ARM.attributes
                0x00000429       0x32 ./Middlewares/STM32_ExtMem_Manager/stm32_sfdp_data.o
 .ARM.attributes
                0x0000045b       0x32 ./Middlewares/STM32_ExtMem_Manager/stm32_sfdp_driver.o
 .ARM.attributes
                0x0000048d       0x32 C:/ST/STM32CubeIDE_1.9.0/STM32CubeIDE/plugins/com.st.stm32cube.ide.mcu.externaltools.gnu-tools-for-stm32.12.3.rel1.win32_1.1.0.202410251130/tools/bin/../lib/gcc/arm-none-eabi/12.3.1/../../../../arm-none-eabi/lib/thumb/v7e-m+dp/hard\libc_nano.a(libc_a-memset.o)
 .ARM.attributes
                0x000004bf       0x32 C:/ST/STM32CubeIDE_1.9.0/STM32CubeIDE/plugins/com.st.stm32cube.ide.mcu.externaltools.gnu-tools-for-stm32.12.3.rel1.win32_1.1.0.202410251130/tools/bin/../lib/gcc/arm-none-eabi/12.3.1/../../../../arm-none-eabi/lib/thumb/v7e-m+dp/hard\libc_nano.a(libc_a-init.o)
 .ARM.attributes
                0x000004f1       0x32 C:/ST/STM32CubeIDE_1.9.0/STM32CubeIDE/plugins/com.st.stm32cube.ide.mcu.externaltools.gnu-tools-for-stm32.12.3.rel1.win32_1.1.0.202410251130/tools/bin/../lib/gcc/arm-none-eabi/12.3.1/../../../../arm-none-eabi/lib/thumb/v7e-m+dp/hard\libc_nano.a(libc_a-memcpy-stub.o)
 .ARM.attributes
                0x00000523       0x20 C:/ST/STM32CubeIDE_1.9.0/STM32CubeIDE/plugins/com.st.stm32cube.ide.mcu.externaltools.gnu-tools-for-stm32.12.3.rel1.win32_1.1.0.202410251130/tools/bin/../lib/gcc/arm-none-eabi/12.3.1/thumb/v7e-m+dp/hard/crtn.o
OUTPUT(STM32H7S78-DK_Boot.elf elf32-littlearm)
LOAD linker stubs
LOAD C:/ST/STM32CubeIDE_1.9.0/STM32CubeIDE/plugins/com.st.stm32cube.ide.mcu.externaltools.gnu-tools-for-stm32.12.3.rel1.win32_1.1.0.202410251130/tools/bin/../lib/gcc/arm-none-eabi/12.3.1/../../../../arm-none-eabi/lib/thumb/v7e-m+dp/hard\libc.a
LOAD C:/ST/STM32CubeIDE_1.9.0/STM32CubeIDE/plugins/com.st.stm32cube.ide.mcu.externaltools.gnu-tools-for-stm32.12.3.rel1.win32_1.1.0.202410251130/tools/bin/../lib/gcc/arm-none-eabi/12.3.1/../../../../arm-none-eabi/lib/thumb/v7e-m+dp/hard\libm.a
LOAD C:/ST/STM32CubeIDE_1.9.0/STM32CubeIDE/plugins/com.st.stm32cube.ide.mcu.externaltools.gnu-tools-for-stm32.12.3.rel1.win32_1.1.0.202410251130/tools/bin/../lib/gcc/arm-none-eabi/12.3.1/thumb/v7e-m+dp/hard\libgcc.a

.comment        0x00000000       0x43
 .comment       0x00000000       0x43 ./Application/User/Core/extmem_manager.o
                                 0x44 (size before relaxing)
 .comment       0x00000043       0x44 ./Application/User/Core/main.o
 .comment       0x00000043       0x44 ./Application/User/Core/stm32h7rsxx_hal_msp.o
 .comment       0x00000043       0x44 ./Application/User/Core/stm32h7rsxx_it.o
 .comment       0x00000043       0x44 ./Drivers/CMSIS/system_stm32h7rsxx.o
 .comment       0x00000043       0x44 ./Drivers/STM32H7RSxx_HAL_Driver/stm32h7rsxx_hal.o
 .comment       0x00000043       0x44 ./Drivers/STM32H7RSxx_HAL_Driver/stm32h7rsxx_hal_cortex.o
 .comment       0x00000043       0x44 ./Drivers/STM32H7RSxx_HAL_Driver/stm32h7rsxx_hal_dma.o
 .comment       0x00000043       0x44 ./Drivers/STM32H7RSxx_HAL_Driver/stm32h7rsxx_hal_flash.o
 .comment       0x00000043       0x44 ./Drivers/STM32H7RSxx_HAL_Driver/stm32h7rsxx_hal_flash_ex.o
 .comment       0x00000043       0x44 ./Drivers/STM32H7RSxx_HAL_Driver/stm32h7rsxx_hal_gpio.o
 .comment       0x00000043       0x44 ./Drivers/STM32H7RSxx_HAL_Driver/stm32h7rsxx_hal_pwr_ex.o
 .comment       0x00000043       0x44 ./Drivers/STM32H7RSxx_HAL_Driver/stm32h7rsxx_hal_rcc.o
 .comment       0x00000043       0x44 ./Drivers/STM32H7RSxx_HAL_Driver/stm32h7rsxx_hal_rcc_ex.o
 .comment       0x00000043       0x44 ./Drivers/STM32H7RSxx_HAL_Driver/stm32h7rsxx_hal_xspi.o
 .comment       0x00000043       0x44 ./Middlewares/STM32_ExtMem_Manager/stm32_boot_xip.o
 .comment       0x00000043       0x44 ./Middlewares/STM32_ExtMem_Manager/stm32_extmem.o
 .comment       0x00000043       0x44 ./Middlewares/STM32_ExtMem_Manager/stm32_psram_driver.o
 .comment       0x00000043       0x44 ./Middlewares/STM32_ExtMem_Manager/stm32_sal_xspi.o
 .comment       0x00000043       0x44 ./Middlewares/STM32_ExtMem_Manager/stm32_sfdp_data.o
 .comment       0x00000043       0x44 ./Middlewares/STM32_ExtMem_Manager/stm32_sfdp_driver.o

.debug_frame    0x00000000       0x74
 .debug_frame   0x00000000       0x20 C:/ST/STM32CubeIDE_1.9.0/STM32CubeIDE/plugins/com.st.stm32cube.ide.mcu.externaltools.gnu-tools-for-stm32.12.3.rel1.win32_1.1.0.202410251130/tools/bin/../lib/gcc/arm-none-eabi/12.3.1/../../../../arm-none-eabi/lib/thumb/v7e-m+dp/hard\libc_nano.a(libc_a-memset.o)
 .debug_frame   0x00000020       0x2c C:/ST/STM32CubeIDE_1.9.0/STM32CubeIDE/plugins/com.st.stm32cube.ide.mcu.externaltools.gnu-tools-for-stm32.12.3.rel1.win32_1.1.0.202410251130/tools/bin/../lib/gcc/arm-none-eabi/12.3.1/../../../../arm-none-eabi/lib/thumb/v7e-m+dp/hard\libc_nano.a(libc_a-init.o)
 .debug_frame   0x0000004c       0x28 C:/ST/STM32CubeIDE_1.9.0/STM32CubeIDE/plugins/com.st.stm32cube.ide.mcu.externaltools.gnu-tools-for-stm32.12.3.rel1.win32_1.1.0.202410251130/tools/bin/../lib/gcc/arm-none-eabi/12.3.1/../../../../arm-none-eabi/lib/thumb/v7e-m+dp/hard\libc_nano.a(libc_a-memcpy-stub.o)
