C:/Users/HP/Workspace_STM32H7S_DK/STM32H7_Test/Drivers/STM32H7RSxx_HAL_Driver/Src/stm32h7rsxx_hal_xspi.c:3011:13:XSPI_DMACplt	0	static
C:/Users/HP/Workspace_STM32H7S_DK/STM32H7_Test/Drivers/STM32H7RSxx_HAL_Driver/Src/stm32h7rsxx_hal_xspi.c:3169:26:XSPI_ConfigCmd	28	static
C:/Users/HP/Workspace_STM32H7S_DK/STM32H7_Test/Drivers/STM32H7RSxx_HAL_Driver/Src/stm32h7rsxx_hal_xspi.c:3142:26:XSPI_WaitFlagStateUntilTimeout	24	static
C:/Users/HP/Workspace_STM32H7S_DK/STM32H7_Test/Drivers/STM32H7RSxx_HAL_Driver/Src/stm32h7rsxx_hal_xspi.c:478:13:HAL_XSPI_MspInit	0	static
C:/Users/HP/Workspace_STM32H7S_DK/STM32H7_Test/Drivers/STM32H7RSxx_HAL_Driver/Src/stm32h7rsxx_hal_xspi.c:338:19:HAL_XSPI_Init	32	static
C:/Users/HP/Workspace_STM32H7S_DK/STM32H7_Test/Drivers/STM32H7RSxx_HAL_Driver/Src/stm32h7rsxx_hal_xspi.c:536:13:HAL_XSPI_MspDeInit	0	static
C:/Users/HP/Workspace_STM32H7S_DK/STM32H7_Test/Drivers/STM32H7RSxx_HAL_Driver/Src/stm32h7rsxx_hal_xspi.c:493:19:HAL_XSPI_DeInit	8	static
C:/Users/HP/Workspace_STM32H7S_DK/STM32H7_Test/Drivers/STM32H7RSxx_HAL_Driver/Src/stm32h7rsxx_hal_xspi.c:816:19:HAL_XSPI_Command	32	static
C:/Users/HP/Workspace_STM32H7S_DK/STM32H7_Test/Drivers/STM32H7RSxx_HAL_Driver/Src/stm32h7rsxx_hal_xspi.c:951:19:HAL_XSPI_Command_IT	24	static
C:/Users/HP/Workspace_STM32H7S_DK/STM32H7_Test/Drivers/STM32H7RSxx_HAL_Driver/Src/stm32h7rsxx_hal_xspi.c:1040:19:HAL_XSPI_HyperbusCfg	24	static
C:/Users/HP/Workspace_STM32H7S_DK/STM32H7_Test/Drivers/STM32H7RSxx_HAL_Driver/Src/stm32h7rsxx_hal_xspi.c:1091:19:HAL_XSPI_HyperbusCmd	32	static
C:/Users/HP/Workspace_STM32H7S_DK/STM32H7_Test/Drivers/STM32H7RSxx_HAL_Driver/Src/stm32h7rsxx_hal_xspi.c:1158:19:HAL_XSPI_Transmit	32	static
C:/Users/HP/Workspace_STM32H7S_DK/STM32H7_Test/Drivers/STM32H7RSxx_HAL_Driver/Src/stm32h7rsxx_hal_xspi.c:1230:19:HAL_XSPI_Receive	32	static
C:/Users/HP/Workspace_STM32H7S_DK/STM32H7_Test/Drivers/STM32H7RSxx_HAL_Driver/Src/stm32h7rsxx_hal_xspi.c:1320:19:HAL_XSPI_Transmit_IT	0	static
C:/Users/HP/Workspace_STM32H7S_DK/STM32H7_Test/Drivers/STM32H7RSxx_HAL_Driver/Src/stm32h7rsxx_hal_xspi.c:1369:19:HAL_XSPI_Receive_IT	12	static
C:/Users/HP/Workspace_STM32H7S_DK/STM32H7_Test/Drivers/STM32H7RSxx_HAL_Driver/Src/stm32h7rsxx_hal_xspi.c:1441:19:HAL_XSPI_Transmit_DMA	24	static
C:/Users/HP/Workspace_STM32H7S_DK/STM32H7_Test/Drivers/STM32H7RSxx_HAL_Driver/Src/stm32h7rsxx_hal_xspi.c:1624:19:HAL_XSPI_Receive_DMA	24	static
C:/Users/HP/Workspace_STM32H7S_DK/STM32H7_Test/Drivers/STM32H7RSxx_HAL_Driver/Src/stm32h7rsxx_hal_xspi.c:1824:19:HAL_XSPI_AutoPolling	40	static
C:/Users/HP/Workspace_STM32H7S_DK/STM32H7_Test/Drivers/STM32H7RSxx_HAL_Driver/Src/stm32h7rsxx_hal_xspi.c:1905:19:HAL_XSPI_AutoPolling_IT	32	static
C:/Users/HP/Workspace_STM32H7S_DK/STM32H7_Test/Drivers/STM32H7RSxx_HAL_Driver/Src/stm32h7rsxx_hal_xspi.c:1978:19:HAL_XSPI_MemoryMapped	24	static
C:/Users/HP/Workspace_STM32H7S_DK/STM32H7_Test/Drivers/STM32H7RSxx_HAL_Driver/Src/stm32h7rsxx_hal_xspi.c:2029:13:HAL_XSPI_ErrorCallback	0	static
C:/Users/HP/Workspace_STM32H7S_DK/STM32H7_Test/Drivers/STM32H7RSxx_HAL_Driver/Src/stm32h7rsxx_hal_xspi.c:2044:13:HAL_XSPI_AbortCpltCallback	0	static
C:/Users/HP/Workspace_STM32H7S_DK/STM32H7_Test/Drivers/STM32H7RSxx_HAL_Driver/Src/stm32h7rsxx_hal_xspi.c:3087:13:XSPI_DMAAbortCplt	8	static
C:/Users/HP/Workspace_STM32H7S_DK/STM32H7_Test/Drivers/STM32H7RSxx_HAL_Driver/Src/stm32h7rsxx_hal_xspi.c:2059:13:HAL_XSPI_FifoThresholdCallback	0	static
C:/Users/HP/Workspace_STM32H7S_DK/STM32H7_Test/Drivers/STM32H7RSxx_HAL_Driver/Src/stm32h7rsxx_hal_xspi.c:2074:13:HAL_XSPI_CmdCpltCallback	0	static
C:/Users/HP/Workspace_STM32H7S_DK/STM32H7_Test/Drivers/STM32H7RSxx_HAL_Driver/Src/stm32h7rsxx_hal_xspi.c:2089:13:HAL_XSPI_RxCpltCallback	0	static
C:/Users/HP/Workspace_STM32H7S_DK/STM32H7_Test/Drivers/STM32H7RSxx_HAL_Driver/Src/stm32h7rsxx_hal_xspi.c:2104:13:HAL_XSPI_TxCpltCallback	0	static
C:/Users/HP/Workspace_STM32H7S_DK/STM32H7_Test/Drivers/STM32H7RSxx_HAL_Driver/Src/stm32h7rsxx_hal_xspi.c:2119:13:HAL_XSPI_RxHalfCpltCallback	0	static
C:/Users/HP/Workspace_STM32H7S_DK/STM32H7_Test/Drivers/STM32H7RSxx_HAL_Driver/Src/stm32h7rsxx_hal_xspi.c:2134:13:HAL_XSPI_TxHalfCpltCallback	0	static
C:/Users/HP/Workspace_STM32H7S_DK/STM32H7_Test/Drivers/STM32H7RSxx_HAL_Driver/Src/stm32h7rsxx_hal_xspi.c:3028:13:XSPI_DMAHalfCplt	8	static
C:/Users/HP/Workspace_STM32H7S_DK/STM32H7_Test/Drivers/STM32H7RSxx_HAL_Driver/Src/stm32h7rsxx_hal_xspi.c:2149:13:HAL_XSPI_StatusMatchCallback	0	static
C:/Users/HP/Workspace_STM32H7S_DK/STM32H7_Test/Drivers/STM32H7RSxx_HAL_Driver/Src/stm32h7rsxx_hal_xspi.c:2164:13:HAL_XSPI_TimeOutCallback	0	static
C:/Users/HP/Workspace_STM32H7S_DK/STM32H7_Test/Drivers/STM32H7RSxx_HAL_Driver/Src/stm32h7rsxx_hal_xspi.c:576:6:HAL_XSPI_IRQHandler	16	static
C:/Users/HP/Workspace_STM32H7S_DK/STM32H7_Test/Drivers/STM32H7RSxx_HAL_Driver/Src/stm32h7rsxx_hal_xspi.c:2415:19:HAL_XSPI_Abort	24	static
C:/Users/HP/Workspace_STM32H7S_DK/STM32H7_Test/Drivers/STM32H7RSxx_HAL_Driver/Src/stm32h7rsxx_hal_xspi.c:2491:19:HAL_XSPI_Abort_IT	16	static
C:/Users/HP/Workspace_STM32H7S_DK/STM32H7_Test/Drivers/STM32H7RSxx_HAL_Driver/Src/stm32h7rsxx_hal_xspi.c:3056:13:XSPI_DMAError	8	static
C:/Users/HP/Workspace_STM32H7S_DK/STM32H7_Test/Drivers/STM32H7RSxx_HAL_Driver/Src/stm32h7rsxx_hal_xspi.c:2583:19:HAL_XSPI_SetFifoThreshold	0	static
C:/Users/HP/Workspace_STM32H7S_DK/STM32H7_Test/Drivers/STM32H7RSxx_HAL_Driver/Src/stm32h7rsxx_hal_xspi.c:2612:10:HAL_XSPI_GetFifoThreshold	0	static
C:/Users/HP/Workspace_STM32H7S_DK/STM32H7_Test/Drivers/STM32H7RSxx_HAL_Driver/Src/stm32h7rsxx_hal_xspi.c:2622:19:HAL_XSPI_SetMemoryType	0	static
C:/Users/HP/Workspace_STM32H7S_DK/STM32H7_Test/Drivers/STM32H7RSxx_HAL_Driver/Src/stm32h7rsxx_hal_xspi.c:2651:19:HAL_XSPI_SetDeviceSize	0	static
C:/Users/HP/Workspace_STM32H7S_DK/STM32H7_Test/Drivers/STM32H7RSxx_HAL_Driver/Src/stm32h7rsxx_hal_xspi.c:2681:19:HAL_XSPI_SetClockPrescaler	0	static
C:/Users/HP/Workspace_STM32H7S_DK/STM32H7_Test/Drivers/STM32H7RSxx_HAL_Driver/Src/stm32h7rsxx_hal_xspi.c:2710:19:HAL_XSPI_SetTimeout	0	static
C:/Users/HP/Workspace_STM32H7S_DK/STM32H7_Test/Drivers/STM32H7RSxx_HAL_Driver/Src/stm32h7rsxx_hal_xspi.c:2721:10:HAL_XSPI_GetError	0	static
C:/Users/HP/Workspace_STM32H7S_DK/STM32H7_Test/Drivers/STM32H7RSxx_HAL_Driver/Src/stm32h7rsxx_hal_xspi.c:2731:10:HAL_XSPI_GetState	0	static
C:/Users/HP/Workspace_STM32H7S_DK/STM32H7_Test/Drivers/STM32H7RSxx_HAL_Driver/Src/stm32h7rsxx_hal_xspi.c:2763:19:HAL_XSPIM_Config	40	static
C:/Users/HP/Workspace_STM32H7S_DK/STM32H7_Test/Drivers/STM32H7RSxx_HAL_Driver/Src/stm32h7rsxx_hal_xspi.c:2898:19:HAL_XSPI_GetDelayValue	16	static
C:/Users/HP/Workspace_STM32H7S_DK/STM32H7_Test/Drivers/STM32H7RSxx_HAL_Driver/Src/stm32h7rsxx_hal_xspi.c:2950:19:HAL_XSPI_SetDelayValue	8	static
