C:/Users/HP/Workspace_STM32H7S_DK/STM32H7_Test/Appli/TouchGFX/target/TouchGFXGPIO.cpp:47:6:static void touchgfx::GPIO::init()	0	static
C:/Users/HP/Workspace_STM32H7S_DK/STM32H7_Test/Appli/TouchGFX/target/TouchGFXGPIO.cpp:55:6:static void touchgfx::GPIO::set(GPIO_ID)	0	static
C:/Users/HP/Workspace_STM32H7S_DK/STM32H7_Test/Appli/TouchGFX/target/TouchGFXGPIO.cpp:85:6:static void touchgfx::GPIO::clear(GPIO_ID)	0	static
C:/Users/HP/Workspace_STM32H7S_DK/STM32H7_Test/Appli/TouchGFX/target/TouchGFXGPIO.cpp:115:6:static void touchgfx::GPIO::toggle(GPIO_ID)	0	static
C:/Users/HP/Workspace_STM32H7S_DK/STM32H7_Test/Appli/TouchGFX/target/TouchGFXGPIO.cpp:145:6:static bool touchgfx::GPIO::get(GPIO_ID)	8	static
