C:/Users/HP/Workspace_STM32H7S_DK/STM32H7_Test/Middlewares/Third_Party/FreeRTOS/Source/portable/MemMang/heap_4.c:424:13:prvInsertBlockIntoFreeList	8	static
C:/Users/HP/Workspace_STM32H7S_DK/STM32H7_Test/Middlewares/Third_Party/FreeRTOS/Source/portable/MemMang/heap_4.c:138:8:pvPortMalloc	24	static,ignoring_inline_asm
C:/Users/HP/Workspace_STM32H7S_DK/STM32H7_Test/Middlewares/Third_Party/FreeRTOS/Source/portable/MemMang/heap_4.c:289:6:vPortFree	8	static,ignoring_inline_asm
C:/Users/HP/Workspace_STM32H7S_DK/STM32H7_Test/Middlewares/Third_Party/FreeRTOS/Source/portable/MemMang/heap_4.c:342:8:xPortGetFreeHeapSize	0	static
C:/Users/HP/Workspace_STM32H7S_DK/STM32H7_Test/Middlewares/Third_Party/FreeRTOS/Source/portable/MemMang/heap_4.c:348:8:xPortGetMinimumEverFreeHeapSize	0	static
C:/Users/HP/Workspace_STM32H7S_DK/STM32H7_Test/Middlewares/Third_Party/FreeRTOS/Source/portable/MemMang/heap_4.c:354:6:vPortInitialiseBlocks	0	static
C:/Users/HP/Workspace_STM32H7S_DK/STM32H7_Test/Middlewares/Third_Party/FreeRTOS/Source/portable/MemMang/heap_4.c:360:8:pvPortCalloc	16	static
C:/Users/HP/Workspace_STM32H7S_DK/STM32H7_Test/Middlewares/Third_Party/FreeRTOS/Source/portable/MemMang/heap_4.c:487:6:vPortGetHeapStats	24	static
