C:/Users/HP/Workspace_STM32H7S_DK/STM32H7_Test/Middlewares/Third_Party/FreeRTOS/Source/portable/GCC/ARM_CM4F/port.c:269:13:prvPortStartFirstTask	0	static,ignoring_inline_asm
C:/Users/HP/Workspace_STM32H7S_DK/STM32H7_Test/Middlewares/Third_Party/FreeRTOS/Source/portable/GCC/ARM_CM4F/port.c:766:13:vPortEnableVFP	0	static,ignoring_inline_asm
C:/Users/HP/Workspace_STM32H7S_DK/STM32H7_Test/Middlewares/Third_Party/FreeRTOS/Source/portable/GCC/ARM_CM4F/port.c:224:13:prvTaskExitError	8	static,ignoring_inline_asm
C:/Users/HP/Workspace_STM32H7S_DK/STM32H7_Test/Middlewares/Third_Party/FreeRTOS/Source/portable/GCC/ARM_CM4F/port.c:192:15:pxPortInitialiseStack	0	static
C:/Users/HP/Workspace_STM32H7S_DK/STM32H7_Test/Middlewares/Third_Party/FreeRTOS/Source/portable/GCC/ARM_CM4F/port.c:250:6:SVC_Handler	0	static,ignoring_inline_asm
C:/Users/HP/Workspace_STM32H7S_DK/STM32H7_Test/Middlewares/Third_Party/FreeRTOS/Source/portable/GCC/ARM_CM4F/port.c:405:6:vPortEndScheduler	0	static,ignoring_inline_asm
C:/Users/HP/Workspace_STM32H7S_DK/STM32H7_Test/Middlewares/Third_Party/FreeRTOS/Source/portable/GCC/ARM_CM4F/port.c:413:6:vPortEnterCritical	0	static,ignoring_inline_asm
C:/Users/HP/Workspace_STM32H7S_DK/STM32H7_Test/Middlewares/Third_Party/FreeRTOS/Source/portable/GCC/ARM_CM4F/port.c:430:6:vPortExitCritical	0	static,ignoring_inline_asm
C:/Users/HP/Workspace_STM32H7S_DK/STM32H7_Test/Middlewares/Third_Party/FreeRTOS/Source/portable/GCC/ARM_CM4F/port.c:442:6:PendSV_Handler	0	static,ignoring_inline_asm
C:/Users/HP/Workspace_STM32H7S_DK/STM32H7_Test/Middlewares/Third_Party/FreeRTOS/Source/portable/GCC/ARM_CM4F/port.c:499:6:xPortSysTickHandler	8	static,ignoring_inline_asm
C:/Users/HP/Workspace_STM32H7S_DK/STM32H7_Test/Middlewares/Third_Party/FreeRTOS/Source/portable/GCC/ARM_CM4F/port.c:744:32:vPortSetupTimerInterrupt	0	static
C:/Users/HP/Workspace_STM32H7S_DK/STM32H7_Test/Middlewares/Third_Party/FreeRTOS/Source/portable/GCC/ARM_CM4F/port.c:296:12:xPortStartScheduler	24	static,ignoring_inline_asm
C:/Users/HP/Workspace_STM32H7S_DK/STM32H7_Test/Middlewares/Third_Party/FreeRTOS/Source/portable/GCC/ARM_CM4F/port.c:783:10:vPortValidateInterruptPriority	0	static,ignoring_inline_asm
