C:/Users/HP/Workspace_STM32H7S_DK/STM32H7_Test/Middlewares/ST/STM32_ExtMem_Manager/sal/stm32_sal_xspi.c:158:19:SAL_XSPI_SetClock	12	static
C:/Users/HP/Workspace_STM32H7S_DK/STM32H7_Test/Middlewares/ST/STM32_ExtMem_Manager/sal/stm32_sal_xspi.c:205:19:SAL_XSPI_Init	96	static
C:/Users/HP/Workspace_STM32H7S_DK/STM32H7_Test/Middlewares/ST/STM32_ExtMem_Manager/sal/stm32_sal_xspi.c:245:19:SAL_XSPI_MemoryConfig	136	static
C:/Users/HP/Workspace_STM32H7S_DK/STM32H7_Test/Middlewares/ST/STM32_ExtMem_Manager/sal/stm32_sal_xspi.c:403:19:SAL_XSPI_GetSFDP	104	static
C:/Users/HP/Workspace_STM32H7S_DK/STM32H7_Test/Middlewares/ST/STM32_ExtMem_Manager/sal/stm32_sal_xspi.c:448:19:SAL_XSPI_GetId	96	static
C:/Users/HP/Workspace_STM32H7S_DK/STM32H7_Test/Middlewares/ST/STM32_ExtMem_Manager/sal/stm32_sal_xspi.c:829:19:SAL_XSPI_DisableMapMode	0	static,ignoring_inline_asm
C:/Users/HP/Workspace_STM32H7S_DK/STM32H7_Test/Middlewares/ST/STM32_ExtMem_Manager/sal/stm32_sal_xspi.c:836:19:SAL_XSPI_UpdateMemoryType	0	static
C:/Users/HP/Workspace_STM32H7S_DK/STM32H7_Test/Middlewares/ST/STM32_ExtMem_Manager/sal/stm32_sal_xspi.c:879:10:XSPI_FormatCommand	0	static
C:/Users/HP/Workspace_STM32H7S_DK/STM32H7_Test/Middlewares/ST/STM32_ExtMem_Manager/sal/stm32_sal_xspi.c:577:19:SAL_XSPI_CommandSendAddress	96	static
C:/Users/HP/Workspace_STM32H7S_DK/STM32H7_Test/Middlewares/ST/STM32_ExtMem_Manager/sal/stm32_sal_xspi.c:606:19:SAL_XSPI_CommandSendData	104	static
C:/Users/HP/Workspace_STM32H7S_DK/STM32H7_Test/Middlewares/ST/STM32_ExtMem_Manager/sal/stm32_sal_xspi.c:641:19:SAL_XSPI_SendReadCommand	104	static
C:/Users/HP/Workspace_STM32H7S_DK/STM32H7_Test/Middlewares/ST/STM32_ExtMem_Manager/sal/stm32_sal_xspi.c:677:19:SAL_XSPI_CommandSendReadAddress	104	static
C:/Users/HP/Workspace_STM32H7S_DK/STM32H7_Test/Middlewares/ST/STM32_ExtMem_Manager/sal/stm32_sal_xspi.c:708:19:SAL_XSPI_CheckStatusRegister	120	static
C:/Users/HP/Workspace_STM32H7S_DK/STM32H7_Test/Middlewares/ST/STM32_ExtMem_Manager/sal/stm32_sal_xspi.c:759:19:SAL_XSPI_ConfigureWrappMode	96	static
C:/Users/HP/Workspace_STM32H7S_DK/STM32H7_Test/Middlewares/ST/STM32_ExtMem_Manager/sal/stm32_sal_xspi.c:785:19:SAL_XSPI_EnableMapMode	112	static
C:/Users/HP/Workspace_STM32H7S_DK/STM32H7_Test/Middlewares/ST/STM32_ExtMem_Manager/sal/stm32_sal_xspi.c:906:19:XSPI_Transmit	0	static
C:/Users/HP/Workspace_STM32H7S_DK/STM32H7_Test/Middlewares/ST/STM32_ExtMem_Manager/sal/stm32_sal_xspi.c:545:19:SAL_XSPI_Write	104	static
C:/Users/HP/Workspace_STM32H7S_DK/STM32H7_Test/Middlewares/ST/STM32_ExtMem_Manager/sal/stm32_sal_xspi.c:948:19:XSPI_Receive	0	static
C:/Users/HP/Workspace_STM32H7S_DK/STM32H7_Test/Middlewares/ST/STM32_ExtMem_Manager/sal/stm32_sal_xspi.c:491:19:SAL_XSPI_Read	104	static
