C:/Users/HP/Workspace_STM32H7S_DK/STM32H7_Test/Middlewares/ST/STM32_ExtMem_Manager/stm32_extmem.c:121:22:EXTMEM_Init	8	static
C:/Users/HP/Workspace_STM32H7S_DK/STM32H7_Test/Middlewares/ST/STM32_ExtMem_Manager/stm32_extmem.c:203:22:EXTMEM_DeInit	8	static
C:/Users/HP/Workspace_STM32H7S_DK/STM32H7_Test/Middlewares/ST/STM32_ExtMem_Manager/stm32_extmem.c:266:22:EXTMEM_Read	16	static
C:/Users/HP/Workspace_STM32H7S_DK/STM32H7_Test/Middlewares/ST/STM32_ExtMem_Manager/stm32_extmem.c:332:22:EXTMEM_Write	16	static
C:/Users/HP/Workspace_STM32H7S_DK/STM32H7_Test/Middlewares/ST/STM32_ExtMem_Manager/stm32_extmem.c:398:22:EXTMEM_WriteInMappedMode	16	static
C:/Users/HP/Workspace_STM32H7S_DK/STM32H7_Test/Middlewares/ST/STM32_ExtMem_Manager/stm32_extmem.c:434:22:EXTMEM_EraseSector	24	static
C:/Users/HP/Workspace_STM32H7S_DK/STM32H7_Test/Middlewares/ST/STM32_ExtMem_Manager/stm32_extmem.c:567:22:EXTMEM_EraseAll	8	static
C:/Users/HP/Workspace_STM32H7S_DK/STM32H7_Test/Middlewares/ST/STM32_ExtMem_Manager/stm32_extmem.c:626:22:EXTMEM_GetInfo	8	static
C:/Users/HP/Workspace_STM32H7S_DK/STM32H7_Test/Middlewares/ST/STM32_ExtMem_Manager/stm32_extmem.c:673:22:EXTMEM_MemoryMappedMode	8	static
C:/Users/HP/Workspace_STM32H7S_DK/STM32H7_Test/Middlewares/ST/STM32_ExtMem_Manager/stm32_extmem.c:767:22:EXTMEM_GetMapAddress	0	static
